Component: ARM Compiler 5.06 update 6 (build 750) Tool: armlink [4d35ed]

==============================================================================

Section Cross References

    startup_stm32f407xx.o(RESET) refers to startup_stm32f407xx.o(STACK) for __initial_sp
    startup_stm32f407xx.o(RESET) refers to startup_stm32f407xx.o(.text) for Reset_Handler
    startup_stm32f407xx.o(RESET) refers to stm32f4xx_it.o(i.NMI_Handler) for NMI_Handler
    startup_stm32f407xx.o(RESET) refers to stm32f4xx_it.o(i.HardFault_Handler) for HardFault_Handler
    startup_stm32f407xx.o(RESET) refers to stm32f4xx_it.o(i.MemManage_Handler) for MemManage_Handler
    startup_stm32f407xx.o(RESET) refers to stm32f4xx_it.o(i.BusFault_Handler) for BusFault_Handler
    startup_stm32f407xx.o(RESET) refers to stm32f4xx_it.o(i.UsageFault_Handler) for UsageFault_Handler
    startup_stm32f407xx.o(RESET) refers to stm32f4xx_it.o(i.SVC_Handler) for SVC_Handler
    startup_stm32f407xx.o(RESET) refers to stm32f4xx_it.o(i.DebugMon_Handler) for DebugMon_Handler
    startup_stm32f407xx.o(RESET) refers to stm32f4xx_it.o(i.PendSV_Handler) for PendSV_Handler
    startup_stm32f407xx.o(RESET) refers to stm32f4xx_it.o(i.SysTick_Handler) for SysTick_Handler
    startup_stm32f407xx.o(RESET) refers to stm32f4xx_it.o(i.DMA2_Stream0_IRQHandler) for DMA2_Stream0_IRQHandler
    startup_stm32f407xx.o(RESET) refers to stm32f4xx_it.o(i.OTG_FS_IRQHandler) for OTG_FS_IRQHandler
    startup_stm32f407xx.o(.text) refers to system_stm32f4xx.o(i.SystemInit) for SystemInit
    startup_stm32f407xx.o(.text) refers to entry.o(.ARM.Collect$$$$00000000) for __main
    nokia5110_lcd.o(i.LCD_clrScr) refers to nokia5110_lcd.o(i.LCD_write) for LCD_write
    nokia5110_lcd.o(i.LCD_clrScr) refers to nokia5110_lcd.o(.bss) for .bss
    nokia5110_lcd.o(i.LCD_drawHLine) refers to nokia5110_lcd.o(.bss) for .bss
    nokia5110_lcd.o(i.LCD_drawLine) refers to nokia5110_lcd.o(i.LCD_drawHLine) for LCD_drawHLine
    nokia5110_lcd.o(i.LCD_drawLine) refers to dflti.o(.text) for __aeabi_i2d
    nokia5110_lcd.o(i.LCD_drawLine) refers to ddiv.o(.text) for __aeabi_ddiv
    nokia5110_lcd.o(i.LCD_drawLine) refers to dadd.o(.text) for __aeabi_dadd
    nokia5110_lcd.o(i.LCD_drawLine) refers to dfixi.o(.text) for __aeabi_d2iz
    nokia5110_lcd.o(i.LCD_drawLine) refers to nokia5110_lcd.o(i.LCD_setPixel) for LCD_setPixel
    nokia5110_lcd.o(i.LCD_drawLine) refers to f2d.o(.text) for __aeabi_f2d
    nokia5110_lcd.o(i.LCD_drawRectangle) refers to nokia5110_lcd.o(i.LCD_drawLine) for LCD_drawLine
    nokia5110_lcd.o(i.LCD_drawVLine) refers to nokia5110_lcd.o(i.LCD_setPixel) for LCD_setPixel
    nokia5110_lcd.o(i.LCD_goXY) refers to nokia5110_lcd.o(i.LCD_write) for LCD_write
    nokia5110_lcd.o(i.LCD_init) refers to stm32f4xx_hal_gpio.o(i.HAL_GPIO_WritePin) for HAL_GPIO_WritePin
    nokia5110_lcd.o(i.LCD_init) refers to nokia5110_lcd.o(i.LCD_write) for LCD_write
    nokia5110_lcd.o(i.LCD_init) refers to nokia5110_lcd.o(i.LCD_clrScr) for LCD_clrScr
    nokia5110_lcd.o(i.LCD_init) refers to nokia5110_lcd.o(.bss) for .bss
    nokia5110_lcd.o(i.LCD_invert) refers to nokia5110_lcd.o(i.LCD_write) for LCD_write
    nokia5110_lcd.o(i.LCD_invertText) refers to nokia5110_lcd.o(.bss) for .bss
    nokia5110_lcd.o(i.LCD_print) refers to nokia5110_lcd.o(i.LCD_goXY) for LCD_goXY
    nokia5110_lcd.o(i.LCD_print) refers to nokia5110_lcd.o(i.LCD_putChar) for LCD_putChar
    nokia5110_lcd.o(i.LCD_putChar) refers to nokia5110_lcd.o(i.LCD_write) for LCD_write
    nokia5110_lcd.o(i.LCD_putChar) refers to nokia5110_lcd.o(.bss) for .bss
    nokia5110_lcd.o(i.LCD_putChar) refers to nokia5110_lcd.o(.constdata) for .constdata
    nokia5110_lcd.o(i.LCD_refreshArea) refers to nokia5110_lcd.o(i.LCD_write) for LCD_write
    nokia5110_lcd.o(i.LCD_refreshArea) refers to nokia5110_lcd.o(.bss) for .bss
    nokia5110_lcd.o(i.LCD_refreshScr) refers to nokia5110_lcd.o(i.LCD_goXY) for LCD_goXY
    nokia5110_lcd.o(i.LCD_refreshScr) refers to nokia5110_lcd.o(i.LCD_write) for LCD_write
    nokia5110_lcd.o(i.LCD_refreshScr) refers to nokia5110_lcd.o(.bss) for .bss
    nokia5110_lcd.o(i.LCD_send) refers to stm32f4xx_hal_gpio.o(i.HAL_GPIO_WritePin) for HAL_GPIO_WritePin
    nokia5110_lcd.o(i.LCD_send) refers to nokia5110_lcd.o(.bss) for .bss
    nokia5110_lcd.o(i.LCD_setCE) refers to nokia5110_lcd.o(.bss) for .bss
    nokia5110_lcd.o(i.LCD_setCLK) refers to nokia5110_lcd.o(.bss) for .bss
    nokia5110_lcd.o(i.LCD_setDC) refers to nokia5110_lcd.o(.bss) for .bss
    nokia5110_lcd.o(i.LCD_setDIN) refers to nokia5110_lcd.o(.bss) for .bss
    nokia5110_lcd.o(i.LCD_setPixel) refers to nokia5110_lcd.o(.bss) for .bss
    nokia5110_lcd.o(i.LCD_setRST) refers to nokia5110_lcd.o(.bss) for .bss
    nokia5110_lcd.o(i.LCD_write) refers to stm32f4xx_hal_gpio.o(i.HAL_GPIO_WritePin) for HAL_GPIO_WritePin
    nokia5110_lcd.o(i.LCD_write) refers to nokia5110_lcd.o(i.LCD_send) for LCD_send
    nokia5110_lcd.o(i.LCD_write) refers to nokia5110_lcd.o(.bss) for .bss
[...]
    i.HAL_Delay                              0x08000aa4   Section        0  stm32f4xx_hal.o(i.HAL_Delay)
    i.HAL_GPIO_Init                          0x08000ac8   Section        0  stm32f4xx_hal_gpio.o(i.HAL_GPIO_Init)
    i.HAL_GPIO_WritePin                      0x08000c80   Section        0  stm32f4xx_hal_gpio.o(i.HAL_GPIO_WritePin)
    i.HAL_GetTick                            0x08000c8c   Section        0  stm32f4xx_hal.o(i.HAL_GetTick)
    i.HAL_HCD_Connect_Callback               0x08000c98   Section        0  usbh_conf.o(i.HAL_HCD_Connect_Callback)
    i.HAL_HCD_Disconnect_Callback            0x08000ca0   Section        0  usbh_conf.o(i.HAL_HCD_Disconnect_Callback)
    i.HAL_HCD_GetCurrentFrame                0x08000ca8   Section        0  stm32f4xx_hal_hcd.o(i.HAL_HCD_GetCurrentFrame)
    i.HAL_HCD_GetCurrentSpeed                0x08000cae   Section        0  stm32f4xx_hal_hcd.o(i.HAL_HCD_GetCurrentSpeed)
    i.HAL_HCD_HC_GetURBState                 0x08000cb4   Section        0  stm32f4xx_hal_hcd.o(i.HAL_HCD_HC_GetURBState)
    i.HAL_HCD_HC_GetXferCount                0x08000cc2   Section        0  stm32f4xx_hal_hcd.o(i.HAL_HCD_HC_GetXferCount)
    i.HAL_HCD_HC_Halt                        0x08000cce   Section        0  stm32f4xx_hal_hcd.o(i.HAL_HCD_HC_Halt)
    i.HAL_HCD_HC_Init                        0x08000cf2   Section        0  stm32f4xx_hal_hcd.o(i.HAL_HCD_HC_Init)
    i.HAL_HCD_HC_NotifyURBChange_Callback    0x08000d64   Section        0  usbh_conf.o(i.HAL_HCD_HC_NotifyURBChange_Callback)
    i.HAL_HCD_HC_SubmitRequest               0x08000d66   Section        0  stm32f4xx_hal_hcd.o(i.HAL_HCD_HC_SubmitRequest)
    i.HAL_HCD_IRQHandler                     0x08000df4   Section        0  stm32f4xx_hal_hcd.o(i.HAL_HCD_IRQHandler)
    i.HAL_HCD_Init                           0x08000f26   Section        0  stm32f4xx_hal_hcd.o(i.HAL_HCD_Init)
    i.HAL_HCD_MspInit                        0x08000f98   Section        0  usbh_conf.o(i.HAL_HCD_MspInit)
    i.HAL_HCD_PortDisabled_Callback          0x08001030   Section        0  usbh_conf.o(i.HAL_HCD_PortDisabled_Callback)
    i.HAL_HCD_PortEnabled_Callback           0x08001038   Section        0  usbh_conf.o(i.HAL_HCD_PortEnabled_Callback)
    i.HAL_HCD_ResetPort                      0x08001040   Section        0  stm32f4xx_hal_hcd.o(i.HAL_HCD_ResetPort)
    i.HAL_HCD_SOF_Callback                   0x08001046   Section        0  usbh_conf.o(i.HAL_HCD_SOF_Callback)
    i.HAL_HCD_Start                          0x0800104e   Section        0  stm32f4xx_hal_hcd.o(i.HAL_HCD_Start)
    i.HAL_HCD_Stop                           0x0800107a   Section        0  stm32f4xx_hal_hcd.o(i.HAL_HCD_Stop)
    i.HAL_I2C_Init                           0x080010a0   Section        0  stm32f4xx_hal_i2c.o(i.HAL_I2C_Init)
    i.HAL_I2C_MspInit                        0x08001228   Section        0  stm32f4xx_hal_msp.o(i.HAL_I2C_MspInit)
    i.HAL_I2SEx_FullDuplex_IRQHandler        0x08001294   Section        0  stm32f4xx_hal_i2s_ex.o(i.HAL_I2SEx_FullDuplex_IRQHandler)
    i.HAL_I2SEx_TxRxCpltCallback             0x08001488   Section        0  stm32f4xx_hal_i2s_ex.o(i.HAL_I2SEx_TxRxCpltCallback)
    i.HAL_I2S_ErrorCallback                  0x0800148a   Section        0  stm32f4xx_hal_i2s.o(i.HAL_I2S_ErrorCallback)
    i.HAL_I2S_Init                           0x0800148c   Section        0  stm32f4xx_hal_i2s.o(i.HAL_I2S_Init)
    i.HAL_I2S_MspInit                        0x08001600   Section        0  stm32f4xx_hal_msp.o(i.HAL_I2S_MspInit)
    i.HAL_I2S_RxCpltCallback                 0x08001690   Section        0  stm32f4xx_hal_i2s.o(i.HAL_I2S_RxCpltCallback)
    i.HAL_I2S_TxCpltCallback                 0x08001692   Section        0  stm32f4xx_hal_i2s.o(i.HAL_I2S_TxCpltCallback)
    i.HAL_IncTick                            0x08001694   Section        0  stm32f4xx_hal.o(i.HAL_IncTick)
    i.HAL_Init                               0x080016a4   Section        0  stm32f4xx_hal.o(i.HAL_Init)
    i.HAL_InitTick                           0x080016d8   Section        0  stm32f4xx_hal.o(i.HAL_InitTick)
    i.HAL_MspInit                            0x08001718   Section        0  stm32f4xx_hal_msp.o(i.HAL_MspInit)
    i.HAL_NVIC_EnableIRQ                     0x08001748   Section        0  stm32f4xx_hal_cortex.o(i.HAL_NVIC_EnableIRQ)
    i.HAL_NVIC_SetPriority                   0x08001764   Section        0  stm32f4xx_hal_cortex.o(i.HAL_NVIC_SetPriority)
    i.HAL_NVIC_SetPriorityGrouping           0x080017a4   Section        0  stm32f4xx_hal_cortex.o(i.HAL_NVIC_SetPriorityGrouping)
    i.HAL_RCCEx_GetPeriphCLKFreq             0x080017c8   Section        0  stm32f4xx_hal_rcc_ex.o(i.HAL_RCCEx_GetPeriphCLKFreq)
    i.HAL_RCCEx_PeriphCLKConfig              0x08001824   Section        0  stm32f4xx_hal_rcc_ex.o(i.HAL_RCCEx_PeriphCLKConfig)
    i.HAL_RCC_ClockConfig                    0x08001960   Section        0  stm32f4xx_hal_rcc.o(i.HAL_RCC_ClockConfig)
    i.HAL_RCC_GetPCLK1Freq                   0x08001a94   Section        0  stm32f4xx_hal_rcc.o(i.HAL_RCC_GetPCLK1Freq)
    i.HAL_RCC_GetSysClockFreq                0x08001ab4   Section        0  stm32f4xx_hal_rcc.o(i.HAL_RCC_GetSysClockFreq)
    i.HAL_RCC_OscConfig                      0x08001b14   Section        0  stm32f4xx_hal_rcc.o(i.HAL_RCC_OscConfig)
    i.HAL_SPI_Init                           0x08001e70   Section        0  stm32f4xx_hal_spi.o(i.HAL_SPI_Init)
    i.HAL_SPI_MspInit                        0x08001ef0   Section        0  stm32f4xx_hal_msp.o(i.HAL_SPI_MspInit)
    i.HAL_SYSTICK_Config                     0x08001f58   Section        0  stm32f4xx_hal_cortex.o(i.HAL_SYSTICK_Config)
    i.HCD_HC_IN_IRQHandler                   0x08001f80   Section        0  stm32f4xx_hal_hcd.o(i.HCD_HC_IN_IRQHandler)
    HCD_HC_IN_IRQHandler                     0x08001f81   Thumb Code   556  stm32f4xx_hal_hcd.o(i.HCD_HC_IN_IRQHandler)
    i.HCD_HC_OUT_IRQHandler                  0x080021ac   Section        0  stm32f4xx_hal_hcd.o(i.HCD_HC_OUT_IRQHandler)
    HCD_HC_OUT_IRQHandler                    0x080021ad   Thumb Code   580  stm32f4xx_hal_hcd.o(i.HCD_HC_OUT_IRQHandler)
    i.HCD_Port_IRQHandler                    0x080023f0   Section        0  stm32f4xx_hal_hcd.o(i.HCD_Port_IRQHandler)
    HCD_Port_IRQHandler                      0x080023f1   Thumb Code   184  stm32f4xx_hal_hcd.o(i.HCD_Port_IRQHandler)
    i.HCD_RXQLVL_IRQHandler                  0x080024a8   Section        0  stm32f4xx_hal_hcd.o(i.HCD_RXQLVL_IRQHandler)
    HCD_RXQLVL_IRQHandler                    0x080024a9   Thumb Code   108  stm32f4xx_hal_hcd.o(i.HCD_RXQLVL_IRQHandler)
    i.HardFault_Handler                      0x08002518   Section        0  stm32f4xx_it.o(i.HardFault_Handler)
    i.I2SEx_RxISR_I2SExt                     0x0800251c   Section        0  stm32f4xx_hal_i2s_ex.o(i.I2SEx_RxISR_I2SExt)
    I2SEx_RxISR_I2SExt                       0x0800251d   Thumb Code    88  stm32f4xx_hal_i2s_ex.o(i.I2SEx_RxISR_I2SExt)
    i.I2SEx_TxISR_I2SExt                     0x0800257c   Section        0  stm32f4xx_hal_i2s_ex.o(i.I2SEx_TxISR_I2SExt)
    I2SEx_TxISR_I2SExt                       0x0800257d   Thumb Code    88  stm32f4xx_hal_i2s_ex.o(i.I2SEx_TxISR_I2SExt)
    i.I2S_IRQHandler                         0x080025dc   Section        0  stm32f4xx_hal_i2s.o(i.I2S_IRQHandler)
    I2S_IRQHandler                           0x080025dd   Thumb Code   242  stm32f4xx_hal_i2s.o(i.I2S_IRQHandler)
    i.LCD_clrScr                             0x080026d0   Section        0  nokia5110_lcd.o(i.LCD_clrScr)
    i.LCD_drawHLine                          0x080026f8   Section        0  nokia5110_lcd.o(i.LCD_drawHLine)
    i.LCD_drawVLine                          0x08002740   Section        0  nokia5110_lcd.o(i.LCD_drawVLine)
    i.LCD_goXY                               0x0800276c   Section        0  nokia5110_lcd.o(i.LCD_goXY)
    i.LCD_init                               0x08002788   Section        0  nokia5110_lcd.o(i.LCD_init)
    i.LCD_print                              0x080027e4   Section        0  nokia5110_lcd.o(i.LCD_print)
    i.LCD_putChar                            0x08002804   Section        0  nokia5110_lcd.o(i.LCD_putChar)
    i.LCD_refreshArea                        0x08002840   Section        0  nokia5110_lcd.o(i.LCD_refreshArea)
    i.LCD_refreshScr                         0x0800289c   Section        0  nokia5110_lcd.o(i.LCD_refreshScr)
    i.LCD_send                               0x080028d8   Section        0  nokia5110_lcd.o(i.LCD_send)
    i.LCD_setCE                              0x08002924   Section        0  nokia5110_lcd.o(i.LCD_setCE)
    i.LCD_setCLK                             0x08002930   Section        0  nokia5110_lcd.o(i.LCD_setCLK)
    i.LCD_setDC                              0x0800293c   Section        0  nokia5110_lcd.o(i.LCD_setDC)
    i.LCD_setDIN                             0x08002948   Section        0  nokia5110_lcd.o(i.LCD_setDIN)
    i.LCD_setPixel                           0x08002954   Section        0  nokia5110_lcd.o(i.LCD_setPixel)
    i.LCD_setRST                             0x08002994   Section        0  nokia5110_lcd.o(i.LCD_setRST)
    i.LCD_write                              0x080029a0   Section        0  nokia5110_lcd.o(i.LCD_write)
    i.MX_ADC1_Init                           0x080029d8   Section        0  main.o(i.MX_ADC1_Init)
    MX_ADC1_Init                             0x080029d9   Thumb Code   110  main.o(i.MX_ADC1_Init)
    i.MX_DriverVbusFS                        0x08002a54   Section        0  usbh_platform.o(i.MX_DriverVbusFS)
    i.MX_GPIO_Init                           0x08002a68   Section        0  main.o(i.MX_GPIO_Init)
    MX_GPIO_Init                             0x08002a69   Thumb Code   330  main.o(i.MX_GPIO_Init)
    i.MX_I2C1_Init                           0x08002bd0   Section        0  main.o(i.MX_I2C1_Init)
    MX_I2C1_Init                             0x08002bd1   Thumb Code    50  main.o(i.MX_I2C1_Init)
    i.MX_I2S3_Init                           0x08002c10   Section        0  main.o(i.MX_I2S3_Init)
    MX_I2S3_Init                             0x08002c11   Thumb Code    48  main.o(i.MX_I2S3_Init)
    i.MX_SPI1_Init                           0x08002c4c   Section        0  main.o(i.MX_SPI1_Init)
    MX_SPI1_Init                             0x08002c4d   Thumb Code    62  main.o(i.MX_SPI1_Init)
    i.MX_USB_HOST_Init                       0x08002c94   Section        0  usb_host.o(i.MX_USB_HOST_Init)
    i.MX_USB_HOST_Process                    0x08002cd4   Section        0  usb_host.o(i.MX_USB_HOST_Process)
    i.MemManage_Handler                      0x08002ce0   Section        0  stm32f4xx_it.o(i.MemManage_Handler)
    i.NMI_Handler                            0x08002ce2   Section        0  stm32f4xx_it.o(i.NMI_Handler)
    i.OTG_FS_IRQHandler                      0x08002ce4   Section        0  stm32f4xx_it.o(i.OTG_FS_IRQHandler)
    i.PendSV_Handler                         0x08002cf0   Section        0  stm32f4xx_it.o(i.PendSV_Handler)
    i.SVC_Handler                            0x08002cf2   Section        0  stm32f4xx_it.o(i.SVC_Handler)
    i.SysTick_Handler                        0x08002cf4   Section        0  stm32f4xx_it.o(i.SysTick_Handler)
    i.SystemClock_Config                     0x08002cf8   Section        0  main.o(i.SystemClock_Config)
    i.SystemInit                             0x08002dac   Section        0  system_stm32f4xx.o(i.SystemInit)
    i.USBH_AllocPipe                         0x08002dc8   Section        0  usbh_pipes.o(i.USBH_AllocPipe)
    i.USBH_BulkReceiveData                   0x08002dfc   Section        0  usbh_ioreq.o(i.USBH_BulkReceiveData)
    i.USBH_BulkSendData                      0x08002e1c   Section        0  usbh_ioreq.o(i.USBH_BulkSendData)
    i.USBH_CDC_ClassRequest                  0x08002e44   Section        0  usbh_cdc.o(i.USBH_CDC_ClassRequest)
    USBH_CDC_ClassRequest                    0x08002e45   Thumb Code    36  usbh_cdc.o(i.USBH_CDC_ClassRequest)
    i.USBH_CDC_InterfaceDeInit               0x08002e68   Section        0  usbh_cdc.o(i.USBH_CDC_InterfaceDeInit)
    USBH_CDC_InterfaceDeInit                 0x08002e69   Thumb Code    94  usbh_cdc.o(i.USBH_CDC_InterfaceDeInit)
    i.USBH_CDC_InterfaceInit                 0x08002ec6   Section        0  usbh_cdc.o(i.USBH_CDC_InterfaceInit)
    USBH_CDC_InterfaceInit                   0x08002ec7   Thumb Code   308  usbh_cdc.o(i.USBH_CDC_InterfaceInit)
    i.USBH_CDC_LineCodingChanged             0x08002ffa   Section        0  usbh_cdc.o(i.USBH_CDC_LineCodingChanged)
    i.USBH_CDC_Process                       0x08002ffc   Section        0  usbh_cdc.o(i.USBH_CDC_Process)
    USBH_CDC_Process                         0x08002ffd   Thumb Code   184  usbh_cdc.o(i.USBH_CDC_Process)
    i.USBH_CDC_ReceiveCallback               0x080030b4   Section        0  usbh_cdc.o(i.USBH_CDC_ReceiveCallback)
    i.USBH_CDC_SOFProcess                    0x080030b6   Section        0  usbh_cdc.o(i.USBH_CDC_SOFProcess)
    USBH_CDC_SOFProcess                      0x080030b7   Thumb Code     4  usbh_cdc.o(i.USBH_CDC_SOFProcess)
    i.USBH_CDC_TransmitCallback              0x080030ba   Section        0  usbh_cdc.o(i.USBH_CDC_TransmitCallback)
    i.USBH_ClosePipe                         0x080030bc   Section        0  usbh_pipes.o(i.USBH_ClosePipe)
    i.USBH_ClrFeature                        0x080030c6   Section        0  usbh_ctlreq.o(i.USBH_ClrFeature)
    i.USBH_CtlReceiveData                    0x080030e4   Section        0  usbh_ioreq.o(i.USBH_CtlReceiveData)
    i.USBH_CtlReq                            0x08003102   Section        0  usbh_ctlreq.o(i.USBH_CtlReq)
    i.USBH_CtlSendData                       0x0800313c   Section        0  usbh_ioreq.o(i.USBH_CtlSendData)
    i.USBH_CtlSendSetup                      0x08003164   Section        0  usbh_ioreq.o(i.USBH_CtlSendSetup)
    i.USBH_Delay                             0x08003182   Section        0  usbh_conf.o(i.USBH_Delay)
    i.USBH_FindInterface                     0x08003188   Section        0  usbh_core.o(i.USBH_FindInterface)
    i.USBH_FreePipe                          0x080031cc   Section        0  usbh_pipes.o(i.USBH_FreePipe)
    i.USBH_GetDescriptor                     0x080031e4   Section        0  usbh_ctlreq.o(i.USBH_GetDescriptor)
    i.USBH_GetNextDesc                       0x08003218   Section        0  usbh_ctlreq.o(i.USBH_GetNextDesc)
    i.USBH_Get_CfgDesc                       0x08003226   Section        0  usbh_ctlreq.o(i.USBH_Get_CfgDesc)
    i.USBH_Get_DevDesc                       0x08003252   Section        0  usbh_ctlreq.o(i.USBH_Get_DevDesc)
    i.USBH_Get_StringDesc                    0x080032e2   Section        0  usbh_ctlreq.o(i.USBH_Get_StringDesc)
    i.USBH_Get_USB_Status                    0x0800332a   Section        0  usbh_conf.o(i.USBH_Get_USB_Status)
    i.USBH_HandleControl                     0x08003342   Section        0  usbh_ctlreq.o(i.USBH_HandleControl)
    USBH_HandleControl                       0x08003343   Thumb Code   394  usbh_ctlreq.o(i.USBH_HandleControl)
    i.USBH_HandleEnum                        0x080034cc   Section        0  usbh_core.o(i.USBH_HandleEnum)
    USBH_HandleEnum                          0x080034cd   Thumb Code   242  usbh_core.o(i.USBH_HandleEnum)
    i.USBH_Init                              0x080035be   Section        0  usbh_core.o(i.USBH_Init)
    i.USBH_LL_ClosePipe                      0x080035ee   Section        0  usbh_conf.o(i.USBH_LL_ClosePipe)
    i.USBH_LL_Connect                        0x08003600   Section        0  usbh_core.o(i.USBH_LL_Connect)
    i.USBH_LL_Disconnect                     0x0800362a   Section        0  usbh_core.o(i.USBH_LL_Disconnect)
    i.USBH_LL_DriverVBUS                     0x08003662   Section        0  usbh_conf.o(i.USBH_LL_DriverVBUS)
    i.USBH_LL_GetLastXferSize                0x0800367c   Section        0  usbh_conf.o(i.USBH_LL_GetLastXferSize)
    i.USBH_LL_GetSpeed                       0x08003684   Section        0  usbh_conf.o(i.USBH_LL_GetSpeed)
    i.USBH_LL_GetURBState                    0x080036a6   Section        0  usbh_conf.o(i.USBH_LL_GetURBState)
    i.USBH_LL_IncTimer                       0x080036ae   Section        0  usbh_core.o(i.USBH_LL_IncTimer)
    i.USBH_LL_Init                           0x080036cc   Section        0  usbh_conf.o(i.USBH_LL_Init)
    i.USBH_LL_OpenPipe                       0x0800371c   Section        0  usbh_conf.o(i.USBH_LL_OpenPipe)
    i.USBH_LL_PortDisabled                   0x08003738   Section        0  usbh_core.o(i.USBH_LL_PortDisabled)
    i.USBH_LL_PortEnabled                    0x08003740   Section        0  usbh_core.o(i.USBH_LL_PortEnabled)
    i.USBH_LL_ResetPort                      0x08003748   Section        0  usbh_conf.o(i.USBH_LL_ResetPort)
    i.USBH_LL_SetTimer                       0x0800375a   Section        0  usbh_core.o(i.USBH_LL_SetTimer)
    i.USBH_LL_SetToggle                      0x08003760   Section        0  usbh_conf.o(i.USBH_LL_SetToggle)
    i.USBH_LL_Start                          0x08003780   Section        0  usbh_conf.o(i.USBH_LL_Start)
    i.USBH_LL_Stop                           0x08003792   Section        0  usbh_conf.o(i.USBH_LL_Stop)
    i.USBH_LL_SubmitURB                      0x080037a4   Section        0  usbh_conf.o(i.USBH_LL_SubmitURB)
    i.USBH_OpenPipe                          0x080037c6   Section        0  usbh_pipes.o(i.USBH_OpenPipe)
    i.USBH_ParseCfgDesc                      0x080037da   Section        0  usbh_ctlreq.o(i.USBH_ParseCfgDesc)
    USBH_ParseCfgDesc                        0x080037db   Thumb Code   220  usbh_ctlreq.o(i.USBH_ParseCfgDesc)
    i.USBH_Process                           0x080038b6   Section        0  usbh_core.o(i.USBH_Process)
    i.USBH_RegisterClass                     0x08003a56   Section        0  usbh_core.o(i.USBH_RegisterClass)
    i.USBH_SelectInterface                   0x08003a72   Section        0  usbh_core.o(i.USBH_SelectInterface)
    i.USBH_SetAddress                        0x08003a88   Section        0  usbh_ctlreq.o(i.USBH_SetAddress)
    i.USBH_SetCfg                            0x08003aa4   Section        0  usbh_ctlreq.o(i.USBH_SetCfg)
    i.USBH_SetFeature                        0x08003ac0   Section        0  usbh_ctlreq.o(i.USBH_SetFeature)
    i.USBH_Start                             0x08003adc   Section        0  usbh_core.o(i.USBH_Start)
    i.USBH_UserProcess                       0x08003af0   Section        0  usb_host.o(i.USBH_UserProcess)
    USBH_UserProcess                         0x08003af1   Thumb Code    28  usb_host.o(i.USBH_UserProcess)
    i.USB_CoreInit                           0x08003b10   Section        0  stm32f4xx_ll_usb.o(i.USB_CoreInit)
    i.USB_CoreReset                          0x08003b84   Section        0  stm32f4xx_ll_usb.o(i.USB_CoreReset)
    USB_CoreReset                            0x08003b85   Thumb Code    50  stm32f4xx_ll_usb.o(i.USB_CoreReset)
    i.USB_DisableGlobalInt                   0x08003bbc   Section        0  stm32f4xx_ll_usb.o(i.USB_DisableGlobalInt)
    i.USB_DoPing                             0x08003bc8   Section        0  stm32f4xx_ll_usb.o(i.USB_DoPing)
    i.USB_DriveVbus                          0x08003bec   Section        0  stm32f4xx_ll_usb.o(i.USB_DriveVbus)
    i.USB_EnableGlobalInt                    0x08003c18   Section        0  stm32f4xx_ll_usb.o(i.USB_EnableGlobalInt)
    i.USB_FlushRxFifo                        0x08003c24   Section        0  stm32f4xx_ll_usb.o(i.USB_FlushRxFifo)
    i.USB_FlushTxFifo                        0x08003c44   Section        0  stm32f4xx_ll_usb.o(i.USB_FlushTxFifo)
    i.USB_GetCurrentFrame                    0x08003c68   Section        0  stm32f4xx_ll_usb.o(i.USB_GetCurrentFrame)
    i.USB_GetHostSpeed                       0x08003c70   Section        0  stm32f4xx_ll_usb.o(i.USB_GetHostSpeed)
    i.USB_GetMode                            0x08003c7e   Section        0  stm32f4xx_ll_usb.o(i.USB_GetMode)
    i.USB_HC_Halt                            0x08003c86   Section        0  stm32f4xx_ll_usb.o(i.USB_HC_Halt)
    i.USB_HC_Init                            0x08003d48   Section        0  stm32f4xx_ll_usb.o(i.USB_HC_Init)
    i.USB_HC_ReadInterrupt                   0x08003e38   Section        0  stm32f4xx_ll_usb.o(i.USB_HC_ReadInterrupt)
    i.USB_HC_StartXfer                       0x08003e40   Section        0  stm32f4xx_ll_usb.o(i.USB_HC_StartXfer)
    i.USB_HostInit                           0x08003f90   Section        0  stm32f4xx_ll_usb.o(i.USB_HostInit)
    i.USB_InitFSLSPClkSel                    0x08004068   Section        0  stm32f4xx_ll_usb.o(i.USB_InitFSLSPClkSel)
    i.USB_ReadInterrupts                     0x0800409e   Section        0  stm32f4xx_ll_usb.o(i.USB_ReadInterrupts)
    i.USB_ReadPacket                         0x080040a6   Section        0  stm32f4xx_ll_usb.o(i.USB_ReadPacket)
    i.USB_ResetPort                          0x080040c2   Section        0  stm32f4xx_ll_usb.o(i.USB_ResetPort)
    i.USB_SetCurrentMode                     0x080040f4   Section        0  stm32f4xx_ll_usb.o(i.USB_SetCurrentMode)
    i.USB_StopHost                           0x08004124   Section        0  stm32f4xx_ll_usb.o(i.USB_StopHost)
    i.USB_WritePacket                        0x080041a2   Section        0  stm32f4xx_ll_usb.o(i.USB_WritePacket)
    i.UsageFault_Handler                     0x080041c6   Section        0  stm32f4xx_it.o(i.UsageFault_Handler)
    i.__0sprintf$1                           0x080041c8   Section        0  printf1.o(i.__0sprintf$1)
    i.__NVIC_SetPriority                     0x080041f0   Section        0  stm32f4xx_hal_cortex.o(i.__NVIC_SetPriority)
    __NVIC_SetPriority                       0x080041f1   Thumb Code    32  stm32f4xx_hal_cortex.o(i.__NVIC_SetPriority)
    i.__scatterload_copy                     0x08004210   Section       14  handlers.o(i.__scatterload_copy)
    i.__scatterload_null                     0x0800421e   Section        2  handlers.o(i.__scatterload_null)
    i.__scatterload_zeroinit                 0x08004220   Section       14  handlers.o(i.__scatterload_zeroinit)
    i._printf_core                           0x08004230   Section        0  printf1.o(i._printf_core)
    _printf_core                             0x08004231   Thumb Code   336  printf1.o(i._printf_core)
    i._sputc                                 0x08004384   Section        0  printf1.o(i._sputc)
    _sputc                                   0x08004385   Thumb Code    10  printf1.o(i._sputc)
    i.drawFood                               0x0800438e   Section        0  main.o(i.drawFood)
    i.drawTablero                            0x080043f8   Section        0  main.o(i.drawTablero)
    i.free                                   0x080044e0   Section        0  malloc.o(i.free)
    i.main                                   0x08004530   Section        0  main.o(i.main)
    i.malloc                                 0x08004648   Section        0  malloc.o(i.malloc)
    .constdata                               0x080046b4   Section      576  nokia5110_lcd.o(.constdata)
    ASCII                                    0x080046b4   Data         576  nokia5110_lcd.o(.constdata)
    .constdata                               0x080048f4   Section        8  stm32f4xx_hal_dma.o(.constdata)
    flagBitshiftOffset                       0x080048f4   Data           8  stm32f4xx_hal_dma.o(.constdata)
    .constdata                               0x080048fc   Section       16  system_stm32f4xx.o(.constdata)
    .constdata                               0x0800490c   Section        8  system_stm32f4xx.o(.constdata)
    .conststring                             0x08004914   Section        4  usbh_cdc.o(.conststring)
    .data                                    0x20000000   Section        1  usb_host.o(.data)
    .data                                    0x20000004   Section        4  stm32f4xx_ll_usb.o(.data)
    tmpreg                                   0x20000004   Data           4  stm32f4xx_ll_usb.o(.data)
    .data                                    0x20000008   Section       12  stm32f4xx_hal.o(.data)
    .data                                    0x20000014   Section        4  system_stm32f4xx.o(.data)
    .data                                    0x20000018   Section       32  usbh_cdc.o(.data)
    .data                                    0x20000038   Section        4  mvars.o(.data)
    .data                                    0x2000003c   Section        4  mvars.o(.data)
    .bss                                     0x20000040   Section      548  nokia5110_lcd.o(.bss)
    .bss                                     0x20000264   Section      316  main.o(.bss)
    .bss                                     0x200003a0   Section       96  main.o(.bss)
    .bss                                     0x20000400   Section      972  usb_host.o(.bss)
    .bss                                     0x200007cc   Section      708  usbh_conf.o(.bss)
    HEAP                                     0x20000a90   Section      512  startup_stm32f407xx.o(HEAP)
    STACK                                    0x20000c90   Section     1024  startup_stm32f407xx.o(STACK)

    Global Symbols

    Symbol Name                              Value     Ov Type        Size  Object(Section)

    BuildAttributes$$THM_ISAv4$E$P$D$K$B$S$7EM$VFPi3$EXTD16$VFPS$VFMA$PE$A:L22UL41UL21$X:L11$S22US41US21$IEEE1$IW$USESV6$~STKCKD$USESV7$~SHL$OSPACE$ROPI$EBA8$MICROLIB$REQ8$PRES8$EABIv2 0x00000000   Number         0  anon$$obj.o ABSOLUTE
    __ARM_use_no_argv                        0x00000000   Number         0  main.o ABSOLUTE
    _printf_a                                0x00000000   Number         0  stubs.o ABSOLUTE
    _printf_c                                0x00000000   Number         0  stubs.o ABSOLUTE
    _printf_charcount                        0x00000000   Number         0  stubs.o ABSOLUTE
    _printf_d                                0x00000000   Number         0  stubs.o ABSOLUTE
    _printf_e                                0x00000000   Number         0  stubs.o ABSOLUTE
    _printf_f                                0x00000000   Number         0  stubs.o ABSOLUTE
    _printf_flags                            0x00000000   Number         0  stubs.o ABSOLUTE
    _printf_fp_dec                           0x00000000   Number         0  stubs.o ABSOLUTE
    _printf_fp_hex                           0x00000000   Number         0  stubs.o ABSOLUTE
    _printf_g                                0x00000000   Number         0  stubs.o ABSOLUTE
    _printf_i                                0x00000000   Number         0  stubs.o ABSOLUTE
    _printf_int_dec                          0x00000000   Number         0  stubs.o ABSOLUTE
    _printf_l                                0x00000000   Number         0  stubs.o ABSOLUTE
    _printf_lc                               0x00000000   Number         0  stubs.o ABSOLUTE
    _printf_ll                               0x00000000   Number         0  stubs.o ABSOLUTE
    _printf_lld                              0x00000000   Number         0  stubs.o ABSOLUTE
    _printf_lli                              0x00000000   Number         0  stubs.o ABSOLUTE
    _printf_llo                              0x00000000   Number         0  stubs.o ABSOLUTE
    _printf_llu                              0x00000000   Number         0  stubs.o ABSOLUTE
    _printf_llx                              0x00000000   Number         0  stubs.o ABSOLUTE
    _printf_longlong_dec                     0x00000000   Number         0  stubs.o ABSOLUTE
    _printf_longlong_hex                     0x00000000   Number         0  stubs.o ABSOLUTE
    _printf_longlong_oct                     0x00000000   Number         0  stubs.o ABSOLUTE
    _printf_ls                               0x00000000   Number         0  stubs.o ABSOLUTE
    _printf_mbtowc                           0x00000000   Number         0  stubs.o ABSOLUTE
    _printf_n                                0x00000000   Number         0  stubs.o ABSOLUTE
    _printf_o                                0x00000000   Number         0  stubs.o ABSOLUTE
    _printf_p                                0x00000000   Number         0  stubs.o ABSOLUTE
    _printf_percent                          0x00000000   Number         0  stubs.o ABSOLUTE
    _printf_pre_padding                      0x00000000   Number         0  stubs.o ABSOLUTE
    _printf_return_value                     0x00000000   Number         0  stubs.o ABSOLUTE
    _printf_s                                0x00000000   Number         0  stubs.o ABSOLUTE
    _printf_sizespec                         0x00000000   Number         0  stubs.o ABSOLUTE
    _printf_str                              0x00000000   Number         0  stubs.o ABSOLUTE
    _printf_truncate_signed                  0x00000000   Number         0  stubs.o ABSOLUTE
    _printf_truncate_unsigned                0x00000000   Number         0  stubs.o ABSOLUTE
    _printf_u                                0x00000000   Number         0  stubs.o ABSOLUTE
    _printf_wc                               0x00000000   Number         0  stubs.o ABSOLUTE
    _printf_wctomb                           0x00000000   Number         0  stubs.o ABSOLUTE
    _printf_widthprec                        0x00000000   Number         0  stubs.o ABSOLUTE
    _printf_x                                0x00000000   Number         0  stubs.o ABSOLUTE
    __cpp_initialize__aeabi_                  - Undefined Weak Reference
    __cxa_finalize                            - Undefined Weak Reference
    __decompress                              - Undefined Weak Reference
    _clock_init                               - Undefined Weak Reference
    _microlib_exit                            - Undefined Weak Reference
    __Vectors_Size                           0x00000188   Number         0  startup_stm32f407xx.o ABSOLUTE
    __Vectors                                0x08000000   Data           4  startup_stm32f407xx.o(RESET)
    __Vectors_End                            0x08000188   Data           0  startup_stm32f407xx.o(RESET)
    __main                                   0x08000189   Thumb Code     0  entry.o(.ARM.Collect$$$$00000000)
    _main_stk                                0x08000189   Thumb Code     0  entry2.o(.ARM.Collect$$$$00000001)
    _main_scatterload                        0x0800018d   Thumb Code     0  entry5.o(.ARM.Collect$$$$00000004)
    __main_after_scatterload                 0x08000191   Thumb Code     0  entry5.o(.ARM.Collect$$$$00000004)
    _main_clock                              0x08000191   Thumb Code     0  entry7b.o(.ARM.Collect$$$$00000008)
    _main_cpp_init                           0x08000191   Thumb Code     0  entry8b.o(.ARM.Collect$$$$0000000A)
    _main_init                               0x08000191   Thumb Code     0  entry9a.o(.ARM.Collect$$$$0000000B)
    __rt_final_cpp                           0x08000199   Thumb Code     0  entry10a.o(.ARM.Collect$$$$0000000D)
    __rt_final_exit                          0x08000199   Thumb Code     0  entry11a.o(.ARM.Collect$$$$0000000F)
    Reset_Handler                            0x0800019d   Thumb Code     8  startup_stm32f407xx.o(.text)
    ADC_IRQHandler                           0x080001b7   Thumb Code     0  startup_stm32f407xx.o(.text)
    CAN1_RX0_IRQHandler                      0x080001b7   Thumb Code     0  startup_stm32f407xx.o(.text)
    CAN1_RX1_IRQHandler                      0x080001b7   Thumb Code     0  startup_stm32f407xx.o(.text)
    CAN1_SCE_IRQHandler                      0x080001b7   Thumb Code     0  startup_stm32f407xx.o(.text)
    CAN1_TX_IRQHandler                       0x080001b7   Thumb Code     0  startup_stm32f407xx.o(.text)
    CAN2_RX0_IRQHandler                      0x080001b7   Thumb Code     0  startup_stm32f407xx.o(.text)
    CAN2_RX1_IRQHandler                      0x080001b7   Thumb Code     0  startup_stm32f407xx.o(.text)
    CAN2_SCE_IRQHandler                      0x080001b7   Thumb Code     0  startup_stm32f407xx.o(.text)
    CAN2_TX_IRQHandler                       0x080001b7   Thumb Code     0  startup_stm32f407xx.o(.text)
    DCMI_IRQHandler                          0x080001b7   Thumb Code     0  startup_stm32f407xx.o(.text)
    DMA1_Stream0_IRQHandler                  0x080001b7   Thumb Code     0  startup_stm32f407xx.o(.text)
    DMA1_Stream1_IRQHandler                  0x080001b7   Thumb Code     0  startup_stm32f407xx.o(.text)
    DMA1_Stream2_IRQHandler                  0x080001b7   Thumb Code     0  startup_stm32f407xx.o(.text)
    DMA1_Stream3_IRQHandler                  0x080001b7   Thumb Code     0  startup_stm32f407xx.o(.text)
    DMA1_Stream4_IRQHandler                  0x080001b7   Thumb Code     0  startup_stm32f407xx.o(.text)
    DMA1_Stream5_IRQHandler                  0x080001b7   Thumb Code     0  startup_stm32f407xx.o(.text)
    DMA1_Stream6_IRQHandler                  0x080001b7   Thumb Code     0  startup_stm32f407xx.o(.text)
    DMA1_Stream7_IRQHandler                  0x080001b7   Thumb Code     0  startup_stm32f407xx.o(.text)
    DMA2_Stream1_IRQHandler                  0x080001b7   Thumb Code     0  startup_stm32f407xx.o(.text)
    DMA2_Stream2_IRQHandler                  0x080001b7   Thumb Code     0  startup_stm32f407xx.o(.text)
    DMA2_Stream3_IRQHandler                  0x080001b7   Thumb Code     0  startup_stm32f407xx.o(.text)
    DMA2_Stream4_IRQHandler                  0x080001b7   Thumb Code     0  startup_stm32f407xx.o(.text)
    DMA2_Stream5_IRQHandler                  0x080001b7   Thumb Code     0  startup_stm32f407xx.o(.text)
    DMA2_Stream6_IRQHandler                  0x080001b7   Thumb Code     0  startup_stm32f407xx.o(.text)
    DMA2_Stream7_IRQHandler                  0x080001b7   Thumb Code     0  startup_stm32f407xx.o(.text)
    ETH_IRQHandler                           0x080001b7   Thumb Code     0  startup_stm32f407xx.o(.text)
    ETH_WKUP_IRQHandler                      0x080001b7   Thumb Code     0  startup_stm32f407xx.o(.text)
    EXTI0_IRQHandler                         0x080001b7   Thumb Code     0  startup_stm32f407xx.o(.text)
    EXTI15_10_IRQHandler                     0x080001b7   Thumb Code     0  startup_stm32f407xx.o(.text)
    EXTI1_IRQHandler                         0x080001b7   Thumb Code     0  startup_stm32f407xx.o(.text)
    EXTI2_IRQHandler                         0x080001b7   Thumb Code     0  startup_stm32f407xx.o(.text)
    EXTI3_IRQHandler                         0x080001b7   Thumb Code     0  startup_stm32f407xx.o(.text)
    EXTI4_IRQHandler                         0x080001b7   Thumb Code     0  startup_stm32f407xx.o(.text)
    EXTI9_5_IRQHandler                       0x080001b7   Thumb Code     0  startup_stm32f407xx.o(.text)
    FLASH_IRQHandler                         0x080001b7   Thumb Code     0  startup_stm32f407xx.o(.text)
    FMC_IRQHandler                           0x080001b7   Thumb Code     0  startup_stm32f407xx.o(.text)
    FPU_IRQHandler                           0x080001b7   Thumb Code     0  startup_stm32f407xx.o(.text)
    HASH_RNG_IRQHandler                      0x080001b7   Thumb Code     0  startup_stm32f407xx.o(.text)
    I2C1_ER_IRQHandler                       0x080001b7   Thumb Code     0  startup_stm32f407xx.o(.text)
    I2C1_EV_IRQHandler                       0x080001b7   Thumb Code     0  startup_stm32f407xx.o(.text)
    I2C2_ER_IRQHandler                       0x080001b7   Thumb Code     0  startup_stm32f407xx.o(.text)
    I2C2_EV_IRQHandler                       0x080001b7   Thumb Code     0  startup_stm32f407xx.o(.text)
    I2C3_ER_IRQHandler                       0x080001b7   Thumb Code     0  startup_stm32f407xx.o(.text)
    I2C3_EV_IRQHandler                       0x080001b7   Thumb Code     0  startup_stm32f407xx.o(.text)
    OTG_FS_WKUP_IRQHandler                   0x080001b7   Thumb Code     0  startup_stm32f407xx.o(.text)
    OTG_HS_EP1_IN_IRQHandler                 0x080001b7   Thumb Code     0  startup_stm32f407xx.o(.text)
    OTG_HS_EP1_OUT_IRQHandler                0x080001b7   Thumb Code     0  startup_stm32f407xx.o(.text)
    OTG_HS_IRQHandler                        0x080001b7   Thumb Code     0  startup_stm32f407xx.o(.text)
    OTG_HS_WKUP_IRQHandler                   0x080001b7   Thumb Code     0  startup_stm32f407xx.o(.text)
    PVD_IRQHandler                           0x080001b7   Thumb Code     0  startup_stm32f407xx.o(.text)
    RCC_IRQHandler                           0x080001b7   Thumb Code     0  startup_stm32f407xx.o(.text)
    RTC_Alarm_IRQHandler                     0x080001b7   Thumb Code     0  startup_stm32f407xx.o(.text)
    RTC_WKUP_IRQHandler                      0x080001b7   Thumb Code     0  startup_stm32f407xx.o(.text)
    SDIO_IRQHandler                          0x080001b7   Thumb Code     0  startup_stm32f407xx.o(.text)
    SPI1_IRQHandler                          0x080001b7   Thumb Code     0  startup_stm32f407xx.o(.text)
    SPI2_IRQHandler                          0x080001b7   Thumb Code     0  startup_stm32f407xx.o(.text)
    SPI3_IRQHandler                          0x080001b7   Thumb Code     0  startup_stm32f407xx.o(.text)
    TAMP_STAMP_IRQHandler                    0x080001b7   Thumb Code     0  startup_stm32f407xx.o(.text)
    TIM1_BRK_TIM9_IRQHandler                 0x080001b7   Thumb Code     0  startup_stm32f407xx.o(.text)
    TIM1_CC_IRQHandler                       0x080001b7   Thumb Code     0  startup_stm32f407xx.o(.text)
    TIM1_TRG_COM_TIM11_IRQHandler            0x080001b7   Thumb Code     0  startup_stm32f407xx.o(.text)
    TIM1_UP_TIM10_IRQHandler                 0x080001b7   Thumb Code     0  startup_stm32f407xx.o(.text)
    TIM2_IRQHandler                          0x080001b7   Thumb Code     0  startup_stm32f407xx.o(.text)
    TIM3_IRQHandler                          0x080001b7   Thumb Code     0  startup_stm32f407xx.o(.text)
    TIM4_IRQHandler                          0x080001b7   Thumb Code     0  startup_stm32f407xx.o(.text)
    TIM5_IRQHandler                          0x080001b7   Thumb Code     0  startup_stm32f407xx.o(.text)
    TIM6_DAC_IRQHandler                      0x080001b7   Thumb Code     0  startup_stm32f407xx.o(.text)
    TIM7_IRQHandler                          0x080001b7   Thumb Code     0  startup_stm32f407xx.o(.text)
    TIM8_BRK_TIM12_IRQHandler                0x080001b7   Thumb Code     0  startup_stm32f407xx.o(.text)
    TIM8_CC_IRQHandler                       0x080001b7   Thumb Code     0  startup_stm32f407xx.o(.text)
    TIM8_TRG_COM_TIM14_IRQHandler            0x080001b7   Thumb Code     0  startup_stm32f407xx.o(.text)
    TIM8_UP_TIM13_IRQHandler                 0x080001b7   Thumb Code     0  startup_stm32f407xx.o(.text)
    UART4_IRQHandler                         0x080001b7   Thumb Code     0  startup_stm32f407xx.o(.text)
    UART5_IRQHandler                         0x080001b7   Thumb Code     0  startup_stm32f407xx.o(.text)
    USART1_IRQHandler                        0x080001b7   Thumb Code     0  startup_stm32f407xx.o(.text)
    USART2_IRQHandler                        0x080001b7   Thumb Code     0  startup_stm32f407xx.o(.text)
    USART3_IRQHandler                        0x080001b7   Thumb Code     0  startup_stm32f407xx.o(.text)
    USART6_IRQHandler                        0x080001b7   Thumb Code     0  startup_stm32f407xx.o(.text)
    WWDG_IRQHandler                          0x080001b7   Thumb Code     0  startup_stm32f407xx.o(.text)
    __aeabi_uldivmod                         0x080001c1   Thumb Code    98  uldiv.o(.text)
    __aeabi_memcpy                           0x08000223   Thumb Code    36  memcpya.o(.text)
    __aeabi_memcpy4                          0x08000223   Thumb Code     0  memcpya.o(.text)
    __aeabi_memcpy8                          0x08000223   Thumb Code     0  memcpya.o(.text)
    __aeabi_memset                           0x08000247   Thumb Code    14  memseta.o(.text)
    __aeabi_memset4                          0x08000247   Thumb Code     0  memseta.o(.text)
    __aeabi_memset8                          0x08000247   Thumb Code     0  memseta.o(.text)
    __aeabi_memclr                           0x08000255   Thumb Code     4  memseta.o(.text)
    __aeabi_memclr4                          0x08000255   Thumb Code     0  memseta.o(.text)
    __aeabi_memclr8                          0x08000255   Thumb Code     0  memseta.o(.text)
    _memset$wrapper                          0x08000259   Thumb Code    18  memseta.o(.text)
    __aeabi_uidiv                            0x0800026b   Thumb Code     0  uidiv.o(.text)
    __aeabi_uidivmod                         0x0800026b   Thumb Code    44  uidiv.o(.text)
    __aeabi_llsl                             0x08000297   Thumb Code    30  llshl.o(.text)
    _ll_shift_l                              0x08000297   Thumb Code     0  llshl.o(.text)
    __aeabi_llsr                             0x080002b5   Thumb Code    32  llushr.o(.text)
    _ll_ushift_r                             0x080002b5   Thumb Code     0  llushr.o(.text)
    __scatterload                            0x080002d5   Thumb Code    28  init.o(.text)
    __scatterload_rt2                        0x080002d5   Thumb Code     0  init.o(.text)
    BusFault_Handler                         0x08000421   Thumb Code     2  stm32f4xx_it.o(i.BusFault_Handler)
    DMA2_Stream0_IRQHandler                  0x08000501   Thumb Code     6  stm32f4xx_it.o(i.DMA2_Stream0_IRQHandler)
    DebugMon_Handler                         0x080005d1   Thumb Code     2  stm32f4xx_it.o(i.DebugMon_Handler)
    Error_Handler                            0x080005d5   Thumb Code    10  main.o(i.Error_Handler)
    HAL_ADC_ConfigChannel                    0x080005fd   Thumb Code   316  stm32f4xx_hal_adc.o(i.HAL_ADC_ConfigChannel)
    HAL_ADC_Init                             0x08000749   Thumb Code    84  stm32f4xx_hal_adc.o(i.HAL_ADC_Init)
    HAL_ADC_MspInit                          0x0800079d   Thumb Code   128  stm32f4xx_hal_msp.o(i.HAL_ADC_MspInit)
    HAL_DMA_IRQHandler                       0x08000831   Thumb Code   412  stm32f4xx_hal_dma.o(i.HAL_DMA_IRQHandler)
    HAL_DMA_Init                             0x080009d1   Thumb Code   206  stm32f4xx_hal_dma.o(i.HAL_DMA_Init)
    HAL_Delay                                0x08000aa5   Thumb Code    32  stm32f4xx_hal.o(i.HAL_Delay)
    HAL_GPIO_Init                            0x08000ac9   Thumb Code   394  stm32f4xx_hal_gpio.o(i.HAL_GPIO_Init)
    HAL_GPIO_WritePin                        0x08000c81   Thumb Code    10  stm32f4xx_hal_gpio.o(i.HAL_GPIO_WritePin)
    HAL_GetTick                              0x08000c8d   Thumb Code     6  stm32f4xx_hal.o(i.HAL_GetTick)
    HAL_HCD_Connect_Callback                 0x08000c99   Thumb Code     8  usbh_conf.o(i.HAL_HCD_Connect_Callback)
    HAL_HCD_Disconnect_Callback              0x08000ca1   Thumb Code     8  usbh_conf.o(i.HAL_HCD_Disconnect_Callback)
    HAL_HCD_GetCurrentFrame                  0x08000ca9   Thumb Code     6  stm32f4xx_hal_hcd.o(i.HAL_HCD_GetCurrentFrame)
    HAL_HCD_GetCurrentSpeed                  0x08000caf   Thumb Code     6  stm32f4xx_hal_hcd.o(i.HAL_HCD_GetCurrentSpeed)
    HAL_HCD_HC_GetURBState                   0x08000cb5   Thumb Code    14  stm32f4xx_hal_hcd.o(i.HAL_HCD_HC_GetURBState)
    HAL_HCD_HC_GetXferCount                  0x08000cc3   Thumb Code    12  stm32f4xx_hal_hcd.o(i.HAL_HCD_HC_GetXferCount)
    HAL_HCD_HC_Halt                          0x08000ccf   Thumb Code    36  stm32f4xx_hal_hcd.o(i.HAL_HCD_HC_Halt)
    HAL_HCD_HC_Init                          0x08000cf3   Thumb Code   114  stm32f4xx_hal_hcd.o(i.HAL_HCD_HC_Init)
    HAL_HCD_HC_NotifyURBChange_Callback      0x08000d65   Thumb Code     2  usbh_conf.o(i.HAL_HCD_HC_NotifyURBChange_Callback)
    HAL_HCD_HC_SubmitRequest                 0x08000d67   Thumb Code   142  stm32f4xx_hal_hcd.o(i.HAL_HCD_HC_SubmitRequest)
    HAL_HCD_IRQHandler                       0x08000df5   Thumb Code   306  stm32f4xx_hal_hcd.o(i.HAL_HCD_IRQHandler)
    HAL_HCD_Init                             0x08000f27   Thumb Code   114  stm32f4xx_hal_hcd.o(i.HAL_HCD_Init)
    HAL_HCD_MspInit                          0x08000f99   Thumb Code   142  usbh_conf.o(i.HAL_HCD_MspInit)
    HAL_HCD_PortDisabled_Callback            0x08001031   Thumb Code     8  usbh_conf.o(i.HAL_HCD_PortDisabled_Callback)
    HAL_HCD_PortEnabled_Callback             0x08001039   Thumb Code     8  usbh_conf.o(i.HAL_HCD_PortEnabled_Callback)
    HAL_HCD_ResetPort                        0x08001041   Thumb Code     6  stm32f4xx_hal_hcd.o(i.HAL_HCD_ResetPort)
    HAL_HCD_SOF_Callback                     0x08001047   Thumb Code     8  usbh_conf.o(i.HAL_HCD_SOF_Callback)
    HAL_HCD_Start                            0x0800104f   Thumb Code    44  stm32f4xx_hal_hcd.o(i.HAL_HCD_Start)
    HAL_HCD_Stop                             0x0800107b   Thumb Code    36  stm32f4xx_hal_hcd.o(i.HAL_HCD_Stop)
    HAL_I2C_Init                             0x080010a1   Thumb Code   376  stm32f4xx_hal_i2c.o(i.HAL_I2C_Init)
    HAL_I2C_MspInit                          0x08001229   Thumb Code    94  stm32f4xx_hal_msp.o(i.HAL_I2C_MspInit)
    HAL_I2SEx_FullDuplex_IRQHandler          0x08001295   Thumb Code   492  stm32f4xx_hal_i2s_ex.o(i.HAL_I2SEx_FullDuplex_IRQHandler)
    HAL_I2SEx_TxRxCpltCallback               0x08001489   Thumb Code     2  stm32f4xx_hal_i2s_ex.o(i.HAL_I2SEx_TxRxCpltCallback)
    HAL_I2S_ErrorCallback                    0x0800148b   Thumb Code     2  stm32f4xx_hal_i2s.o(i.HAL_I2S_ErrorCallback)
    HAL_I2S_Init                             0x0800148d   Thumb Code   354  stm32f4xx_hal_i2s.o(i.HAL_I2S_Init)
    HAL_I2S_MspInit                          0x08001601   Thumb Code   128  stm32f4xx_hal_msp.o(i.HAL_I2S_MspInit)
    HAL_I2S_RxCpltCallback                   0x08001691   Thumb Code     2  stm32f4xx_hal_i2s.o(i.HAL_I2S_RxCpltCallback)
    HAL_I2S_TxCpltCallback                   0x08001693   Thumb Code     2  stm32f4xx_hal_i2s.o(i.HAL_I2S_TxCpltCallback)
    HAL_IncTick                              0x08001695   Thumb Code    12  stm32f4xx_hal.o(i.HAL_IncTick)
    HAL_Init                                 0x080016a5   Thumb Code    48  stm32f4xx_hal.o(i.HAL_Init)
    HAL_InitTick                             0x080016d9   Thumb Code    54  stm32f4xx_hal.o(i.HAL_InitTick)
    HAL_MspInit                              0x08001719   Thumb Code    42  stm32f4xx_hal_msp.o(i.HAL_MspInit)
    HAL_NVIC_EnableIRQ                       0x08001749   Thumb Code    26  stm32f4xx_hal_cortex.o(i.HAL_NVIC_EnableIRQ)
    HAL_NVIC_SetPriority                     0x08001765   Thumb Code    60  stm32f4xx_hal_cortex.o(i.HAL_NVIC_SetPriority)
    HAL_NVIC_SetPriorityGrouping             0x080017a5   Thumb Code    26  stm32f4xx_hal_cortex.o(i.HAL_NVIC_SetPriorityGrouping)
    HAL_RCCEx_GetPeriphCLKFreq               0x080017c9   Thumb Code    76  stm32f4xx_hal_rcc_ex.o(i.HAL_RCCEx_GetPeriphCLKFreq)
    HAL_RCCEx_PeriphCLKConfig                0x08001825   Thumb Code   296  stm32f4xx_hal_rcc_ex.o(i.HAL_RCCEx_PeriphCLKConfig)
    HAL_RCC_ClockConfig                      0x08001961   Thumb Code   288  stm32f4xx_hal_rcc.o(i.HAL_RCC_ClockConfig)
    HAL_RCC_GetPCLK1Freq                     0x08001a95   Thumb Code    20  stm32f4xx_hal_rcc.o(i.HAL_RCC_GetPCLK1Freq)
    HAL_RCC_GetSysClockFreq                  0x08001ab5   Thumb Code    88  stm32f4xx_hal_rcc.o(i.HAL_RCC_GetSysClockFreq)
    HAL_RCC_OscConfig                        0x08001b15   Thumb Code   834  stm32f4xx_hal_rcc.o(i.HAL_RCC_OscConfig)
    HAL_SPI_Init                             0x08001e71   Thumb Code   128  stm32f4xx_hal_spi.o(i.HAL_SPI_Init)
    HAL_SPI_MspInit                          0x08001ef1   Thumb Code    92  stm32f4xx_hal_msp.o(i.HAL_SPI_MspInit)
    HAL_SYSTICK_Config                       0x08001f59   Thumb Code    40  stm32f4xx_hal_cortex.o(i.HAL_SYSTICK_Config)
    HardFault_Handler                        0x08002519   Thumb Code     2  stm32f4xx_it.o(i.HardFault_Handler)
    LCD_clrScr                               0x080026d1   Thumb Code    34  nokia5110_lcd.o(i.LCD_clrScr)
    LCD_drawHLine                            0x080026f9   Thumb Code    66  nokia5110_lcd.o(i.LCD_drawHLine)
    LCD_drawVLine                            0x08002741   Thumb Code    44  nokia5110_lcd.o(i.LCD_drawVLine)
    LCD_goXY                                 0x0800276d   Thumb Code    28  nokia5110_lcd.o(i.LCD_goXY)
    LCD_init                                 0x08002789   Thumb Code    88  nokia5110_lcd.o(i.LCD_init)
    LCD_print                                0x080027e5   Thumb Code    30  nokia5110_lcd.o(i.LCD_print)
    LCD_putChar                              0x08002805   Thumb Code    50  nokia5110_lcd.o(i.LCD_putChar)
    LCD_refreshArea                          0x08002841   Thumb Code    86  nokia5110_lcd.o(i.LCD_refreshArea)
    LCD_refreshScr                           0x0800289d   Thumb Code    56  nokia5110_lcd.o(i.LCD_refreshScr)
    LCD_send                                 0x080028d9   Thumb Code    70  nokia5110_lcd.o(i.LCD_send)
    LCD_setCE                                0x08002925   Thumb Code     8  nokia5110_lcd.o(i.LCD_setCE)
    LCD_setCLK                               0x08002931   Thumb Code     8  nokia5110_lcd.o(i.LCD_setCLK)
    LCD_setDC                                0x0800293d   Thumb Code     8  nokia5110_lcd.o(i.LCD_setDC)
    LCD_setDIN                               0x08002949   Thumb Code     8  nokia5110_lcd.o(i.LCD_setDIN)
    LCD_setPixel                             0x08002955   Thumb Code    58  nokia5110_lcd.o(i.LCD_setPixel)
    LCD_setRST                               0x08002995   Thumb Code     8  nokia5110_lcd.o(i.LCD_setRST)
    LCD_write                                0x080029a1   Thumb Code    50  nokia5110_lcd.o(i.LCD_write)
    MX_DriverVbusFS                          0x08002a55   Thumb Code    16  usbh_platform.o(i.MX_DriverVbusFS)
    MX_USB_HOST_Init                         0x08002c95   Thumb Code    52  usb_host.o(i.MX_USB_HOST_Init)
    MX_USB_HOST_Process                      0x08002cd5   Thumb Code     6  usb_host.o(i.MX_USB_HOST_Process)
    MemManage_Handler                        0x08002ce1   Thumb Code     2  stm32f4xx_it.o(i.MemManage_Handler)
    NMI_Handler                              0x08002ce3   Thumb Code     2  stm32f4xx_it.o(i.NMI_Handler)
    OTG_FS_IRQHandler                        0x08002ce5   Thumb Code     6  stm32f4xx_it.o(i.OTG_FS_IRQHandler)
    PendSV_Handler                           0x08002cf1   Thumb Code     2  stm32f4xx_it.o(i.PendSV_Handler)
    SVC_Handler                              0x08002cf3   Thumb Code     2  stm32f4xx_it.o(i.SVC_Handler)
    SysTick_Handler                          0x08002cf5   Thumb Code     4  stm32f4xx_it.o(i.SysTick_Handler)
    SystemClock_Config                       0x08002cf9   Thumb Code   170  main.o(i.SystemClock_Config)
    SystemInit                               0x08002dad   Thumb Code    22  system_stm32f4xx.o(i.SystemInit)
    USBH_AllocPipe                           0x08002dc9   Thumb Code    52  usbh_pipes.o(i.USBH_AllocPipe)
    USBH_BulkReceiveData                     0x08002dfd   Thumb Code    32  usbh_ioreq.o(i.USBH_BulkReceiveData)
    USBH_BulkSendData                        0x08002e1d   Thumb Code    40  usbh_ioreq.o(i.USBH_BulkSendData)
    USBH_CDC_LineCodingChanged               0x08002ffb   Thumb Code     2  usbh_cdc.o(i.USBH_CDC_LineCodingChanged)
    USBH_CDC_ReceiveCallback                 0x080030b5   Thumb Code     2  usbh_cdc.o(i.USBH_CDC_ReceiveCallback)
    USBH_CDC_TransmitCallback                0x080030bb   Thumb Code     2  usbh_cdc.o(i.USBH_CDC_TransmitCallback)
    USBH_ClosePipe                           0x080030bd   Thumb Code    10  usbh_pipes.o(i.USBH_ClosePipe)
    USBH_ClrFeature                          0x080030c7   Thumb Code    30  usbh_ctlreq.o(i.USBH_ClrFeature)
    USBH_CtlReceiveData                      0x080030e5   Thumb Code    30  usbh_ioreq.o(i.USBH_CtlReceiveData)
    USBH_CtlReq                              0x08003103   Thumb Code    58  usbh_ctlreq.o(i.USBH_CtlReq)
    USBH_CtlSendData                         0x0800313d   Thumb Code    40  usbh_ioreq.o(i.USBH_CtlSendData)
    USBH_CtlSendSetup                        0x08003165   Thumb Code    30  usbh_ioreq.o(i.USBH_CtlSendSetup)
    USBH_Delay                               0x08003183   Thumb Code     4  usbh_conf.o(i.USBH_Delay)
    USBH_FindInterface                       0x08003189   Thumb Code    68  usbh_core.o(i.USBH_FindInterface)
    USBH_FreePipe                            0x080031cd   Thumb Code    24  usbh_pipes.o(i.USBH_FreePipe)
    USBH_GetDescriptor                       0x080031e5   Thumb Code    52  usbh_ctlreq.o(i.USBH_GetDescriptor)
    USBH_GetNextDesc                         0x08003219   Thumb Code    14  usbh_ctlreq.o(i.USBH_GetNextDesc)
    USBH_Get_CfgDesc                         0x08003227   Thumb Code    44  usbh_ctlreq.o(i.USBH_Get_CfgDesc)
    USBH_Get_DevDesc                         0x08003253   Thumb Code   144  usbh_ctlreq.o(i.USBH_Get_DevDesc)
    USBH_Get_StringDesc                      0x080032e3   Thumb Code    72  usbh_ctlreq.o(i.USBH_Get_StringDesc)
    USBH_Get_USB_Status                      0x0800332b   Thumb Code    24  usbh_conf.o(i.USBH_Get_USB_Status)
    USBH_Init                                0x080035bf   Thumb Code    48  usbh_core.o(i.USBH_Init)
    USBH_LL_ClosePipe                        0x080035ef   Thumb Code    18  usbh_conf.o(i.USBH_LL_ClosePipe)
    USBH_LL_Connect                          0x08003601   Thumb Code    42  usbh_core.o(i.USBH_LL_Connect)
    USBH_LL_Disconnect                       0x0800362b   Thumb Code    56  usbh_core.o(i.USBH_LL_Disconnect)
    USBH_LL_DriverVBUS                       0x08003663   Thumb Code    26  usbh_conf.o(i.USBH_LL_DriverVBUS)
    USBH_LL_GetLastXferSize                  0x0800367d   Thumb Code     8  usbh_conf.o(i.USBH_LL_GetLastXferSize)
    USBH_LL_GetSpeed                         0x08003685   Thumb Code    34  usbh_conf.o(i.USBH_LL_GetSpeed)
    USBH_LL_GetURBState                      0x080036a7   Thumb Code     8  usbh_conf.o(i.USBH_LL_GetURBState)
    USBH_LL_IncTimer                         0x080036af   Thumb Code    30  usbh_core.o(i.USBH_LL_IncTimer)
    USBH_LL_Init                             0x080036cd   Thumb Code    74  usbh_conf.o(i.USBH_LL_Init)
    USBH_LL_OpenPipe                         0x0800371d   Thumb Code    28  usbh_conf.o(i.USBH_LL_OpenPipe)
    USBH_LL_PortDisabled                     0x08003739   Thumb Code     8  usbh_core.o(i.USBH_LL_PortDisabled)
    USBH_LL_PortEnabled                      0x08003741   Thumb Code     8  usbh_core.o(i.USBH_LL_PortEnabled)
    USBH_LL_ResetPort                        0x08003749   Thumb Code    18  usbh_conf.o(i.USBH_LL_ResetPort)
    USBH_LL_SetTimer                         0x0800375b   Thumb Code     6  usbh_core.o(i.USBH_LL_SetTimer)
    USBH_LL_SetToggle                        0x08003761   Thumb Code    32  usbh_conf.o(i.USBH_LL_SetToggle)
    USBH_LL_Start                            0x08003781   Thumb Code    18  usbh_conf.o(i.USBH_LL_Start)
    USBH_LL_Stop                             0x08003793   Thumb Code    18  usbh_conf.o(i.USBH_LL_Stop)
    USBH_LL_SubmitURB                        0x080037a5   Thumb Code    34  usbh_conf.o(i.USBH_LL_SubmitURB)
    USBH_OpenPipe                            0x080037c7   Thumb Code    20  usbh_pipes.o(i.USBH_OpenPipe)
    USBH_Process                             0x080038b7   Thumb Code   416  usbh_core.o(i.USBH_Process)
    USBH_RegisterClass                       0x08003a57   Thumb Code    28  usbh_core.o(i.USBH_RegisterClass)
    USBH_SelectInterface                     0x08003a73   Thumb Code    22  usbh_core.o(i.USBH_SelectInterface)
    USBH_SetAddress                          0x08003a89   Thumb Code    28  usbh_ctlreq.o(i.USBH_SetAddress)
    USBH_SetCfg                              0x08003aa5   Thumb Code    28  usbh_ctlreq.o(i.USBH_SetCfg)
    USBH_SetFeature                          0x08003ac1   Thumb Code    28  usbh_ctlreq.o(i.USBH_SetFeature)
    USBH_Start                               0x08003add   Thumb Code    20  usbh_core.o(i.USBH_Start)
    USB_CoreInit                             0x08003b11   Thumb Code   112  stm32f4xx_ll_usb.o(i.USB_CoreInit)
    USB_DisableGlobalInt                     0x08003bbd   Thumb Code    12  stm32f4xx_ll_usb.o(i.USB_DisableGlobalInt)
    USB_DoPing                               0x08003bc9   Thumb Code    30  stm32f4xx_ll_usb.o(i.USB_DoPing)
    USB_DriveVbus                            0x08003bed   Thumb Code    44  stm32f4xx_ll_usb.o(i.USB_DriveVbus)
    USB_EnableGlobalInt                      0x08003c19   Thumb Code    12  stm32f4xx_ll_usb.o(i.USB_EnableGlobalInt)
    USB_FlushRxFifo                          0x08003c25   Thumb Code    28  stm32f4xx_ll_usb.o(i.USB_FlushRxFifo)
    USB_FlushTxFifo                          0x08003c45   Thumb Code    32  stm32f4xx_ll_usb.o(i.USB_FlushTxFifo)
    USB_GetCurrentFrame                      0x08003c69   Thumb Code     8  stm32f4xx_ll_usb.o(i.USB_GetCurrentFrame)
    USB_GetHostSpeed                         0x08003c71   Thumb Code    14  stm32f4xx_ll_usb.o(i.USB_GetHostSpeed)
    USB_GetMode                              0x08003c7f   Thumb Code     8  stm32f4xx_ll_usb.o(i.USB_GetMode)
    USB_HC_Halt                              0x08003c87   Thumb Code   194  stm32f4xx_ll_usb.o(i.USB_HC_Halt)
    USB_HC_Init                              0x08003d49   Thumb Code   240  stm32f4xx_ll_usb.o(i.USB_HC_Init)
    USB_HC_ReadInterrupt                     0x08003e39   Thumb Code     8  stm32f4xx_ll_usb.o(i.USB_HC_ReadInterrupt)
    USB_HC_StartXfer                         0x08003e41   Thumb Code   330  stm32f4xx_ll_usb.o(i.USB_HC_StartXfer)
    USB_HostInit                             0x08003f91   Thumb Code   194  stm32f4xx_ll_usb.o(i.USB_HostInit)
    USB_InitFSLSPClkSel                      0x08004069   Thumb Code    54  stm32f4xx_ll_usb.o(i.USB_InitFSLSPClkSel)
    USB_ReadInterrupts                       0x0800409f   Thumb Code     8  stm32f4xx_ll_usb.o(i.USB_ReadInterrupts)
    USB_ReadPacket                           0x080040a7   Thumb Code    28  stm32f4xx_ll_usb.o(i.USB_ReadPacket)
    USB_ResetPort                            0x080040c3   Thumb Code    50  stm32f4xx_ll_usb.o(i.USB_ResetPort)
    USB_SetCurrentMode                       0x080040f5   Thumb Code    46  stm32f4xx_ll_usb.o(i.USB_SetCurrentMode)
    USB_StopHost                             0x08004125   Thumb Code   126  stm32f4xx_ll_usb.o(i.USB_StopHost)
    USB_WritePacket                          0x080041a3   Thumb Code    36  stm32f4xx_ll_usb.o(i.USB_WritePacket)
    UsageFault_Handler                       0x080041c7   Thumb Code     2  stm32f4xx_it.o(i.UsageFault_Handler)
    __0sprintf$1                             0x080041c9   Thumb Code    34  printf1.o(i.__0sprintf$1)
    __1sprintf$1                             0x080041c9   Thumb Code     0  printf1.o(i.__0sprintf$1)
    __2sprintf                               0x080041c9   Thumb Code     0  printf1.o(i.__0sprintf$1)
    __scatterload_copy                       0x08004211   Thumb Code    14  handlers.o(i.__scatterload_copy)
    __scatterload_null                       0x0800421f   Thumb Code     2  handlers.o(i.__scatterload_null)
    __scatterload_zeroinit                   0x08004221   Thumb Code    14  handlers.o(i.__scatterload_zeroinit)
    drawFood                                 0x0800438f   Thumb Code   104  main.o(i.drawFood)
    drawTablero                              0x080043f9   Thumb Code   218  main.o(i.drawTablero)
    free                                     0x080044e1   Thumb Code    76  malloc.o(i.free)
    main                                     0x08004531   Thumb Code   272  main.o(i.main)
    malloc                                   0x08004649   Thumb Code    92  malloc.o(i.malloc)
    AHBPrescTable                            0x080048fc   Data          16  system_stm32f4xx.o(.constdata)
    APBPrescTable                            0x0800490c   Data           8  system_stm32f4xx.o(.constdata)
    Region$$Table$$Base                      0x08004918   Number         0  anon$$obj.o(Region$$Table)
    Region$$Table$$Limit                     0x08004938   Number         0  anon$$obj.o(Region$$Table)
    Appli_state                              0x20000000   Data           1  usb_host.o(.data)
    uwTickFreq                               0x20000008   Data           1  stm32f4xx_hal.o(.data)
    uwTickPrio                               0x2000000c   Data           4  stm32f4xx_hal.o(.data)
    uwTick                                   0x20000010   Data           4  stm32f4xx_hal.o(.data)
    SystemCoreClock                          0x20000014   Data           4  system_stm32f4xx.o(.data)
    CDC_Class                                0x20000018   Data          32  usbh_cdc.o(.data)
    __microlib_freelist                      0x20000038   Data           4  mvars.o(.data)
    __microlib_freelist_initialised          0x2000003c   Data           4  mvars.o(.data)
    lcd                                      0x20000040   Data         505  nokia5110_lcd.o(.bss)
    lcd_gpio                                 0x2000023c   Data          40  nokia5110_lcd.o(.bss)
    hadc1                                    0x20000264   Data          72  main.o(.bss)
    hi2c1                                    0x200002ac   Data          84  main.o(.bss)
    hi2s3                                    0x20000300   Data          72  main.o(.bss)
    hspi1                                    0x20000348   Data          88  main.o(.bss)
    hdma_adc1                                0x200003a0   Data          96  main.o(.bss)
    hUsbHostFS                               0x20000400   Data         972  usb_host.o(.bss)
    hhcd_USB_OTG_FS                          0x200007cc   Data         708  usbh_conf.o(.bss)
    __heap_base                              0x20000a90   Data           0  startup_stm32f407xx.o(HEAP)
    __heap_limit                             0x20000c90   Data           0  startup_stm32f407xx.o(HEAP)
    __initial_sp                             0x20001090   Data           0  startup_stm32f407xx.o(STACK)



==============================================================================

Memory Map of the image

  Image Entry point : 0x08000189

  Load Region LR_IROM1 (Base: 0x08000000, Size: 0x00004978, Max: 0x00100000, ABSOLUTE)

    Execution Region ER_IROM1 (Exec base: 0x08000000, Load base: 0x08000000, Size: 0x00004938, Max: 0x00100000, ABSOLUTE)

    Exec Addr    Load Addr    Size         Type   Attr      Idx    E Section Name        Object

    0x08000000   0x08000000   0x00000188   Data   RO            3    RESET               startup_stm32f407xx.o
    0x08000188   0x08000188   0x00000000   Code   RO         4266  * .ARM.Collect$$$$00000000  mc_w.l(entry.o)
    0x08000188   0x08000188   0x00000004   Code   RO         4576    .ARM.Collect$$$$00000001  mc_w.l(entry2.o)
    0x0800018c   0x0800018c   0x00000004   Code   RO         4579    .ARM.Collect$$$$00000004  mc_w.l(entry5.o)
    0x08000190   0x08000190   0x00000000   Code   RO         4581    .ARM.Collect$$$$00000008  mc_w.l(entry7b.o)
    0x08000190   0x08000190   0x00000000   Code   RO         4583    .ARM.Collect$$$$0000000A  mc_w.l(entry8b.o)
    0x08000190   0x08000190   0x00000008   Code   RO         4584    .ARM.Collect$$$$0000000B  mc_w.l(entry9a.o)
    0x08000198   0x08000198   0x00000000   Code   RO         4586    .ARM.Collect$$$$0000000D  mc_w.l(entry10a.o)
    0x08000198   0x08000198   0x00000000   Code   RO         4588    .ARM.Collect$$$$0000000F  mc_w.l(entry11a.o)
    0x08000198   0x08000198   0x00000004   Code   RO         4577    .ARM.Collect$$$$00002712  mc_w.l(entry2.o)
    0x0800019c   0x0800019c   0x00000024   Code   RO            4    .text               startup_stm32f407xx.o
    0x080001c0   0x080001c0   0x00000062   Code   RO         4269    .text               mc_w.l(uldiv.o)
    0x08000222   0x08000222   0x00000024   Code   RO         4271    .text               mc_w.l(memcpya.o)
    0x08000246   0x08000246   0x00000024   Code   RO         4273    .text               mc_w.l(memseta.o)
    0x0800026a   0x0800026a   0x0000002c   Code   RO         4593    .text               mc_w.l(uidiv.o)
    0x08000296   0x08000296   0x0000001e   Code   RO         4595    .text               mc_w.l(llshl.o)
    0x080002b4   0x080002b4   0x00000020   Code   RO         4597    .text               mc_w.l(llushr.o)
    0x080002d4   0x080002d4   0x00000024   Code   RO         4612    .text               mc_w.l(init.o)
    0x080002f8   0x080002f8   0x00000128   Code   RO         2432    i.ADC_Init          stm32f4xx_hal_adc.o
    0x08000420   0x08000420   0x00000002   Code   RO          660    i.BusFault_Handler  stm32f4xx_it.o
    0x08000422   0x08000422   0x00000002   PAD
    0x08000424   0x08000424   0x00000068   Code   RO         4150    i.CDC_ProcessReception  usbh_cdc.o
    0x0800048c   0x0800048c   0x00000072   Code   RO         4151    i.CDC_ProcessTransmission  usbh_cdc.o
    0x080004fe   0x080004fe   0x00000002   PAD
    0x08000500   0x08000500   0x0000000c   Code   RO          661    i.DMA2_Stream0_IRQHandler  stm32f4xx_it.o
    0x0800050c   0x0800050c   0x00000028   Code   RO         1756    i.DMA_CalcBaseAndBitshift  stm32f4xx_hal_dma.o
    0x08000534   0x08000534   0x00000054   Code   RO         1757    i.DMA_CheckFifoParam  stm32f4xx_hal_dma.o
    0x08000588   0x08000588   0x00000048   Code   RO         3808    i.DeInitStateMachine  usbh_core.o
    0x080005d0   0x080005d0   0x00000002   Code   RO          662    i.DebugMon_Handler  stm32f4xx_it.o
    0x080005d2   0x080005d2   0x00000002   PAD
    0x080005d4   0x080005d4   0x00000010   Code   RO          287    i.Error_Handler     main.o
    0x080005e4   0x080005e4   0x00000016   Code   RO         4152    i.GetLineCoding     usbh_cdc.o
    0x080005fa   0x080005fa   0x00000002   PAD
    0x080005fc   0x080005fc   0x0000014c   Code   RO         2434    i.HAL_ADC_ConfigChannel  stm32f4xx_hal_adc.o
    0x08000748   0x08000748   0x00000054   Code   RO         2443    i.HAL_ADC_Init      stm32f4xx_hal_adc.o
    0x0800079c   0x0800079c   0x00000094   Code   RO          749    i.HAL_ADC_MspInit   stm32f4xx_hal_msp.o
    0x08000830   0x08000830   0x000001a0   Code   RO         1764    i.HAL_DMA_IRQHandler  stm32f4xx_hal_dma.o
    0x080009d0   0x080009d0   0x000000d4   Code   RO         1765    i.HAL_DMA_Init      stm32f4xx_hal_dma.o
    0x08000aa4   0x08000aa4   0x00000024   Code   RO         2178    i.HAL_Delay         stm32f4xx_hal.o
    0x08000ac8   0x08000ac8   0x000001b8   Code   RO         1652    i.HAL_GPIO_Init     stm32f4xx_hal_gpio.o
    0x08000c80   0x08000c80   0x0000000a   Code   RO         1656    i.HAL_GPIO_WritePin  stm32f4xx_hal_gpio.o
    0x08000c8a   0x08000c8a   0x00000002   PAD
    0x08000c8c   0x08000c8c   0x0000000c   Code   RO         2184    i.HAL_GetTick       stm32f4xx_hal.o
    0x08000c98   0x08000c98   0x00000008   Code   RO          455    i.HAL_HCD_Connect_Callback  usbh_conf.o
    0x08000ca0   0x08000ca0   0x00000008   Code   RO          456    i.HAL_HCD_Disconnect_Callback  usbh_conf.o
    0x08000ca8   0x08000ca8   0x00000006   Code   RO          824    i.HAL_HCD_GetCurrentFrame  stm32f4xx_hal_hcd.o
    0x08000cae   0x08000cae   0x00000006   Code   RO          825    i.HAL_HCD_GetCurrentSpeed  stm32f4xx_hal_hcd.o
    0x08000cb4   0x08000cb4   0x0000000e   Code   RO          828    i.HAL_HCD_HC_GetURBState  stm32f4xx_hal_hcd.o
    0x08000cc2   0x08000cc2   0x0000000c   Code   RO          829    i.HAL_HCD_HC_GetXferCount  stm32f4xx_hal_hcd.o
    0x08000cce   0x08000cce   0x00000024   Code   RO          830    i.HAL_HCD_HC_Halt   stm32f4xx_hal_hcd.o
    0x08000cf2   0x08000cf2   0x00000072   Code   RO          831    i.HAL_HCD_HC_Init   stm32f4xx_hal_hcd.o
    0x08000d64   0x08000d64   0x00000002   Code   RO          457    i.HAL_HCD_HC_NotifyURBChange_Callback  usbh_conf.o
    0x08000d66   0x08000d66   0x0000008e   Code   RO          833    i.HAL_HCD_HC_SubmitRequest  stm32f4xx_hal_hcd.o
    0x08000df4   0x08000df4   0x00000132   Code   RO          834    i.HAL_HCD_IRQHandler  stm32f4xx_hal_hcd.o
    0x08000f26   0x08000f26   0x00000072   Code   RO          835    i.HAL_HCD_Init      stm32f4xx_hal_hcd.o
    0x08000f98   0x08000f98   0x00000098   Code   RO          459    i.HAL_HCD_MspInit   usbh_conf.o
    0x08001030   0x08001030   0x00000008   Code   RO          460    i.HAL_HCD_PortDisabled_Callback  usbh_conf.o
    0x08001038   0x08001038   0x00000008   Code   RO          461    i.HAL_HCD_PortEnabled_Callback  usbh_conf.o
    0x08001040   0x08001040   0x00000006   Code   RO          840    i.HAL_HCD_ResetPort  stm32f4xx_hal_hcd.o
    0x08001046   0x08001046   0x00000008   Code   RO          462    i.HAL_HCD_SOF_Callback  usbh_conf.o
    0x0800104e   0x0800104e   0x0000002c   Code   RO          842    i.HAL_HCD_Start     stm32f4xx_hal_hcd.o
    0x0800107a   0x0800107a   0x00000024   Code   RO          843    i.HAL_HCD_Stop      stm32f4xx_hal_hcd.o
    0x0800109e   0x0800109e   0x00000002   PAD
    0x080010a0   0x080010a0   0x00000188   Code   RO         2715    i.HAL_I2C_Init      stm32f4xx_hal_i2c.o
    0x08001228   0x08001228   0x0000006c   Code   RO          751    i.HAL_I2C_MspInit   stm32f4xx_hal_msp.o
    0x08001294   0x08001294   0x000001f4   Code   RO         3328    i.HAL_I2SEx_FullDuplex_IRQHandler  stm32f4xx_hal_i2s_ex.o
    0x08001488   0x08001488   0x00000002   Code   RO         3332    i.HAL_I2SEx_TxRxCpltCallback  stm32f4xx_hal_i2s_ex.o
    0x0800148a   0x0800148a   0x00000002   Code   RO         3153    i.HAL_I2S_ErrorCallback  stm32f4xx_hal_i2s.o
    0x0800148c   0x0800148c   0x00000174   Code   RO         3157    i.HAL_I2S_Init      stm32f4xx_hal_i2s.o
    0x08001600   0x08001600   0x00000090   Code   RO          753    i.HAL_I2S_MspInit   stm32f4xx_hal_msp.o
    0x08001690   0x08001690   0x00000002   Code   RO         3163    i.HAL_I2S_RxCpltCallback  stm32f4xx_hal_i2s.o
    0x08001692   0x08001692   0x00000002   Code   RO         3168    i.HAL_I2S_TxCpltCallback  stm32f4xx_hal_i2s.o
    0x08001694   0x08001694   0x00000010   Code   RO         2190    i.HAL_IncTick       stm32f4xx_hal.o
    0x080016a4   0x080016a4   0x00000034   Code   RO         2191    i.HAL_Init          stm32f4xx_hal.o
    0x080016d8   0x080016d8   0x00000040   Code   RO         2192    i.HAL_InitTick      stm32f4xx_hal.o
    0x08001718   0x08001718   0x00000030   Code   RO          754    i.HAL_MspInit       stm32f4xx_hal_msp.o
    0x08001748   0x08001748   0x0000001a   Code   RO         2041    i.HAL_NVIC_EnableIRQ  stm32f4xx_hal_cortex.o
    0x08001762   0x08001762   0x00000002   PAD
    0x08001764   0x08001764   0x00000040   Code   RO         2047    i.HAL_NVIC_SetPriority  stm32f4xx_hal_cortex.o
    0x080017a4   0x080017a4   0x00000024   Code   RO         2048    i.HAL_NVIC_SetPriorityGrouping  stm32f4xx_hal_cortex.o
    0x080017c8   0x080017c8   0x0000005c   Code   RO         1402    i.HAL_RCCEx_GetPeriphCLKFreq  stm32f4xx_hal_rcc_ex.o
    0x08001824   0x08001824   0x0000013c   Code   RO         1403    i.HAL_RCCEx_PeriphCLKConfig  stm32f4xx_hal_rcc_ex.o
    0x08001960   0x08001960   0x00000134   Code   RO         1298    i.HAL_RCC_ClockConfig  stm32f4xx_hal_rcc.o
    0x08001a94   0x08001a94   0x00000020   Code   RO         1305    i.HAL_RCC_GetPCLK1Freq  stm32f4xx_hal_rcc.o
    0x08001ab4   0x08001ab4   0x00000060   Code   RO         1307    i.HAL_RCC_GetSysClockFreq  stm32f4xx_hal_rcc.o
    0x08001b14   0x08001b14   0x0000035c   Code   RO         1310    i.HAL_RCC_OscConfig  stm32f4xx_hal_rcc.o
    0x08001e70   0x08001e70   0x00000080   Code   RO         3423    i.HAL_SPI_Init      stm32f4xx_hal_spi.o
    0x08001ef0   0x08001ef0   0x00000068   Code   RO          756    i.HAL_SPI_MspInit   stm32f4xx_hal_msp.o
    0x08001f58   0x08001f58   0x00000028   Code   RO         2052    i.HAL_SYSTICK_Config  stm32f4xx_hal_cortex.o
    0x08001f80   0x08001f80   0x0000022c   Code   RO          844    i.HCD_HC_IN_IRQHandler  stm32f4xx_hal_hcd.o
    0x080021ac   0x080021ac   0x00000244   Code   RO          845    i.HCD_HC_OUT_IRQHandler  stm32f4xx_hal_hcd.o
    0x080023f0   0x080023f0   0x000000b8   Code   RO          846    i.HCD_Port_IRQHandler  stm32f4xx_hal_hcd.o
    0x080024a8   0x080024a8   0x00000070   Code   RO          847    i.HCD_RXQLVL_IRQHandler  stm32f4xx_hal_hcd.o
    0x08002518   0x08002518   0x00000002   Code   RO          663    i.HardFault_Handler  stm32f4xx_it.o
    0x0800251a   0x0800251a   0x00000002   PAD
    0x0800251c   0x0800251c   0x00000060   Code   RO         3335    i.I2SEx_RxISR_I2SExt  stm32f4xx_hal_i2s_ex.o
    0x0800257c   0x0800257c   0x00000060   Code   RO         3336    i.I2SEx_TxISR_I2SExt  stm32f4xx_hal_i2s_ex.o
    0x080025dc   0x080025dc   0x000000f2   Code   RO         3175    i.I2S_IRQHandler    stm32f4xx_hal_i2s.o
    0x080026ce   0x080026ce   0x00000002   PAD
    0x080026d0   0x080026d0   0x00000028   Code   RO           13    i.LCD_clrScr        nokia5110_lcd.o
    0x080026f8   0x080026f8   0x00000048   Code   RO           14    i.LCD_drawHLine     nokia5110_lcd.o
    0x08002740   0x08002740   0x0000002c   Code   RO           17    i.LCD_drawVLine     nokia5110_lcd.o
    0x0800276c   0x0800276c   0x0000001c   Code   RO           18    i.LCD_goXY          nokia5110_lcd.o
    0x08002788   0x08002788   0x0000005c   Code   RO           19    i.LCD_init          nokia5110_lcd.o
    0x080027e4   0x080027e4   0x0000001e   Code   RO           22    i.LCD_print         nokia5110_lcd.o
    0x08002802   0x08002802   0x00000002   PAD
    0x08002804   0x08002804   0x0000003c   Code   RO           23    i.LCD_putChar       nokia5110_lcd.o
    0x08002840   0x08002840   0x0000005c   Code   RO           24    i.LCD_refreshArea   nokia5110_lcd.o
    0x0800289c   0x0800289c   0x0000003c   Code   RO           25    i.LCD_refreshScr    nokia5110_lcd.o
    0x080028d8   0x080028d8   0x0000004c   Code   RO           26    i.LCD_send          nokia5110_lcd.o
    0x08002924   0x08002924   0x0000000c   Code   RO           27    i.LCD_setCE         nokia5110_lcd.o
    0x08002930   0x08002930   0x0000000c   Code   RO           28    i.LCD_setCLK        nokia5110_lcd.o
    0x0800293c   0x0800293c   0x0000000c   Code   RO           29    i.LCD_setDC         nokia5110_lcd.o
    0x08002948   0x08002948   0x0000000c   Code   RO           30    i.LCD_setDIN        nokia5110_lcd.o
    0x08002954   0x08002954   0x00000040   Code   RO           31    i.LCD_setPixel      nokia5110_lcd.o
    0x08002994   0x08002994   0x0000000c   Code   RO           32    i.LCD_setRST        nokia5110_lcd.o
    0x080029a0   0x080029a0   0x00000038   Code   RO           33    i.LCD_write         nokia5110_lcd.o
    0x080029d8   0x080029d8   0x0000007c   Code   RO          288    i.MX_ADC1_Init      main.o
    0x08002a54   0x08002a54   0x00000014   Code   RO          636    i.MX_DriverVbusFS   usbh_platform.o
    0x08002a68   0x08002a68   0x00000168   Code   RO          289    i.MX_GPIO_Init      main.o
    0x08002bd0   0x08002bd0   0x00000040   Code   RO          290    i.MX_I2C1_Init      main.o
    0x08002c10   0x08002c10   0x0000003c   Code   RO          291    i.MX_I2S3_Init      main.o
    0x08002c4c   0x08002c4c   0x00000048   Code   RO          292    i.MX_SPI1_Init      main.o
    0x08002c94   0x08002c94   0x00000040   Code   RO          390    i.MX_USB_HOST_Init  usb_host.o
    0x08002cd4   0x08002cd4   0x0000000c   Code   RO          391    i.MX_USB_HOST_Process  usb_host.o
    0x08002ce0   0x08002ce0   0x00000002   Code   RO          664    i.MemManage_Handler  stm32f4xx_it.o
    0x08002ce2   0x08002ce2   0x00000002   Code   RO          665    i.NMI_Handler       stm32f4xx_it.o
    0x08002ce4   0x08002ce4   0x0000000c   Code   RO          666    i.OTG_FS_IRQHandler  stm32f4xx_it.o
    0x08002cf0   0x08002cf0   0x00000002   Code   RO          667    i.PendSV_Handler    stm32f4xx_it.o
    0x08002cf2   0x08002cf2   0x00000002   Code   RO          668    i.SVC_Handler       stm32f4xx_it.o
    0x08002cf4   0x08002cf4   0x00000004   Code   RO          669    i.SysTick_Handler   stm32f4xx_it.o
    0x08002cf8   0x08002cf8   0x000000b4   Code   RO          294    i.SystemClock_Config  main.o
    0x08002dac   0x08002dac   0x0000001c   Code   RO         3771    i.SystemInit        system_stm32f4xx.o
    0x08002dc8   0x08002dc8   0x00000034   Code   RO         4108    i.USBH_AllocPipe    usbh_pipes.o
    0x08002dfc   0x08002dfc   0x00000020   Code   RO         4036    i.USBH_BulkReceiveData  usbh_ioreq.o
    0x08002e1c   0x08002e1c   0x00000028   Code   RO         4037    i.USBH_BulkSendData  usbh_ioreq.o
    0x08002e44   0x08002e44   0x00000024   Code   RO         4153    i.USBH_CDC_ClassRequest  usbh_cdc.o
    0x08002e68   0x08002e68   0x0000005e   Code   RO         4156    i.USBH_CDC_InterfaceDeInit  usbh_cdc.o
    0x08002ec6   0x08002ec6   0x00000134   Code   RO         4157    i.USBH_CDC_InterfaceInit  usbh_cdc.o
    0x08002ffa   0x08002ffa   0x00000002   Code   RO         4158    i.USBH_CDC_LineCodingChanged  usbh_cdc.o
    0x08002ffc   0x08002ffc   0x000000b8   Code   RO         4159    i.USBH_CDC_Process  usbh_cdc.o
    0x080030b4   0x080030b4   0x00000002   Code   RO         4161    i.USBH_CDC_ReceiveCallback  usbh_cdc.o
    0x080030b6   0x080030b6   0x00000004   Code   RO         4162    i.USBH_CDC_SOFProcess  usbh_cdc.o
    0x080030ba   0x080030ba   0x00000002   Code   RO         4166    i.USBH_CDC_TransmitCallback  usbh_cdc.o
    0x080030bc   0x080030bc   0x0000000a   Code   RO         4109    i.USBH_ClosePipe    usbh_pipes.o
    0x080030c6   0x080030c6   0x0000001e   Code   RO         3942    i.USBH_ClrFeature   usbh_ctlreq.o
    0x080030e4   0x080030e4   0x0000001e   Code   RO         4038    i.USBH_CtlReceiveData  usbh_ioreq.o
    0x08003102   0x08003102   0x0000003a   Code   RO         3943    i.USBH_CtlReq       usbh_ctlreq.o
    0x0800313c   0x0800313c   0x00000028   Code   RO         4039    i.USBH_CtlSendData  usbh_ioreq.o
    0x08003164   0x08003164   0x0000001e   Code   RO         4040    i.USBH_CtlSendSetup  usbh_ioreq.o
    0x08003182   0x08003182   0x00000004   Code   RO          463    i.USBH_Delay        usbh_conf.o
    0x08003186   0x08003186   0x00000002   PAD
    0x08003188   0x08003188   0x00000044   Code   RO         3810    i.USBH_FindInterface  usbh_core.o
    0x080031cc   0x080031cc   0x00000018   Code   RO         4110    i.USBH_FreePipe     usbh_pipes.o
    0x080031e4   0x080031e4   0x00000034   Code   RO         3944    i.USBH_GetDescriptor  usbh_ctlreq.o
    0x08003218   0x08003218   0x0000000e   Code   RO         3945    i.USBH_GetNextDesc  usbh_ctlreq.o
    0x08003226   0x08003226   0x0000002c   Code   RO         3946    i.USBH_Get_CfgDesc  usbh_ctlreq.o
    0x08003252   0x08003252   0x00000090   Code   RO         3947    i.USBH_Get_DevDesc  usbh_ctlreq.o
    0x080032e2   0x080032e2   0x00000048   Code   RO         3948    i.USBH_Get_StringDesc  usbh_ctlreq.o
    0x0800332a   0x0800332a   0x00000018   Code   RO          464    i.USBH_Get_USB_Status  usbh_conf.o
    0x08003342   0x08003342   0x0000018a   Code   RO         3949    i.USBH_HandleControl  usbh_ctlreq.o
    0x080034cc   0x080034cc   0x000000f2   Code   RO         3813    i.USBH_HandleEnum   usbh_core.o
    0x080035be   0x080035be   0x00000030   Code   RO         3814    i.USBH_Init         usbh_core.o
    0x080035ee   0x080035ee   0x00000012   Code   RO          465    i.USBH_LL_ClosePipe  usbh_conf.o
    0x08003600   0x08003600   0x0000002a   Code   RO         3816    i.USBH_LL_Connect   usbh_core.o
    0x0800362a   0x0800362a   0x00000038   Code   RO         3817    i.USBH_LL_Disconnect  usbh_core.o
    0x08003662   0x08003662   0x0000001a   Code   RO          467    i.USBH_LL_DriverVBUS  usbh_conf.o
    0x0800367c   0x0800367c   0x00000008   Code   RO          468    i.USBH_LL_GetLastXferSize  usbh_conf.o
    0x08003684   0x08003684   0x00000022   Code   RO          469    i.USBH_LL_GetSpeed  usbh_conf.o
    0x080036a6   0x080036a6   0x00000008   Code   RO          471    i.USBH_LL_GetURBState  usbh_conf.o
    0x080036ae   0x080036ae   0x0000001e   Code   RO         3818    i.USBH_LL_IncTimer  usbh_core.o
    0x080036cc   0x080036cc   0x00000050   Code   RO          472    i.USBH_LL_Init      usbh_conf.o
    0x0800371c   0x0800371c   0x0000001c   Code   RO          473    i.USBH_LL_OpenPipe  usbh_conf.o
    0x08003738   0x08003738   0x00000008   Code   RO         3819    i.USBH_LL_PortDisabled  usbh_core.o
    0x08003740   0x08003740   0x00000008   Code   RO         3820    i.USBH_LL_PortEnabled  usbh_core.o
    0x08003748   0x08003748   0x00000012   Code   RO          474    i.USBH_LL_ResetPort  usbh_conf.o
    0x0800375a   0x0800375a   0x00000006   Code   RO         3821    i.USBH_LL_SetTimer  usbh_core.o
    0x08003760   0x08003760   0x00000020   Code   RO          475    i.USBH_LL_SetToggle  usbh_conf.o
    0x08003780   0x08003780   0x00000012   Code   RO          476    i.USBH_LL_Start     usbh_conf.o
    0x08003792   0x08003792   0x00000012   Code   RO          477    i.USBH_LL_Stop      usbh_conf.o
    0x080037a4   0x080037a4   0x00000022   Code   RO          478    i.USBH_LL_SubmitURB  usbh_conf.o
    0x080037c6   0x080037c6   0x00000014   Code   RO         4111    i.USBH_OpenPipe     usbh_pipes.o
    0x080037da   0x080037da   0x000000dc   Code   RO         3950    i.USBH_ParseCfgDesc  usbh_ctlreq.o
    0x080038b6   0x080038b6   0x000001a0   Code   RO         3822    i.USBH_Process      usbh_core.o
    0x08003a56   0x08003a56   0x0000001c   Code   RO         3824    i.USBH_RegisterClass  usbh_core.o
    0x08003a72   0x08003a72   0x00000016   Code   RO         3825    i.USBH_SelectInterface  usbh_core.o
    0x08003a88   0x08003a88   0x0000001c   Code   RO         3951    i.USBH_SetAddress   usbh_ctlreq.o
    0x08003aa4   0x08003aa4   0x0000001c   Code   RO         3952    i.USBH_SetCfg       usbh_ctlreq.o
    0x08003ac0   0x08003ac0   0x0000001c   Code   RO         3953    i.USBH_SetFeature   usbh_ctlreq.o
    0x08003adc   0x08003adc   0x00000014   Code   RO         3826    i.USBH_Start        usbh_core.o
    0x08003af0   0x08003af0   0x00000020   Code   RO          392    i.USBH_UserProcess  usb_host.o
    0x08003b10   0x08003b10   0x00000074   Code   RO         1002    i.USB_CoreInit      stm32f4xx_ll_usb.o
    0x08003b84   0x08003b84   0x00000038   Code   RO         1003    i.USB_CoreReset     stm32f4xx_ll_usb.o
    0x08003bbc   0x08003bbc   0x0000000c   Code   RO         1010    i.USB_DisableGlobalInt  stm32f4xx_ll_usb.o
    0x08003bc8   0x08003bc8   0x00000024   Code   RO         1011    i.USB_DoPing        stm32f4xx_ll_usb.o
    0x08003bec   0x08003bec   0x0000002c   Code   RO         1012    i.USB_DriveVbus     stm32f4xx_ll_usb.o
    0x08003c18   0x08003c18   0x0000000c   Code   RO         1018    i.USB_EnableGlobalInt  stm32f4xx_ll_usb.o
    0x08003c24   0x08003c24   0x00000020   Code   RO         1019    i.USB_FlushRxFifo   stm32f4xx_ll_usb.o
    0x08003c44   0x08003c44   0x00000024   Code   RO         1020    i.USB_FlushTxFifo   stm32f4xx_ll_usb.o
    0x08003c68   0x08003c68   0x00000008   Code   RO         1021    i.USB_GetCurrentFrame  stm32f4xx_ll_usb.o
    0x08003c70   0x08003c70   0x0000000e   Code   RO         1023    i.USB_GetHostSpeed  stm32f4xx_ll_usb.o
    0x08003c7e   0x08003c7e   0x00000008   Code   RO         1024    i.USB_GetMode       stm32f4xx_ll_usb.o
    0x08003c86   0x08003c86   0x000000c2   Code   RO         1025    i.USB_HC_Halt       stm32f4xx_ll_usb.o
    0x08003d48   0x08003d48   0x000000f0   Code   RO         1026    i.USB_HC_Init       stm32f4xx_ll_usb.o
    0x08003e38   0x08003e38   0x00000008   Code   RO         1027    i.USB_HC_ReadInterrupt  stm32f4xx_ll_usb.o
    0x08003e40   0x08003e40   0x00000150   Code   RO         1028    i.USB_HC_StartXfer  stm32f4xx_ll_usb.o
    0x08003f90   0x08003f90   0x000000d8   Code   RO         1029    i.USB_HostInit      stm32f4xx_ll_usb.o
    0x08004068   0x08004068   0x00000036   Code   RO         1030    i.USB_InitFSLSPClkSel  stm32f4xx_ll_usb.o
    0x0800409e   0x0800409e   0x00000008   Code   RO         1035    i.USB_ReadInterrupts  stm32f4xx_ll_usb.o
    0x080040a6   0x080040a6   0x0000001c   Code   RO         1036    i.USB_ReadPacket    stm32f4xx_ll_usb.o
    0x080040c2   0x080040c2   0x00000032   Code   RO         1037    i.USB_ResetPort     stm32f4xx_ll_usb.o
    0x080040f4   0x080040f4   0x0000002e   Code   RO         1038    i.USB_SetCurrentMode  stm32f4xx_ll_usb.o
    0x08004122   0x08004122   0x00000002   PAD
    0x08004124   0x08004124   0x0000007e   Code   RO         1043    i.USB_StopHost      stm32f4xx_ll_usb.o
    0x080041a2   0x080041a2   0x00000024   Code   RO         1044    i.USB_WritePacket   stm32f4xx_ll_usb.o
    0x080041c6   0x080041c6   0x00000002   Code   RO          670    i.UsageFault_Handler  stm32f4xx_it.o
    0x080041c8   0x080041c8   0x00000028   Code   RO         4324    i.__0sprintf$1      mc_w.l(printf1.o)
    0x080041f0   0x080041f0   0x00000020   Code   RO         2054    i.__NVIC_SetPriority  stm32f4xx_hal_cortex.o
    0x08004210   0x08004210   0x0000000e   Code   RO         4618    i.__scatterload_copy  mc_w.l(handlers.o)
    0x0800421e   0x0800421e   0x00000002   Code   RO         4619    i.__scatterload_null  mc_w.l(handlers.o)
    0x08004220   0x08004220   0x0000000e   Code   RO         4620    i.__scatterload_zeroinit  mc_w.l(handlers.o)
    0x0800422e   0x0800422e   0x00000002   PAD
    0x08004230   0x08004230   0x00000154   Code   RO         4329    i._printf_core      mc_w.l(printf1.o)
    0x08004384   0x08004384   0x0000000a   Code   RO         4331    i._sputc            mc_w.l(printf1.o)
    0x0800438e   0x0800438e   0x00000068   Code   RO          295    i.drawFood          main.o
    0x080043f6   0x080043f6   0x00000002   PAD
    0x080043f8   0x080043f8   0x000000e8   Code   RO          296    i.drawTablero       main.o
    0x080044e0   0x080044e0   0x00000050   Code   RO         4538    i.free              mc_w.l(malloc.o)
    0x08004530   0x08004530   0x00000118   Code   RO          297    i.main              main.o
    0x08004648   0x08004648   0x0000006c   Code   RO         4539    i.malloc            mc_w.l(malloc.o)
    0x080046b4   0x080046b4   0x00000240   Data   RO           36    .constdata          nokia5110_lcd.o
    0x080048f4   0x080048f4   0x00000008   Data   RO         1771    .constdata          stm32f4xx_hal_dma.o
    0x080048fc   0x080048fc   0x00000010   Data   RO         3772    .constdata          system_stm32f4xx.o
    0x0800490c   0x0800490c   0x00000008   Data   RO         3773    .constdata          system_stm32f4xx.o
    0x08004914   0x08004914   0x00000004   Data   RO         4167    .conststring        usbh_cdc.o
    0x08004918   0x08004918   0x00000020   Data   RO         4616    Region$$Table       anon$$obj.o


    Execution Region RW_IRAM1 (Exec base: 0x20000000, Load base: 0x08004938, Size: 0x00001090, Max: 0x00020000, ABSOLUTE)

    Exec Addr    Load Addr    Size         Type   Attr      Idx    E Section Name        Object

    0x20000000   0x08004938   0x00000001   Data   RW          394    .data               usb_host.o
    0x20000001   0x08004939   0x00000003   PAD
    0x20000004   0x0800493c   0x00000004   Data   RW         1045    .data               stm32f4xx_ll_usb.o
    0x20000008   0x08004940   0x0000000c   Data   RW         2198    .data               stm32f4xx_hal.o
    0x20000014   0x0800494c   0x00000004   Data   RW         3774    .data               system_stm32f4xx.o
    0x20000018   0x08004950   0x00000020   Data   RW         4168    .data               usbh_cdc.o
    0x20000038   0x08004970   0x00000004   Data   RW         4601    .data               mc_w.l(mvars.o)
    0x2000003c   0x08004974   0x00000004   Data   RW         4602    .data               mc_w.l(mvars.o)
    0x20000040        -       0x00000224   Zero   RW           35    .bss                nokia5110_lcd.o
    0x20000264        -       0x0000013c   Zero   RW          298    .bss                main.o
    0x200003a0        -       0x00000060   Zero   RW          299    .bss                main.o
    0x20000400        -       0x000003cc   Zero   RW          393    .bss                usb_host.o
    0x200007cc        -       0x000002c4   Zero   RW          479    .bss                usbh_conf.o
    0x20000a90        -       0x00000200   Zero   RW            2    HEAP                startup_stm32f407xx.o
    0x20000c90        -       0x00000400   Zero   RW            1    STACK               startup_stm32f407xx.o


==============================================================================

Image component sizes


      Code (inc. data)   RO Data    RW Data    ZI Data      Debug   Object Name

      1492        118          0          0        412       8766   main.o
       774         74        576          0        548     699222   nokia5110_lcd.o
        36          8        392          0       1536        852   startup_stm32f407xx.o
       180         28          0         12          0       9541   stm32f4xx_hal.o
       712         28          0          0          0       2951   stm32f4xx_hal_adc.o
       198         14          0          0          0      34055   stm32f4xx_hal_cortex.o
       752         16          8          0          0       4168   stm32f4xx_hal_dma.o
       450         46          0          0          0       2452   stm32f4xx_hal_gpio.o
      2268          4          0          0          0      14009   stm32f4xx_hal_hcd.o
       392         16          0          0          0       3083   stm32f4xx_hal_i2c.o
       620         18          0          0          0       4269   stm32f4xx_hal_i2s.o
       694         24          0          0          0       3835   stm32f4xx_hal_i2s_ex.o
       552         68          0          0          0       3934   stm32f4xx_hal_msp.o
      1296         66          0          0          0       4721   stm32f4xx_hal_rcc.o
       408         36          0          0          0       2329   stm32f4xx_hal_rcc_ex.o
       128          0          0          0          0       1199   stm32f4xx_hal_spi.o
        44         12          0          0          0       5216   stm32f4xx_it.o
      1716         52          0          4          0      18609   stm32f4xx_ll_usb.o
        28          6         24          4          0       1179   system_stm32f4xx.o
       108         22          0          1        972       9874   usb_host.o
       872          6          4         32          0      12980   usbh_cdc.o
       544         16          0          0        708      13161   usbh_conf.o
      1066         20          0          0          0      11256   usbh_core.o
      1112         12          0          0          0      10826   usbh_ctlreq.o
       172          0          0          0          0       4464   usbh_ioreq.o
       106          0          0          0          0       3450   usbh_pipes.o
        20          4          0          0          0        538   usbh_platform.o

    ----------------------------------------------------------------------
     16766        714       1036         56       4176     890939   Object Totals
         0          0         32          0          0          0   (incl. Generated)
        26          0          0          3          0          0   (incl. Padding)

    ----------------------------------------------------------------------

      Code (inc. data)   RO Data    RW Data    ZI Data      Debug   Library Member Name

         0          0          0          0          0          0   entry.o
         0          0          0          0          0          0   entry10a.o
         0          0          0          0          0          0   entry11a.o
         8          4          0          0          0          0   entry2.o
         4          0          0          0          0          0   entry5.o
         0          0          0          0          0          0   entry7b.o
         0          0          0          0          0          0   entry8b.o
         8          4          0          0          0          0   entry9a.o
        30          0          0          0          0          0   handlers.o
        36          8          0          0          0         68   init.o
        30          0          0          0          0         68   llshl.o
        32          0          0          0          0         68   llushr.o
       188         20          0          0          0        160   malloc.o
        36          0          0          0          0         68   memcpya.o
        36          0          0          0          0        108   memseta.o
         0          0          0          8          0          0   mvars.o
       390         10          0          0          0        252   printf1.o
        44          0          0          0          0         80   uidiv.o
        98          0          0          0          0         92   uldiv.o

    ----------------------------------------------------------------------
       942         46          0          8          0        964   Library Totals
         2          0          0          0          0          0   (incl. Padding)

    ----------------------------------------------------------------------

      Code (inc. data)   RO Data    RW Data    ZI Data      Debug   Library Name

       940         46          0          8          0        964   mc_w.l

    ----------------------------------------------------------------------
       942         46          0          8          0        964   Library Totals

    ----------------------------------------------------------------------

==============================================================================


      Code (inc. data)   RO Data    RW Data    ZI Data      Debug   

     17708        760       1036         64       4176     873539   Grand Totals
     17708        760       1036         64       4176     873539   ELF Image Totals
     17708        760       1036         64          0          0   ROM Totals

==============================================================================

    Total RO  Size (Code + RO Data)                18744 (  18.30kB)
    Total RW  Size (RW Data + ZI Data)              4240 (   4.14kB)
    Total ROM Size (Code + RO Data + RW Data)      18808 (  18.37kB)

==============================================================================

