Component: ARM Compiler 5.06 update 6 (build 750) Tool: armlink [4d35ed]

==============================================================================

Section Cross References

    startup_stm32f407xx.o(RESET) refers to startup_stm32f407xx.o(STACK) for __initial_sp
    startup_stm32f407xx.o(RESET) refers to startup_stm32f407xx.o(.text) for Reset_Handler
    startup_stm32f407xx.o(RESET) refers to stm32f4xx_it.o(i.NMI_Handler) for NMI_Handler
    startup_stm32f407xx.o(RESET) refers to stm32f4xx_it.o(i.HardFault_Handler) for HardFault_Handler
    startup_stm32f407xx.o(RESET) refers to stm32f4xx_it.o(i.MemManage_Handler) for MemManage_Handler
    startup_stm32f407xx.o(RESET) refers to stm32f4xx_it.o(i.BusFault_Handler) for BusFault_Handler
    startup_stm32f407xx.o(RESET) refers to stm32f4xx_it.o(i.UsageFault_Handler) for UsageFault_Handler
    startup_stm32f407xx.o(RESET) refers to stm32f4xx_it.o(i.SVC_Handler) for SVC_Handler
    startup_stm32f407xx.o(RESET) refers to stm32f4xx_it.o(i.DebugMon_Handler) for DebugMon_Handler
    startup_stm32f407xx.o(RESET) refers to stm32f4xx_it.o(i.PendSV_Handler) for PendSV_Handler
    startup_stm32f407xx.o(RESET) refers to stm32f4xx_it.o(i.SysTick_Handler) for SysTick_Handler
    startup_stm32f407xx.o(RESET) refers to stm32f4xx_it.o(i.EXTI0_IRQHandler) for EXTI0_IRQHandler
    startup_stm32f407xx.o(RESET) refers to stm32f4xx_it.o(i.ADC_IRQHandler) for ADC_IRQHandler
    startup_stm32f407xx.o(RESET) refers to stm32f4xx_it.o(i.OTG_FS_IRQHandler) for OTG_FS_IRQHandler
    startup_stm32f407xx.o(.text) refers to system_stm32f4xx.o(i.SystemInit) for SystemInit
    startup_stm32f407xx.o(.text) refers to entry.o(.ARM.Collect$$$$00000000) for __main
    nokia5110_lcd.o(i.LCD_clrScr) refers to nokia5110_lcd.o(i.LCD_write) for LCD_write
    nokia5110_lcd.o(i.LCD_clrScr) refers to nokia5110_lcd.o(.bss) for .bss
    nokia5110_lcd.o(i.LCD_drawHLine) refers to nokia5110_lcd.o(.bss) for .bss
    nokia5110_lcd.o(i.LCD_drawLine) refers to nokia5110_lcd.o(i.LCD_drawHLine) for LCD_drawHLine
    nokia5110_lcd.o(i.LCD_drawLine) refers to dflti.o(.text) for __aeabi_i2d
    nokia5110_lcd.o(i.LCD_drawLine) refers to ddiv.o(.text) for __aeabi_ddiv
    nokia5110_lcd.o(i.LCD_drawLine) refers to dadd.o(.text) for __aeabi_dadd
    nokia5110_lcd.o(i.LCD_drawLine) refers to dfixi.o(.text) for __aeabi_d2iz
    nokia5110_lcd.o(i.LCD_drawLine) refers to nokia5110_lcd.o(i.LCD_setPixel) for LCD_setPixel
    nokia5110_lcd.o(i.LCD_drawLine) refers to f2d.o(.text) for __aeabi_f2d
    nokia5110_lcd.o(i.LCD_drawRectangle) refers to nokia5110_lcd.o(i.LCD_drawLine) for LCD_drawLine
    nokia5110_lcd.o(i.LCD_drawVLine) refers to nokia5110_lcd.o(i.LCD_setPixel) for LCD_setPixel
    nokia5110_lcd.o(i.LCD_goXY) refers to nokia5110_lcd.o(i.LCD_write) for LCD_write
    nokia5110_lcd.o(i.LCD_init) refers to stm32f4xx_hal_gpio.o(i.HAL_GPIO_WritePin) for HAL_GPIO_WritePin
    nokia5110_lcd.o(i.LCD_init) refers to nokia5110_lcd.o(i.LCD_write) for LCD_write
    nokia5110_lcd.o(i.LCD_init) refers to nokia5110_lcd.o(i.LCD_clrScr) for LCD_clrScr
    nokia5110_lcd.o(i.LCD_init) refers to nokia5110_lcd.o(.bss) for .bss
    nokia5110_lcd.o(i.LCD_invert) refers to nokia5110_lcd.o(i.LCD_write) for LCD_write
    nokia5110_lcd.o(i.LCD_invertText) refers to nokia5110_lcd.o(.bss) for .bss
    nokia5110_lcd.o(i.LCD_print) refers to nokia5110_lcd.o(i.LCD_goXY) for LCD_goXY
    nokia5110_lcd.o(i.LCD_print) refers to nokia5110_lcd.o(i.LCD_putChar) for LCD_putChar
    nokia5110_lcd.o(i.LCD_putChar) refers to nokia5110_lcd.o(i.LCD_write) for LCD_write
    nokia5110_lcd.o(i.LCD_putChar) refers to nokia5110_lcd.o(.bss) for .bss
    nokia5110_lcd.o(i.LCD_putChar) refers to nokia5110_lcd.o(.constdata) for .constdata
    nokia5110_lcd.o(i.LCD_refreshArea) refers to nokia5110_lcd.o(i.LCD_write) for LCD_write
    nokia5110_lcd.o(i.LCD_refreshArea) refers to nokia5110_lcd.o(.bss) for .bss
    nokia5110_lcd.o(i.LCD_refreshScr) refers to nokia5110_lcd.o(i.LCD_goXY) for LCD_goXY
    nokia5110_lcd.o(i.LCD_refreshScr) refers to nokia5110_lcd.o(i.LCD_write) for LCD_write
    nokia5110_lcd.o(i.LCD_refreshScr) refers to nokia5110_lcd.o(.bss) for .bss
    nokia5110_lcd.o(i.LCD_send) refers to stm32f4xx_hal_gpio.o(i.HAL_GPIO_WritePin) for HAL_GPIO_WritePin
    nokia5110_lcd.o(i.LCD_send) refers to nokia5110_lcd.o(.bss) for .bss
    nokia5110_lcd.o(i.LCD_setCE) refers to nokia5110_lcd.o(.bss) for .bss
    nokia5110_lcd.o(i.LCD_setCLK) refers to nokia5110_lcd.o(.bss) for .bss
    nokia5110_lcd.o(i.LCD_setDC) refers to nokia5110_lcd.o(.bss) for .bss
    nokia5110_lcd.o(i.LCD_setDIN) refers to nokia5110_lcd.o(.bss) for .bss
    nokia5110_lcd.o(i.LCD_setPixel) refers to nokia5110_lcd.o(.bss) for .bss
    nokia5110_lcd.o(i.LCD_setRST) refers to nokia5110_lcd.o(.bss) for .bss
    nokia5110_lcd.o(i.LCD_write) refers to stm32f4xx_hal_gpio.o(i.HAL_GPIO_WritePin) for HAL_GPIO_WritePin
    nokia5110_lcd.o(i.LCD_write) refers to nokia5110_lcd.o(i.LCD_send) for LCD_send
[...]
    i.HAL_I2C_Init                           0x080010cc   Section        0  stm32f4xx_hal_i2c.o(i.HAL_I2C_Init)
    i.HAL_I2C_MspInit                        0x08001254   Section        0  stm32f4xx_hal_msp.o(i.HAL_I2C_MspInit)
    i.HAL_I2SEx_FullDuplex_IRQHandler        0x080012c0   Section        0  stm32f4xx_hal_i2s_ex.o(i.HAL_I2SEx_FullDuplex_IRQHandler)
    i.HAL_I2SEx_TxRxCpltCallback             0x080014b4   Section        0  stm32f4xx_hal_i2s_ex.o(i.HAL_I2SEx_TxRxCpltCallback)
    i.HAL_I2S_ErrorCallback                  0x080014b6   Section        0  stm32f4xx_hal_i2s.o(i.HAL_I2S_ErrorCallback)
    i.HAL_I2S_Init                           0x080014b8   Section        0  stm32f4xx_hal_i2s.o(i.HAL_I2S_Init)
    i.HAL_I2S_MspInit                        0x0800162c   Section        0  stm32f4xx_hal_msp.o(i.HAL_I2S_MspInit)
    i.HAL_I2S_RxCpltCallback                 0x080016bc   Section        0  stm32f4xx_hal_i2s.o(i.HAL_I2S_RxCpltCallback)
    i.HAL_I2S_TxCpltCallback                 0x080016be   Section        0  stm32f4xx_hal_i2s.o(i.HAL_I2S_TxCpltCallback)
    i.HAL_IncTick                            0x080016c0   Section        0  stm32f4xx_hal.o(i.HAL_IncTick)
    i.HAL_Init                               0x080016d0   Section        0  stm32f4xx_hal.o(i.HAL_Init)
    i.HAL_InitTick                           0x08001704   Section        0  stm32f4xx_hal.o(i.HAL_InitTick)
    i.HAL_MspInit                            0x08001744   Section        0  stm32f4xx_hal_msp.o(i.HAL_MspInit)
    i.HAL_NVIC_EnableIRQ                     0x08001774   Section        0  stm32f4xx_hal_cortex.o(i.HAL_NVIC_EnableIRQ)
    i.HAL_NVIC_SetPriority                   0x08001790   Section        0  stm32f4xx_hal_cortex.o(i.HAL_NVIC_SetPriority)
    i.HAL_NVIC_SetPriorityGrouping           0x080017d0   Section        0  stm32f4xx_hal_cortex.o(i.HAL_NVIC_SetPriorityGrouping)
    i.HAL_RCCEx_GetPeriphCLKFreq             0x080017f4   Section        0  stm32f4xx_hal_rcc_ex.o(i.HAL_RCCEx_GetPeriphCLKFreq)
    i.HAL_RCCEx_PeriphCLKConfig              0x08001850   Section        0  stm32f4xx_hal_rcc_ex.o(i.HAL_RCCEx_PeriphCLKConfig)
    i.HAL_RCC_ClockConfig                    0x0800198c   Section        0  stm32f4xx_hal_rcc.o(i.HAL_RCC_ClockConfig)
    i.HAL_RCC_GetPCLK1Freq                   0x08001ac0   Section        0  stm32f4xx_hal_rcc.o(i.HAL_RCC_GetPCLK1Freq)
    i.HAL_RCC_GetSysClockFreq                0x08001ae0   Section        0  stm32f4xx_hal_rcc.o(i.HAL_RCC_GetSysClockFreq)
    i.HAL_RCC_OscConfig                      0x08001b40   Section        0  stm32f4xx_hal_rcc.o(i.HAL_RCC_OscConfig)
    i.HAL_SPI_Init                           0x08001e9c   Section        0  stm32f4xx_hal_spi.o(i.HAL_SPI_Init)
    i.HAL_SPI_MspInit                        0x08001f1c   Section        0  stm32f4xx_hal_msp.o(i.HAL_SPI_MspInit)
    i.HAL_SYSTICK_Config                     0x08001f84   Section        0  stm32f4xx_hal_cortex.o(i.HAL_SYSTICK_Config)
    i.HCD_HC_IN_IRQHandler                   0x08001fac   Section        0  stm32f4xx_hal_hcd.o(i.HCD_HC_IN_IRQHandler)
    HCD_HC_IN_IRQHandler                     0x08001fad   Thumb Code   556  stm32f4xx_hal_hcd.o(i.HCD_HC_IN_IRQHandler)
    i.HCD_HC_OUT_IRQHandler                  0x080021d8   Section        0  stm32f4xx_hal_hcd.o(i.HCD_HC_OUT_IRQHandler)
    HCD_HC_OUT_IRQHandler                    0x080021d9   Thumb Code   580  stm32f4xx_hal_hcd.o(i.HCD_HC_OUT_IRQHandler)
    i.HCD_Port_IRQHandler                    0x0800241c   Section        0  stm32f4xx_hal_hcd.o(i.HCD_Port_IRQHandler)
    HCD_Port_IRQHandler                      0x0800241d   Thumb Code   184  stm32f4xx_hal_hcd.o(i.HCD_Port_IRQHandler)
    i.HCD_RXQLVL_IRQHandler                  0x080024d4   Section        0  stm32f4xx_hal_hcd.o(i.HCD_RXQLVL_IRQHandler)
    HCD_RXQLVL_IRQHandler                    0x080024d5   Thumb Code   108  stm32f4xx_hal_hcd.o(i.HCD_RXQLVL_IRQHandler)
    i.HardFault_Handler                      0x08002544   Section        0  stm32f4xx_it.o(i.HardFault_Handler)
    i.I2SEx_RxISR_I2SExt                     0x08002558   Section        0  stm32f4xx_hal_i2s_ex.o(i.I2SEx_RxISR_I2SExt)
    I2SEx_RxISR_I2SExt                       0x08002559   Thumb Code    88  stm32f4xx_hal_i2s_ex.o(i.I2SEx_RxISR_I2SExt)
    i.I2SEx_TxISR_I2SExt                     0x080025b8   Section        0  stm32f4xx_hal_i2s_ex.o(i.I2SEx_TxISR_I2SExt)
    I2SEx_TxISR_I2SExt                       0x080025b9   Thumb Code    88  stm32f4xx_hal_i2s_ex.o(i.I2SEx_TxISR_I2SExt)
    i.I2S_IRQHandler                         0x08002618   Section        0  stm32f4xx_hal_i2s.o(i.I2S_IRQHandler)
    I2S_IRQHandler                           0x08002619   Thumb Code   242  stm32f4xx_hal_i2s.o(i.I2S_IRQHandler)
    i.JuegoInit                              0x0800270a   Section        0  main.o(i.JuegoInit)
    i.LCD_clrScr                             0x08002720   Section        0  nokia5110_lcd.o(i.LCD_clrScr)
    i.LCD_drawHLine                          0x08002748   Section        0  nokia5110_lcd.o(i.LCD_drawHLine)
    i.LCD_drawVLine                          0x08002790   Section        0  nokia5110_lcd.o(i.LCD_drawVLine)
    i.LCD_goXY                               0x080027bc   Section        0  nokia5110_lcd.o(i.LCD_goXY)
    i.LCD_init                               0x080027d8   Section        0  nokia5110_lcd.o(i.LCD_init)
    i.LCD_print                              0x08002834   Section        0  nokia5110_lcd.o(i.LCD_print)
    i.LCD_putChar                            0x08002854   Section        0  nokia5110_lcd.o(i.LCD_putChar)
    i.LCD_refreshArea                        0x08002890   Section        0  nokia5110_lcd.o(i.LCD_refreshArea)
    i.LCD_refreshScr                         0x080028ec   Section        0  nokia5110_lcd.o(i.LCD_refreshScr)
    i.LCD_send                               0x08002928   Section        0  nokia5110_lcd.o(i.LCD_send)
    i.LCD_setCE                              0x08002974   Section        0  nokia5110_lcd.o(i.LCD_setCE)
    i.LCD_setCLK                             0x08002980   Section        0  nokia5110_lcd.o(i.LCD_setCLK)
    i.LCD_setDC                              0x0800298c   Section        0  nokia5110_lcd.o(i.LCD_setDC)
    i.LCD_setDIN                             0x08002998   Section        0  nokia5110_lcd.o(i.LCD_setDIN)
    i.LCD_setPixel                           0x080029a4   Section        0  nokia5110_lcd.o(i.LCD_setPixel)
    i.LCD_setRST                             0x080029e4   Section        0  nokia5110_lcd.o(i.LCD_setRST)
    i.LCD_write                              0x080029f0   Section        0  nokia5110_lcd.o(i.LCD_write)
    i.MX_ADC1_Init                           0x08002a28   Section        0  main.o(i.MX_ADC1_Init)
    MX_ADC1_Init                             0x08002a29   Thumb Code    76  main.o(i.MX_ADC1_Init)
    i.MX_ADC2_Init                           0x08002a80   Section        0  main.o(i.MX_ADC2_Init)
    MX_ADC2_Init                             0x08002a81   Thumb Code    78  main.o(i.MX_ADC2_Init)
    i.MX_DriverVbusFS                        0x08002adc   Section        0  usbh_platform.o(i.MX_DriverVbusFS)
    i.MX_GPIO_Init                           0x08002af0   Section        0  main.o(i.MX_GPIO_Init)
    MX_GPIO_Init                             0x08002af1   Thumb Code   358  main.o(i.MX_GPIO_Init)
    i.MX_SPI1_Init                           0x08002c74   Section        0  main.o(i.MX_SPI1_Init)
    MX_SPI1_Init                             0x08002c75   Thumb Code    46  main.o(i.MX_SPI1_Init)
    i.MX_USB_HOST_Init                       0x08002cac   Section        0  usb_host.o(i.MX_USB_HOST_Init)
    i.MX_USB_HOST_Process                    0x08002cec   Section        0  usb_host.o(i.MX_USB_HOST_Process)
    i.MemManage_Handler                      0x08002cf8   Section        0  stm32f4xx_it.o(i.MemManage_Handler)
    i.NMI_Handler                            0x08002cfa   Section        0  stm32f4xx_it.o(i.NMI_Handler)
    i.OTG_FS_IRQHandler                      0x08002cfc   Section        0  stm32f4xx_it.o(i.OTG_FS_IRQHandler)
    i.PendSV_Handler                         0x08002d08   Section        0  stm32f4xx_it.o(i.PendSV_Handler)
    i.SVC_Handler                            0x08002d0a   Section        0  stm32f4xx_it.o(i.SVC_Handler)
    i.SnakePos                               0x08002d0c   Section        0  main.o(i.SnakePos)
    i.SysTick_Handler                        0x08002ea4   Section        0  stm32f4xx_it.o(i.SysTick_Handler)
    i.SystemClock_Config                     0x08002ea8   Section        0  main.o(i.SystemClock_Config)
    i.SystemInit                             0x08002f44   Section        0  system_stm32f4xx.o(i.SystemInit)
    i.USBH_AllocPipe                         0x08002f60   Section        0  usbh_pipes.o(i.USBH_AllocPipe)
    i.USBH_BulkReceiveData                   0x08002f94   Section        0  usbh_ioreq.o(i.USBH_BulkReceiveData)
    i.USBH_BulkSendData                      0x08002fb4   Section        0  usbh_ioreq.o(i.USBH_BulkSendData)
    i.USBH_CDC_ClassRequest                  0x08002fdc   Section        0  usbh_cdc.o(i.USBH_CDC_ClassRequest)
    USBH_CDC_ClassRequest                    0x08002fdd   Thumb Code    36  usbh_cdc.o(i.USBH_CDC_ClassRequest)
    i.USBH_CDC_InterfaceDeInit               0x08003000   Section        0  usbh_cdc.o(i.USBH_CDC_InterfaceDeInit)
    USBH_CDC_InterfaceDeInit                 0x08003001   Thumb Code    94  usbh_cdc.o(i.USBH_CDC_InterfaceDeInit)
    i.USBH_CDC_InterfaceInit                 0x0800305e   Section        0  usbh_cdc.o(i.USBH_CDC_InterfaceInit)
    USBH_CDC_InterfaceInit                   0x0800305f   Thumb Code   308  usbh_cdc.o(i.USBH_CDC_InterfaceInit)
    i.USBH_CDC_LineCodingChanged             0x08003192   Section        0  usbh_cdc.o(i.USBH_CDC_LineCodingChanged)
    i.USBH_CDC_Process                       0x08003194   Section        0  usbh_cdc.o(i.USBH_CDC_Process)
    USBH_CDC_Process                         0x08003195   Thumb Code   184  usbh_cdc.o(i.USBH_CDC_Process)
    i.USBH_CDC_ReceiveCallback               0x0800324c   Section        0  usbh_cdc.o(i.USBH_CDC_ReceiveCallback)
    i.USBH_CDC_SOFProcess                    0x0800324e   Section        0  usbh_cdc.o(i.USBH_CDC_SOFProcess)
    USBH_CDC_SOFProcess                      0x0800324f   Thumb Code     4  usbh_cdc.o(i.USBH_CDC_SOFProcess)
    i.USBH_CDC_TransmitCallback              0x08003252   Section        0  usbh_cdc.o(i.USBH_CDC_TransmitCallback)
    i.USBH_ClosePipe                         0x08003254   Section        0  usbh_pipes.o(i.USBH_ClosePipe)
    i.USBH_ClrFeature                        0x0800325e   Section        0  usbh_ctlreq.o(i.USBH_ClrFeature)
    i.USBH_CtlReceiveData                    0x0800327c   Section        0  usbh_ioreq.o(i.USBH_CtlReceiveData)
    i.USBH_CtlReq                            0x0800329a   Section        0  usbh_ctlreq.o(i.USBH_CtlReq)
    i.USBH_CtlSendData                       0x080032d4   Section        0  usbh_ioreq.o(i.USBH_CtlSendData)
    i.USBH_CtlSendSetup                      0x080032fc   Section        0  usbh_ioreq.o(i.USBH_CtlSendSetup)
    i.USBH_Delay                             0x0800331a   Section        0  usbh_conf.o(i.USBH_Delay)
    i.USBH_FindInterface                     0x08003320   Section        0  usbh_core.o(i.USBH_FindInterface)
    i.USBH_FreePipe                          0x08003364   Section        0  usbh_pipes.o(i.USBH_FreePipe)
    i.USBH_GetDescriptor                     0x0800337c   Section        0  usbh_ctlreq.o(i.USBH_GetDescriptor)
    i.USBH_GetNextDesc                       0x080033b0   Section        0  usbh_ctlreq.o(i.USBH_GetNextDesc)
    i.USBH_Get_CfgDesc                       0x080033be   Section        0  usbh_ctlreq.o(i.USBH_Get_CfgDesc)
    i.USBH_Get_DevDesc                       0x080033ea   Section        0  usbh_ctlreq.o(i.USBH_Get_DevDesc)
    i.USBH_Get_StringDesc                    0x0800347a   Section        0  usbh_ctlreq.o(i.USBH_Get_StringDesc)
    i.USBH_Get_USB_Status                    0x080034c2   Section        0  usbh_conf.o(i.USBH_Get_USB_Status)
    i.USBH_HandleControl                     0x080034da   Section        0  usbh_ctlreq.o(i.USBH_HandleControl)
    USBH_HandleControl                       0x080034db   Thumb Code   394  usbh_ctlreq.o(i.USBH_HandleControl)
    i.USBH_HandleEnum                        0x08003664   Section        0  usbh_core.o(i.USBH_HandleEnum)
    USBH_HandleEnum                          0x08003665   Thumb Code   242  usbh_core.o(i.USBH_HandleEnum)
    i.USBH_Init                              0x08003756   Section        0  usbh_core.o(i.USBH_Init)
    i.USBH_LL_ClosePipe                      0x08003786   Section        0  usbh_conf.o(i.USBH_LL_ClosePipe)
    i.USBH_LL_Connect                        0x08003798   Section        0  usbh_core.o(i.USBH_LL_Connect)
    i.USBH_LL_Disconnect                     0x080037c2   Section        0  usbh_core.o(i.USBH_LL_Disconnect)
    i.USBH_LL_DriverVBUS                     0x080037fa   Section        0  usbh_conf.o(i.USBH_LL_DriverVBUS)
    i.USBH_LL_GetLastXferSize                0x08003814   Section        0  usbh_conf.o(i.USBH_LL_GetLastXferSize)
    i.USBH_LL_GetSpeed                       0x0800381c   Section        0  usbh_conf.o(i.USBH_LL_GetSpeed)
    i.USBH_LL_GetURBState                    0x0800383e   Section        0  usbh_conf.o(i.USBH_LL_GetURBState)
    i.USBH_LL_IncTimer                       0x08003846   Section        0  usbh_core.o(i.USBH_LL_IncTimer)
    i.USBH_LL_Init                           0x08003864   Section        0  usbh_conf.o(i.USBH_LL_Init)
    i.USBH_LL_OpenPipe                       0x080038b4   Section        0  usbh_conf.o(i.USBH_LL_OpenPipe)
    i.USBH_LL_PortDisabled                   0x080038d0   Section        0  usbh_core.o(i.USBH_LL_PortDisabled)
    i.USBH_LL_PortEnabled                    0x080038d8   Section        0  usbh_core.o(i.USBH_LL_PortEnabled)
    i.USBH_LL_ResetPort                      0x080038e0   Section        0  usbh_conf.o(i.USBH_LL_ResetPort)
    i.USBH_LL_SetTimer                       0x080038f2   Section        0  usbh_core.o(i.USBH_LL_SetTimer)
    i.USBH_LL_SetToggle                      0x080038f8   Section        0  usbh_conf.o(i.USBH_LL_SetToggle)
    i.USBH_LL_Start                          0x08003918   Section        0  usbh_conf.o(i.USBH_LL_Start)
    i.USBH_LL_Stop                           0x0800392a   Section        0  usbh_conf.o(i.USBH_LL_Stop)
    i.USBH_LL_SubmitURB                      0x0800393c   Section        0  usbh_conf.o(i.USBH_LL_SubmitURB)
    i.USBH_OpenPipe                          0x0800395e   Section        0  usbh_pipes.o(i.USBH_OpenPipe)
    i.USBH_ParseCfgDesc                      0x08003972   Section        0  usbh_ctlreq.o(i.USBH_ParseCfgDesc)
    USBH_ParseCfgDesc                        0x08003973   Thumb Code   220  usbh_ctlreq.o(i.USBH_ParseCfgDesc)
    i.USBH_Process                           0x08003a4e   Section        0  usbh_core.o(i.USBH_Process)
    i.USBH_RegisterClass                     0x08003bee   Section        0  usbh_core.o(i.USBH_RegisterClass)
    i.USBH_SelectInterface                   0x08003c0a   Section        0  usbh_core.o(i.USBH_SelectInterface)
    i.USBH_SetAddress                        0x08003c20   Section        0  usbh_ctlreq.o(i.USBH_SetAddress)
    i.USBH_SetCfg                            0x08003c3c   Section        0  usbh_ctlreq.o(i.USBH_SetCfg)
    i.USBH_SetFeature                        0x08003c58   Section        0  usbh_ctlreq.o(i.USBH_SetFeature)
    i.USBH_Start                             0x08003c74   Section        0  usbh_core.o(i.USBH_Start)
    i.USBH_UserProcess                       0x08003c88   Section        0  usb_host.o(i.USBH_UserProcess)
    USBH_UserProcess                         0x08003c89   Thumb Code    28  usb_host.o(i.USBH_UserProcess)
    i.USB_CoreInit                           0x08003ca8   Section        0  stm32f4xx_ll_usb.o(i.USB_CoreInit)
    i.USB_CoreReset                          0x08003d1c   Section        0  stm32f4xx_ll_usb.o(i.USB_CoreReset)
    USB_CoreReset                            0x08003d1d   Thumb Code    50  stm32f4xx_ll_usb.o(i.USB_CoreReset)
    i.USB_DisableGlobalInt                   0x08003d54   Section        0  stm32f4xx_ll_usb.o(i.USB_DisableGlobalInt)
    i.USB_DoPing                             0x08003d60   Section        0  stm32f4xx_ll_usb.o(i.USB_DoPing)
    i.USB_DriveVbus                          0x08003d84   Section        0  stm32f4xx_ll_usb.o(i.USB_DriveVbus)
    i.USB_EnableGlobalInt                    0x08003db0   Section        0  stm32f4xx_ll_usb.o(i.USB_EnableGlobalInt)
    i.USB_FlushRxFifo                        0x08003dbc   Section        0  stm32f4xx_ll_usb.o(i.USB_FlushRxFifo)
    i.USB_FlushTxFifo                        0x08003ddc   Section        0  stm32f4xx_ll_usb.o(i.USB_FlushTxFifo)
    i.USB_GetCurrentFrame                    0x08003e00   Section        0  stm32f4xx_ll_usb.o(i.USB_GetCurrentFrame)
    i.USB_GetHostSpeed                       0x08003e08   Section        0  stm32f4xx_ll_usb.o(i.USB_GetHostSpeed)
    i.USB_GetMode                            0x08003e16   Section        0  stm32f4xx_ll_usb.o(i.USB_GetMode)
    i.USB_HC_Halt                            0x08003e1e   Section        0  stm32f4xx_ll_usb.o(i.USB_HC_Halt)
    i.USB_HC_Init                            0x08003ee0   Section        0  stm32f4xx_ll_usb.o(i.USB_HC_Init)
    i.USB_HC_ReadInterrupt                   0x08003fd0   Section        0  stm32f4xx_ll_usb.o(i.USB_HC_ReadInterrupt)
    i.USB_HC_StartXfer                       0x08003fd8   Section        0  stm32f4xx_ll_usb.o(i.USB_HC_StartXfer)
    i.USB_HostInit                           0x08004128   Section        0  stm32f4xx_ll_usb.o(i.USB_HostInit)
    i.USB_InitFSLSPClkSel                    0x08004200   Section        0  stm32f4xx_ll_usb.o(i.USB_InitFSLSPClkSel)
    i.USB_ReadInterrupts                     0x08004236   Section        0  stm32f4xx_ll_usb.o(i.USB_ReadInterrupts)
    i.USB_ReadPacket                         0x0800423e   Section        0  stm32f4xx_ll_usb.o(i.USB_ReadPacket)
    i.USB_ResetPort                          0x0800425a   Section        0  stm32f4xx_ll_usb.o(i.USB_ResetPort)
    i.USB_SetCurrentMode                     0x0800428c   Section        0  stm32f4xx_ll_usb.o(i.USB_SetCurrentMode)
    i.USB_StopHost                           0x080042bc   Section        0  stm32f4xx_ll_usb.o(i.USB_StopHost)
    i.USB_WritePacket                        0x0800433a   Section        0  stm32f4xx_ll_usb.o(i.USB_WritePacket)
    i.UsageFault_Handler                     0x0800435e   Section        0  stm32f4xx_it.o(i.UsageFault_Handler)
    i.__0sprintf$1                           0x08004360   Section        0  printf1.o(i.__0sprintf$1)
    i.__NVIC_SetPriority                     0x08004388   Section        0  stm32f4xx_hal_cortex.o(i.__NVIC_SetPriority)
    __NVIC_SetPriority                       0x08004389   Thumb Code    32  stm32f4xx_hal_cortex.o(i.__NVIC_SetPriority)
    i.__scatterload_copy                     0x080043a8   Section       14  handlers.o(i.__scatterload_copy)
    i.__scatterload_null                     0x080043b6   Section        2  handlers.o(i.__scatterload_null)
    i.__scatterload_zeroinit                 0x080043b8   Section       14  handlers.o(i.__scatterload_zeroinit)
    i._printf_core                           0x080043c8   Section        0  printf1.o(i._printf_core)
    _printf_core                             0x080043c9   Thumb Code   336  printf1.o(i._printf_core)
    i._sputc                                 0x0800451c   Section        0  printf1.o(i._sputc)
    _sputc                                   0x0800451d   Thumb Code    10  printf1.o(i._sputc)
    i.drawFood                               0x08004526   Section        0  main.o(i.drawFood)
    i.drawTablero                            0x0800459c   Section        0  main.o(i.drawTablero)
    i.free                                   0x0800467c   Section        0  malloc.o(i.free)
    i.main                                   0x080046cc   Section        0  main.o(i.main)
    i.malloc                                 0x0800481c   Section        0  malloc.o(i.malloc)
    .constdata                               0x08004888   Section      576  nokia5110_lcd.o(.constdata)
    ASCII                                    0x08004888   Data         576  nokia5110_lcd.o(.constdata)
    .constdata                               0x08004ac8   Section       16  system_stm32f4xx.o(.constdata)
    .constdata                               0x08004ad8   Section        8  system_stm32f4xx.o(.constdata)
    .conststring                             0x08004ae0   Section        4  usbh_cdc.o(.conststring)
    .data                                    0x20000000   Section        3  main.o(.data)
    .data                                    0x20000003   Section        1  usb_host.o(.data)
    .data                                    0x20000004   Section        4  stm32f4xx_ll_usb.o(.data)
    tmpreg                                   0x20000004   Data           4  stm32f4xx_ll_usb.o(.data)
    .data                                    0x20000008   Section       12  stm32f4xx_hal.o(.data)
    .data                                    0x20000014   Section        4  system_stm32f4xx.o(.data)
    .data                                    0x20000018   Section       32  usbh_cdc.o(.data)
    .data                                    0x20000038   Section        4  rand.o(.data)
    _rand_state                              0x20000038   Data           4  rand.o(.data)
    .data                                    0x2000003c   Section        4  mvars.o(.data)
    .data                                    0x20000040   Section        4  mvars.o(.data)
    .bss                                     0x20000044   Section      548  nokia5110_lcd.o(.bss)
    .bss                                     0x20000268   Section      388  main.o(.bss)
    .bss                                     0x200003ec   Section      972  usb_host.o(.bss)
    .bss                                     0x200007b8   Section      708  usbh_conf.o(.bss)
    HEAP                                     0x20000a80   Section      512  startup_stm32f407xx.o(HEAP)
    STACK                                    0x20000c80   Section     1024  startup_stm32f407xx.o(STACK)

    Global Symbols

    Symbol Name                              Value     Ov Type        Size  Object(Section)

    BuildAttributes$$THM_ISAv4$E$P$D$K$B$S$7EM$VFPi3$EXTD16$VFPS$VFMA$PE$A:L22UL41UL21$X:L11$S22US41US21$IEEE1$IW$USESV6$~STKCKD$USESV7$~SHL$OSPACE$ROPI$EBA8$MICROLIB$REQ8$PRES8$EABIv2 0x00000000   Number         0  anon$$obj.o ABSOLUTE
    __ARM_use_no_argv                        0x00000000   Number         0  main.o ABSOLUTE
    _printf_a                                0x00000000   Number         0  stubs.o ABSOLUTE
    _printf_c                                0x00000000   Number         0  stubs.o ABSOLUTE
    _printf_charcount                        0x00000000   Number         0  stubs.o ABSOLUTE
    _printf_d                                0x00000000   Number         0  stubs.o ABSOLUTE
    _printf_e                                0x00000000   Number         0  stubs.o ABSOLUTE
    _printf_f                                0x00000000   Number         0  stubs.o ABSOLUTE
    _printf_flags                            0x00000000   Number         0  stubs.o ABSOLUTE
    _printf_fp_dec                           0x00000000   Number         0  stubs.o ABSOLUTE
    _printf_fp_hex                           0x00000000   Number         0  stubs.o ABSOLUTE
    _printf_g                                0x00000000   Number         0  stubs.o ABSOLUTE
    _printf_i                                0x00000000   Number         0  stubs.o ABSOLUTE
    _printf_int_dec                          0x00000000   Number         0  stubs.o ABSOLUTE
    _printf_l                                0x00000000   Number         0  stubs.o ABSOLUTE
    _printf_lc                               0x00000000   Number         0  stubs.o ABSOLUTE
    _printf_ll                               0x00000000   Number         0  stubs.o ABSOLUTE
    _printf_lld                              0x00000000   Number         0  stubs.o ABSOLUTE
    _printf_lli                              0x00000000   Number         0  stubs.o ABSOLUTE
    _printf_llo                              0x00000000   Number         0  stubs.o ABSOLUTE
    _printf_llu                              0x00000000   Number         0  stubs.o ABSOLUTE
    _printf_llx                              0x00000000   Number         0  stubs.o ABSOLUTE
    _printf_longlong_dec                     0x00000000   Number         0  stubs.o ABSOLUTE
    _printf_longlong_hex                     0x00000000   Number         0  stubs.o ABSOLUTE
    _printf_longlong_oct                     0x00000000   Number         0  stubs.o ABSOLUTE
    _printf_ls                               0x00000000   Number         0  stubs.o ABSOLUTE
    _printf_mbtowc                           0x00000000   Number         0  stubs.o ABSOLUTE
    _printf_n                                0x00000000   Number         0  stubs.o ABSOLUTE
    _printf_o                                0x00000000   Number         0  stubs.o ABSOLUTE
    _printf_p                                0x00000000   Number         0  stubs.o ABSOLUTE
    _printf_percent                          0x00000000   Number         0  stubs.o ABSOLUTE
    _printf_pre_padding                      0x00000000   Number         0  stubs.o ABSOLUTE
    _printf_return_value                     0x00000000   Number         0  stubs.o ABSOLUTE
    _printf_s                                0x00000000   Number         0  stubs.o ABSOLUTE
    _printf_sizespec                         0x00000000   Number         0  stubs.o ABSOLUTE
    _printf_str                              0x00000000   Number         0  stubs.o ABSOLUTE
    _printf_truncate_signed                  0x00000000   Number         0  stubs.o ABSOLUTE
    _printf_truncate_unsigned                0x00000000   Number         0  stubs.o ABSOLUTE
    _printf_u                                0x00000000   Number         0  stubs.o ABSOLUTE
    _printf_wc                               0x00000000   Number         0  stubs.o ABSOLUTE
    _printf_wctomb                           0x00000000   Number         0  stubs.o ABSOLUTE
    _printf_widthprec                        0x00000000   Number         0  stubs.o ABSOLUTE
    _printf_x                                0x00000000   Number         0  stubs.o ABSOLUTE
    __cpp_initialize__aeabi_                  - Undefined Weak Reference
    __cxa_finalize                            - Undefined Weak Reference
    __decompress                              - Undefined Weak Reference
    _clock_init                               - Undefined Weak Reference
    _microlib_exit                            - Undefined Weak Reference
    __Vectors_Size                           0x00000188   Number         0  startup_stm32f407xx.o ABSOLUTE
    __Vectors                                0x08000000   Data           4  startup_stm32f407xx.o(RESET)
    __Vectors_End                            0x08000188   Data           0  startup_stm32f407xx.o(RESET)
    __main                                   0x08000189   Thumb Code     0  entry.o(.ARM.Collect$$$$00000000)
    _main_stk                                0x08000189   Thumb Code     0  entry2.o(.ARM.Collect$$$$00000001)
    _main_scatterload                        0x0800018d   Thumb Code     0  entry5.o(.ARM.Collect$$$$00000004)
    __main_after_scatterload                 0x08000191   Thumb Code     0  entry5.o(.ARM.Collect$$$$00000004)
    _main_clock                              0x08000191   Thumb Code     0  entry7b.o(.ARM.Collect$$$$00000008)
    _main_cpp_init                           0x08000191   Thumb Code     0  entry8b.o(.ARM.Collect$$$$0000000A)
    _main_init                               0x08000191   Thumb Code     0  entry9a.o(.ARM.Collect$$$$0000000B)
    __rt_final_cpp                           0x08000199   Thumb Code     0  entry10a.o(.ARM.Collect$$$$0000000D)
    __rt_final_exit                          0x08000199   Thumb Code     0  entry11a.o(.ARM.Collect$$$$0000000F)
    Reset_Handler                            0x0800019d   Thumb Code     8  startup_stm32f407xx.o(.text)
    CAN1_RX0_IRQHandler                      0x080001b7   Thumb Code     0  startup_stm32f407xx.o(.text)
    CAN1_RX1_IRQHandler                      0x080001b7   Thumb Code     0  startup_stm32f407xx.o(.text)
    CAN1_SCE_IRQHandler                      0x080001b7   Thumb Code     0  startup_stm32f407xx.o(.text)
    CAN1_TX_IRQHandler                       0x080001b7   Thumb Code     0  startup_stm32f407xx.o(.text)
    CAN2_RX0_IRQHandler                      0x080001b7   Thumb Code     0  startup_stm32f407xx.o(.text)
    CAN2_RX1_IRQHandler                      0x080001b7   Thumb Code     0  startup_stm32f407xx.o(.text)
    CAN2_SCE_IRQHandler                      0x080001b7   Thumb Code     0  startup_stm32f407xx.o(.text)
    CAN2_TX_IRQHandler                       0x080001b7   Thumb Code     0  startup_stm32f407xx.o(.text)
    DCMI_IRQHandler                          0x080001b7   Thumb Code     0  startup_stm32f407xx.o(.text)
    DMA1_Stream0_IRQHandler                  0x080001b7   Thumb Code     0  startup_stm32f407xx.o(.text)
    DMA1_Stream1_IRQHandler                  0x080001b7   Thumb Code     0  startup_stm32f407xx.o(.text)
    DMA1_Stream2_IRQHandler                  0x080001b7   Thumb Code     0  startup_stm32f407xx.o(.text)
    DMA1_Stream3_IRQHandler                  0x080001b7   Thumb Code     0  startup_stm32f407xx.o(.text)
    DMA1_Stream4_IRQHandler                  0x080001b7   Thumb Code     0  startup_stm32f407xx.o(.text)
    DMA1_Stream5_IRQHandler                  0x080001b7   Thumb Code     0  startup_stm32f407xx.o(.text)
    DMA1_Stream6_IRQHandler                  0x080001b7   Thumb Code     0  startup_stm32f407xx.o(.text)
    DMA1_Stream7_IRQHandler                  0x080001b7   Thumb Code     0  startup_stm32f407xx.o(.text)
    DMA2_Stream0_IRQHandler                  0x080001b7   Thumb Code     0  startup_stm32f407xx.o(.text)
    DMA2_Stream1_IRQHandler                  0x080001b7   Thumb Code     0  startup_stm32f407xx.o(.text)
    DMA2_Stream2_IRQHandler                  0x080001b7   Thumb Code     0  startup_stm32f407xx.o(.text)
    DMA2_Stream3_IRQHandler                  0x080001b7   Thumb Code     0  startup_stm32f407xx.o(.text)
    DMA2_Stream4_IRQHandler                  0x080001b7   Thumb Code     0  startup_stm32f407xx.o(.text)
    DMA2_Stream5_IRQHandler                  0x080001b7   Thumb Code     0  startup_stm32f407xx.o(.text)
    DMA2_Stream6_IRQHandler                  0x080001b7   Thumb Code     0  startup_stm32f407xx.o(.text)
    DMA2_Stream7_IRQHandler                  0x080001b7   Thumb Code     0  startup_stm32f407xx.o(.text)
    ETH_IRQHandler                           0x080001b7   Thumb Code     0  startup_stm32f407xx.o(.text)
    ETH_WKUP_IRQHandler                      0x080001b7   Thumb Code     0  startup_stm32f407xx.o(.text)
    EXTI15_10_IRQHandler                     0x080001b7   Thumb Code     0  startup_stm32f407xx.o(.text)
    EXTI1_IRQHandler                         0x080001b7   Thumb Code     0  startup_stm32f407xx.o(.text)
    EXTI2_IRQHandler                         0x080001b7   Thumb Code     0  startup_stm32f407xx.o(.text)
    EXTI3_IRQHandler                         0x080001b7   Thumb Code     0  startup_stm32f407xx.o(.text)
    EXTI4_IRQHandler                         0x080001b7   Thumb Code     0  startup_stm32f407xx.o(.text)
    EXTI9_5_IRQHandler                       0x080001b7   Thumb Code     0  startup_stm32f407xx.o(.text)
    FLASH_IRQHandler                         0x080001b7   Thumb Code     0  startup_stm32f407xx.o(.text)
    FMC_IRQHandler                           0x080001b7   Thumb Code     0  startup_stm32f407xx.o(.text)
    FPU_IRQHandler                           0x080001b7   Thumb Code     0  startup_stm32f407xx.o(.text)
    HASH_RNG_IRQHandler                      0x080001b7   Thumb Code     0  startup_stm32f407xx.o(.text)
    I2C1_ER_IRQHandler                       0x080001b7   Thumb Code     0  startup_stm32f407xx.o(.text)
    I2C1_EV_IRQHandler                       0x080001b7   Thumb Code     0  startup_stm32f407xx.o(.text)
    I2C2_ER_IRQHandler                       0x080001b7   Thumb Code     0  startup_stm32f407xx.o(.text)
    I2C2_EV_IRQHandler                       0x080001b7   Thumb Code     0  startup_stm32f407xx.o(.text)
    I2C3_ER_IRQHandler                       0x080001b7   Thumb Code     0  startup_stm32f407xx.o(.text)
    I2C3_EV_IRQHandler                       0x080001b7   Thumb Code     0  startup_stm32f407xx.o(.text)
    OTG_FS_WKUP_IRQHandler                   0x080001b7   Thumb Code     0  startup_stm32f407xx.o(.text)
    OTG_HS_EP1_IN_IRQHandler                 0x080001b7   Thumb Code     0  startup_stm32f407xx.o(.text)
    OTG_HS_EP1_OUT_IRQHandler                0x080001b7   Thumb Code     0  startup_stm32f407xx.o(.text)
    OTG_HS_IRQHandler                        0x080001b7   Thumb Code     0  startup_stm32f407xx.o(.text)
    OTG_HS_WKUP_IRQHandler                   0x080001b7   Thumb Code     0  startup_stm32f407xx.o(.text)
    PVD_IRQHandler                           0x080001b7   Thumb Code     0  startup_stm32f407xx.o(.text)
    RCC_IRQHandler                           0x080001b7   Thumb Code     0  startup_stm32f407xx.o(.text)
    RTC_Alarm_IRQHandler                     0x080001b7   Thumb Code     0  startup_stm32f407xx.o(.text)
    RTC_WKUP_IRQHandler                      0x080001b7   Thumb Code     0  startup_stm32f407xx.o(.text)
    SDIO_IRQHandler                          0x080001b7   Thumb Code     0  startup_stm32f407xx.o(.text)
    SPI1_IRQHandler                          0x080001b7   Thumb Code     0  startup_stm32f407xx.o(.text)
    SPI2_IRQHandler                          0x080001b7   Thumb Code     0  startup_stm32f407xx.o(.text)
    SPI3_IRQHandler                          0x080001b7   Thumb Code     0  startup_stm32f407xx.o(.text)
    TAMP_STAMP_IRQHandler                    0x080001b7   Thumb Code     0  startup_stm32f407xx.o(.text)
    TIM1_BRK_TIM9_IRQHandler                 0x080001b7   Thumb Code     0  startup_stm32f407xx.o(.text)
    TIM1_CC_IRQHandler                       0x080001b7   Thumb Code     0  startup_stm32f407xx.o(.text)
    TIM1_TRG_COM_TIM11_IRQHandler            0x080001b7   Thumb Code     0  startup_stm32f407xx.o(.text)
    TIM1_UP_TIM10_IRQHandler                 0x080001b7   Thumb Code     0  startup_stm32f407xx.o(.text)
    TIM2_IRQHandler                          0x080001b7   Thumb Code     0  startup_stm32f407xx.o(.text)
    TIM3_IRQHandler                          0x080001b7   Thumb Code     0  startup_stm32f407xx.o(.text)
    TIM4_IRQHandler                          0x080001b7   Thumb Code     0  startup_stm32f407xx.o(.text)
    TIM5_IRQHandler                          0x080001b7   Thumb Code     0  startup_stm32f407xx.o(.text)
    TIM6_DAC_IRQHandler                      0x080001b7   Thumb Code     0  startup_stm32f407xx.o(.text)
    TIM7_IRQHandler                          0x080001b7   Thumb Code     0  startup_stm32f407xx.o(.text)
    TIM8_BRK_TIM12_IRQHandler                0x080001b7   Thumb Code     0  startup_stm32f407xx.o(.text)
    TIM8_CC_IRQHandler                       0x080001b7   Thumb Code     0  startup_stm32f407xx.o(.text)
    TIM8_TRG_COM_TIM14_IRQHandler            0x080001b7   Thumb Code     0  startup_stm32f407xx.o(.text)
    TIM8_UP_TIM13_IRQHandler                 0x080001b7   Thumb Code     0  startup_stm32f407xx.o(.text)
    UART4_IRQHandler                         0x080001b7   Thumb Code     0  startup_stm32f407xx.o(.text)
    UART5_IRQHandler                         0x080001b7   Thumb Code     0  startup_stm32f407xx.o(.text)
    USART1_IRQHandler                        0x080001b7   Thumb Code     0  startup_stm32f407xx.o(.text)
    USART2_IRQHandler                        0x080001b7   Thumb Code     0  startup_stm32f407xx.o(.text)
    USART3_IRQHandler                        0x080001b7   Thumb Code     0  startup_stm32f407xx.o(.text)
    USART6_IRQHandler                        0x080001b7   Thumb Code     0  startup_stm32f407xx.o(.text)
    WWDG_IRQHandler                          0x080001b7   Thumb Code     0  startup_stm32f407xx.o(.text)
    __aeabi_uldivmod                         0x080001c1   Thumb Code    98  uldiv.o(.text)
    rand                                     0x08000225   Thumb Code    20  rand.o(.text)
    srand                                    0x08000239   Thumb Code     6  rand.o(.text)
    __aeabi_memcpy                           0x08000249   Thumb Code    36  memcpya.o(.text)
    __aeabi_memcpy4                          0x08000249   Thumb Code     0  memcpya.o(.text)
    __aeabi_memcpy8                          0x08000249   Thumb Code     0  memcpya.o(.text)
    __aeabi_memset                           0x0800026d   Thumb Code    14  memseta.o(.text)
    __aeabi_memset4                          0x0800026d   Thumb Code     0  memseta.o(.text)
    __aeabi_memset8                          0x0800026d   Thumb Code     0  memseta.o(.text)
    __aeabi_memclr                           0x0800027b   Thumb Code     4  memseta.o(.text)
    __aeabi_memclr4                          0x0800027b   Thumb Code     0  memseta.o(.text)
    __aeabi_memclr8                          0x0800027b   Thumb Code     0  memseta.o(.text)
    _memset$wrapper                          0x0800027f   Thumb Code    18  memseta.o(.text)
    __aeabi_uidiv                            0x08000291   Thumb Code     0  uidiv.o(.text)
    __aeabi_uidivmod                         0x08000291   Thumb Code    44  uidiv.o(.text)
    __aeabi_llsl                             0x080002bd   Thumb Code    30  llshl.o(.text)
    _ll_shift_l                              0x080002bd   Thumb Code     0  llshl.o(.text)
    __aeabi_llsr                             0x080002db   Thumb Code    32  llushr.o(.text)
    _ll_ushift_r                             0x080002db   Thumb Code     0  llushr.o(.text)
    __scatterload                            0x080002fd   Thumb Code    28  init.o(.text)
    __scatterload_rt2                        0x080002fd   Thumb Code     0  init.o(.text)
    ADC_IRQHandler                           0x08000321   Thumb Code    18  stm32f4xx_it.o(i.ADC_IRQHandler)
    BusFault_Handler                         0x08000465   Thumb Code     2  stm32f4xx_it.o(i.BusFault_Handler)
    DebugMon_Handler                         0x0800058d   Thumb Code     2  stm32f4xx_it.o(i.DebugMon_Handler)
    Dibujo                                   0x08000591   Thumb Code    80  main.o(i.Dibujo)
    EXTI0_IRQHandler                         0x08000601   Thumb Code     6  stm32f4xx_it.o(i.EXTI0_IRQHandler)
    Error_Handler                            0x08000607   Thumb Code     2  main.o(i.Error_Handler)
    HAL_ADCEx_InjectedConvCpltCallback       0x0800061f   Thumb Code     2  stm32f4xx_hal_adc_ex.o(i.HAL_ADCEx_InjectedConvCpltCallback)
    HAL_ADC_ConfigChannel                    0x08000621   Thumb Code   316  stm32f4xx_hal_adc.o(i.HAL_ADC_ConfigChannel)
    HAL_ADC_ConvCpltCallback                 0x0800076d   Thumb Code     2  stm32f4xx_hal_adc.o(i.HAL_ADC_ConvCpltCallback)
    HAL_ADC_ErrorCallback                    0x0800076f   Thumb Code     2  stm32f4xx_hal_adc.o(i.HAL_ADC_ErrorCallback)
    HAL_ADC_GetValue                         0x08000771   Thumb Code     6  stm32f4xx_hal_adc.o(i.HAL_ADC_GetValue)
    HAL_ADC_IRQHandler                       0x08000777   Thumb Code   316  stm32f4xx_hal_adc.o(i.HAL_ADC_IRQHandler)
    HAL_ADC_Init                             0x080008b3   Thumb Code    84  stm32f4xx_hal_adc.o(i.HAL_ADC_Init)
    HAL_ADC_LevelOutOfWindowCallback         0x08000907   Thumb Code     2  stm32f4xx_hal_adc.o(i.HAL_ADC_LevelOutOfWindowCallback)
    HAL_ADC_MspInit                          0x08000909   Thumb Code   142  stm32f4xx_hal_msp.o(i.HAL_ADC_MspInit)
    HAL_ADC_Start_IT                         0x080009a9   Thumb Code   220  stm32f4xx_hal_adc.o(i.HAL_ADC_Start_IT)
    HAL_Delay                                0x08000aa1   Thumb Code    32  stm32f4xx_hal.o(i.HAL_Delay)
    HAL_GPIO_EXTI_Callback                   0x08000ac5   Thumb Code     8  main.o(i.HAL_GPIO_EXTI_Callback)
    HAL_GPIO_EXTI_IRQHandler                 0x08000ad1   Thumb Code    18  stm32f4xx_hal_gpio.o(i.HAL_GPIO_EXTI_IRQHandler)
    HAL_GPIO_Init                            0x08000ae9   Thumb Code   394  stm32f4xx_hal_gpio.o(i.HAL_GPIO_Init)
    HAL_GPIO_TogglePin                       0x08000ca1   Thumb Code    14  stm32f4xx_hal_gpio.o(i.HAL_GPIO_TogglePin)
    HAL_GPIO_WritePin                        0x08000caf   Thumb Code    10  stm32f4xx_hal_gpio.o(i.HAL_GPIO_WritePin)
    HAL_GetTick                              0x08000cb9   Thumb Code     6  stm32f4xx_hal.o(i.HAL_GetTick)
    HAL_HCD_Connect_Callback                 0x08000cc5   Thumb Code     8  usbh_conf.o(i.HAL_HCD_Connect_Callback)
    HAL_HCD_Disconnect_Callback              0x08000ccd   Thumb Code     8  usbh_conf.o(i.HAL_HCD_Disconnect_Callback)
    HAL_HCD_GetCurrentFrame                  0x08000cd5   Thumb Code     6  stm32f4xx_hal_hcd.o(i.HAL_HCD_GetCurrentFrame)
    HAL_HCD_GetCurrentSpeed                  0x08000cdb   Thumb Code     6  stm32f4xx_hal_hcd.o(i.HAL_HCD_GetCurrentSpeed)
    HAL_HCD_HC_GetURBState                   0x08000ce1   Thumb Code    14  stm32f4xx_hal_hcd.o(i.HAL_HCD_HC_GetURBState)
    HAL_HCD_HC_GetXferCount                  0x08000cef   Thumb Code    12  stm32f4xx_hal_hcd.o(i.HAL_HCD_HC_GetXferCount)
    HAL_HCD_HC_Halt                          0x08000cfb   Thumb Code    36  stm32f4xx_hal_hcd.o(i.HAL_HCD_HC_Halt)
    HAL_HCD_HC_Init                          0x08000d1f   Thumb Code   114  stm32f4xx_hal_hcd.o(i.HAL_HCD_HC_Init)
    HAL_HCD_HC_NotifyURBChange_Callback      0x08000d91   Thumb Code     2  usbh_conf.o(i.HAL_HCD_HC_NotifyURBChange_Callback)
    HAL_HCD_HC_SubmitRequest                 0x08000d93   Thumb Code   142  stm32f4xx_hal_hcd.o(i.HAL_HCD_HC_SubmitRequest)
    HAL_HCD_IRQHandler                       0x08000e21   Thumb Code   306  stm32f4xx_hal_hcd.o(i.HAL_HCD_IRQHandler)
    HAL_HCD_Init                             0x08000f53   Thumb Code   114  stm32f4xx_hal_hcd.o(i.HAL_HCD_Init)
    HAL_HCD_MspInit                          0x08000fc5   Thumb Code   142  usbh_conf.o(i.HAL_HCD_MspInit)
    HAL_HCD_PortDisabled_Callback            0x0800105d   Thumb Code     8  usbh_conf.o(i.HAL_HCD_PortDisabled_Callback)
    HAL_HCD_PortEnabled_Callback             0x08001065   Thumb Code     8  usbh_conf.o(i.HAL_HCD_PortEnabled_Callback)
    HAL_HCD_ResetPort                        0x0800106d   Thumb Code     6  stm32f4xx_hal_hcd.o(i.HAL_HCD_ResetPort)
    HAL_HCD_SOF_Callback                     0x08001073   Thumb Code     8  usbh_conf.o(i.HAL_HCD_SOF_Callback)
    HAL_HCD_Start                            0x0800107b   Thumb Code    44  stm32f4xx_hal_hcd.o(i.HAL_HCD_Start)
    HAL_HCD_Stop                             0x080010a7   Thumb Code    36  stm32f4xx_hal_hcd.o(i.HAL_HCD_Stop)
    HAL_I2C_Init                             0x080010cd   Thumb Code   376  stm32f4xx_hal_i2c.o(i.HAL_I2C_Init)
    HAL_I2C_MspInit                          0x08001255   Thumb Code    94  stm32f4xx_hal_msp.o(i.HAL_I2C_MspInit)
    HAL_I2SEx_FullDuplex_IRQHandler          0x080012c1   Thumb Code   492  stm32f4xx_hal_i2s_ex.o(i.HAL_I2SEx_FullDuplex_IRQHandler)
    HAL_I2SEx_TxRxCpltCallback               0x080014b5   Thumb Code     2  stm32f4xx_hal_i2s_ex.o(i.HAL_I2SEx_TxRxCpltCallback)
    HAL_I2S_ErrorCallback                    0x080014b7   Thumb Code     2  stm32f4xx_hal_i2s.o(i.HAL_I2S_ErrorCallback)
    HAL_I2S_Init                             0x080014b9   Thumb Code   354  stm32f4xx_hal_i2s.o(i.HAL_I2S_Init)
    HAL_I2S_MspInit                          0x0800162d   Thumb Code   128  stm32f4xx_hal_msp.o(i.HAL_I2S_MspInit)
    HAL_I2S_RxCpltCallback                   0x080016bd   Thumb Code     2  stm32f4xx_hal_i2s.o(i.HAL_I2S_RxCpltCallback)
    HAL_I2S_TxCpltCallback                   0x080016bf   Thumb Code     2  stm32f4xx_hal_i2s.o(i.HAL_I2S_TxCpltCallback)
    HAL_IncTick                              0x080016c1   Thumb Code    12  stm32f4xx_hal.o(i.HAL_IncTick)
    HAL_Init                                 0x080016d1   Thumb Code    48  stm32f4xx_hal.o(i.HAL_Init)
    HAL_InitTick                             0x08001705   Thumb Code    54  stm32f4xx_hal.o(i.HAL_InitTick)
    HAL_MspInit                              0x08001745   Thumb Code    42  stm32f4xx_hal_msp.o(i.HAL_MspInit)
    HAL_NVIC_EnableIRQ                       0x08001775   Thumb Code    26  stm32f4xx_hal_cortex.o(i.HAL_NVIC_EnableIRQ)
    HAL_NVIC_SetPriority                     0x08001791   Thumb Code    60  stm32f4xx_hal_cortex.o(i.HAL_NVIC_SetPriority)
    HAL_NVIC_SetPriorityGrouping             0x080017d1   Thumb Code    26  stm32f4xx_hal_cortex.o(i.HAL_NVIC_SetPriorityGrouping)
    HAL_RCCEx_GetPeriphCLKFreq               0x080017f5   Thumb Code    76  stm32f4xx_hal_rcc_ex.o(i.HAL_RCCEx_GetPeriphCLKFreq)
    HAL_RCCEx_PeriphCLKConfig                0x08001851   Thumb Code   296  stm32f4xx_hal_rcc_ex.o(i.HAL_RCCEx_PeriphCLKConfig)
    HAL_RCC_ClockConfig                      0x0800198d   Thumb Code   288  stm32f4xx_hal_rcc.o(i.HAL_RCC_ClockConfig)
    HAL_RCC_GetPCLK1Freq                     0x08001ac1   Thumb Code    20  stm32f4xx_hal_rcc.o(i.HAL_RCC_GetPCLK1Freq)
    HAL_RCC_GetSysClockFreq                  0x08001ae1   Thumb Code    88  stm32f4xx_hal_rcc.o(i.HAL_RCC_GetSysClockFreq)
    HAL_RCC_OscConfig                        0x08001b41   Thumb Code   834  stm32f4xx_hal_rcc.o(i.HAL_RCC_OscConfig)
    HAL_SPI_Init                             0x08001e9d   Thumb Code   128  stm32f4xx_hal_spi.o(i.HAL_SPI_Init)
    HAL_SPI_MspInit                          0x08001f1d   Thumb Code    92  stm32f4xx_hal_msp.o(i.HAL_SPI_MspInit)
    HAL_SYSTICK_Config                       0x08001f85   Thumb Code    40  stm32f4xx_hal_cortex.o(i.HAL_SYSTICK_Config)
    HardFault_Handler                        0x08002545   Thumb Code    16  stm32f4xx_it.o(i.HardFault_Handler)
    JuegoInit                                0x0800270b   Thumb Code    22  main.o(i.JuegoInit)
    LCD_clrScr                               0x08002721   Thumb Code    34  nokia5110_lcd.o(i.LCD_clrScr)
    LCD_drawHLine                            0x08002749   Thumb Code    66  nokia5110_lcd.o(i.LCD_drawHLine)
    LCD_drawVLine                            0x08002791   Thumb Code    44  nokia5110_lcd.o(i.LCD_drawVLine)
    LCD_goXY                                 0x080027bd   Thumb Code    28  nokia5110_lcd.o(i.LCD_goXY)
    LCD_init                                 0x080027d9   Thumb Code    88  nokia5110_lcd.o(i.LCD_init)
    LCD_print                                0x08002835   Thumb Code    30  nokia5110_lcd.o(i.LCD_print)
    LCD_putChar                              0x08002855   Thumb Code    50  nokia5110_lcd.o(i.LCD_putChar)
    LCD_refreshArea                          0x08002891   Thumb Code    86  nokia5110_lcd.o(i.LCD_refreshArea)
    LCD_refreshScr                           0x080028ed   Thumb Code    56  nokia5110_lcd.o(i.LCD_refreshScr)
    LCD_send                                 0x08002929   Thumb Code    70  nokia5110_lcd.o(i.LCD_send)
    LCD_setCE                                0x08002975   Thumb Code     8  nokia5110_lcd.o(i.LCD_setCE)
    LCD_setCLK                               0x08002981   Thumb Code     8  nokia5110_lcd.o(i.LCD_setCLK)
    LCD_setDC                                0x0800298d   Thumb Code     8  nokia5110_lcd.o(i.LCD_setDC)
    LCD_setDIN                               0x08002999   Thumb Code     8  nokia5110_lcd.o(i.LCD_setDIN)
    LCD_setPixel                             0x080029a5   Thumb Code    58  nokia5110_lcd.o(i.LCD_setPixel)
    LCD_setRST                               0x080029e5   Thumb Code     8  nokia5110_lcd.o(i.LCD_setRST)
    LCD_write                                0x080029f1   Thumb Code    50  nokia5110_lcd.o(i.LCD_write)
    MX_DriverVbusFS                          0x08002add   Thumb Code    16  usbh_platform.o(i.MX_DriverVbusFS)
    MX_USB_HOST_Init                         0x08002cad   Thumb Code    52  usb_host.o(i.MX_USB_HOST_Init)
    MX_USB_HOST_Process                      0x08002ced   Thumb Code     6  usb_host.o(i.MX_USB_HOST_Process)
    MemManage_Handler                        0x08002cf9   Thumb Code     2  stm32f4xx_it.o(i.MemManage_Handler)
    NMI_Handler                              0x08002cfb   Thumb Code     2  stm32f4xx_it.o(i.NMI_Handler)
    OTG_FS_IRQHandler                        0x08002cfd   Thumb Code     6  stm32f4xx_it.o(i.OTG_FS_IRQHandler)
    PendSV_Handler                           0x08002d09   Thumb Code     2  stm32f4xx_it.o(i.PendSV_Handler)
    SVC_Handler                              0x08002d0b   Thumb Code     2  stm32f4xx_it.o(i.SVC_Handler)
    SnakePos                                 0x08002d0d   Thumb Code   404  main.o(i.SnakePos)
    SysTick_Handler                          0x08002ea5   Thumb Code     4  stm32f4xx_it.o(i.SysTick_Handler)
    SystemClock_Config                       0x08002ea9   Thumb Code   148  main.o(i.SystemClock_Config)
    SystemInit                               0x08002f45   Thumb Code    22  system_stm32f4xx.o(i.SystemInit)
    USBH_AllocPipe                           0x08002f61   Thumb Code    52  usbh_pipes.o(i.USBH_AllocPipe)
    USBH_BulkReceiveData                     0x08002f95   Thumb Code    32  usbh_ioreq.o(i.USBH_BulkReceiveData)
    USBH_BulkSendData                        0x08002fb5   Thumb Code    40  usbh_ioreq.o(i.USBH_BulkSendData)
    USBH_CDC_LineCodingChanged               0x08003193   Thumb Code     2  usbh_cdc.o(i.USBH_CDC_LineCodingChanged)
    USBH_CDC_ReceiveCallback                 0x0800324d   Thumb Code     2  usbh_cdc.o(i.USBH_CDC_ReceiveCallback)
    USBH_CDC_TransmitCallback                0x08003253   Thumb Code     2  usbh_cdc.o(i.USBH_CDC_TransmitCallback)
    USBH_ClosePipe                           0x08003255   Thumb Code    10  usbh_pipes.o(i.USBH_ClosePipe)
    USBH_ClrFeature                          0x0800325f   Thumb Code    30  usbh_ctlreq.o(i.USBH_ClrFeature)
    USBH_CtlReceiveData                      0x0800327d   Thumb Code    30  usbh_ioreq.o(i.USBH_CtlReceiveData)
    USBH_CtlReq                              0x0800329b   Thumb Code    58  usbh_ctlreq.o(i.USBH_CtlReq)
    USBH_CtlSendData                         0x080032d5   Thumb Code    40  usbh_ioreq.o(i.USBH_CtlSendData)
    USBH_CtlSendSetup                        0x080032fd   Thumb Code    30  usbh_ioreq.o(i.USBH_CtlSendSetup)
    USBH_Delay                               0x0800331b   Thumb Code     4  usbh_conf.o(i.USBH_Delay)
    USBH_FindInterface                       0x08003321   Thumb Code    68  usbh_core.o(i.USBH_FindInterface)
    USBH_FreePipe                            0x08003365   Thumb Code    24  usbh_pipes.o(i.USBH_FreePipe)
    USBH_GetDescriptor                       0x0800337d   Thumb Code    52  usbh_ctlreq.o(i.USBH_GetDescriptor)
    USBH_GetNextDesc                         0x080033b1   Thumb Code    14  usbh_ctlreq.o(i.USBH_GetNextDesc)
    USBH_Get_CfgDesc                         0x080033bf   Thumb Code    44  usbh_ctlreq.o(i.USBH_Get_CfgDesc)
    USBH_Get_DevDesc                         0x080033eb   Thumb Code   144  usbh_ctlreq.o(i.USBH_Get_DevDesc)
    USBH_Get_StringDesc                      0x0800347b   Thumb Code    72  usbh_ctlreq.o(i.USBH_Get_StringDesc)
    USBH_Get_USB_Status                      0x080034c3   Thumb Code    24  usbh_conf.o(i.USBH_Get_USB_Status)
    USBH_Init                                0x08003757   Thumb Code    48  usbh_core.o(i.USBH_Init)
    USBH_LL_ClosePipe                        0x08003787   Thumb Code    18  usbh_conf.o(i.USBH_LL_ClosePipe)
    USBH_LL_Connect                          0x08003799   Thumb Code    42  usbh_core.o(i.USBH_LL_Connect)
    USBH_LL_Disconnect                       0x080037c3   Thumb Code    56  usbh_core.o(i.USBH_LL_Disconnect)
    USBH_LL_DriverVBUS                       0x080037fb   Thumb Code    26  usbh_conf.o(i.USBH_LL_DriverVBUS)
    USBH_LL_GetLastXferSize                  0x08003815   Thumb Code     8  usbh_conf.o(i.USBH_LL_GetLastXferSize)
    USBH_LL_GetSpeed                         0x0800381d   Thumb Code    34  usbh_conf.o(i.USBH_LL_GetSpeed)
    USBH_LL_GetURBState                      0x0800383f   Thumb Code     8  usbh_conf.o(i.USBH_LL_GetURBState)
    USBH_LL_IncTimer                         0x08003847   Thumb Code    30  usbh_core.o(i.USBH_LL_IncTimer)
    USBH_LL_Init                             0x08003865   Thumb Code    74  usbh_conf.o(i.USBH_LL_Init)
    USBH_LL_OpenPipe                         0x080038b5   Thumb Code    28  usbh_conf.o(i.USBH_LL_OpenPipe)
    USBH_LL_PortDisabled                     0x080038d1   Thumb Code     8  usbh_core.o(i.USBH_LL_PortDisabled)
    USBH_LL_PortEnabled                      0x080038d9   Thumb Code     8  usbh_core.o(i.USBH_LL_PortEnabled)
    USBH_LL_ResetPort                        0x080038e1   Thumb Code    18  usbh_conf.o(i.USBH_LL_ResetPort)
    USBH_LL_SetTimer                         0x080038f3   Thumb Code     6  usbh_core.o(i.USBH_LL_SetTimer)
    USBH_LL_SetToggle                        0x080038f9   Thumb Code    32  usbh_conf.o(i.USBH_LL_SetToggle)
    USBH_LL_Start                            0x08003919   Thumb Code    18  usbh_conf.o(i.USBH_LL_Start)
    USBH_LL_Stop                             0x0800392b   Thumb Code    18  usbh_conf.o(i.USBH_LL_Stop)
    USBH_LL_SubmitURB                        0x0800393d   Thumb Code    34  usbh_conf.o(i.USBH_LL_SubmitURB)
    USBH_OpenPipe                            0x0800395f   Thumb Code    20  usbh_pipes.o(i.USBH_OpenPipe)
    USBH_Process                             0x08003a4f   Thumb Code   416  usbh_core.o(i.USBH_Process)
    USBH_RegisterClass                       0x08003bef   Thumb Code    28  usbh_core.o(i.USBH_RegisterClass)
    USBH_SelectInterface                     0x08003c0b   Thumb Code    22  usbh_core.o(i.USBH_SelectInterface)
    USBH_SetAddress                          0x08003c21   Thumb Code    28  usbh_ctlreq.o(i.USBH_SetAddress)
    USBH_SetCfg                              0x08003c3d   Thumb Code    28  usbh_ctlreq.o(i.USBH_SetCfg)
    USBH_SetFeature                          0x08003c59   Thumb Code    28  usbh_ctlreq.o(i.USBH_SetFeature)
    USBH_Start                               0x08003c75   Thumb Code    20  usbh_core.o(i.USBH_Start)
    USB_CoreInit                             0x08003ca9   Thumb Code   112  stm32f4xx_ll_usb.o(i.USB_CoreInit)
    USB_DisableGlobalInt                     0x08003d55   Thumb Code    12  stm32f4xx_ll_usb.o(i.USB_DisableGlobalInt)
    USB_DoPing                               0x08003d61   Thumb Code    30  stm32f4xx_ll_usb.o(i.USB_DoPing)
    USB_DriveVbus                            0x08003d85   Thumb Code    44  stm32f4xx_ll_usb.o(i.USB_DriveVbus)
    USB_EnableGlobalInt                      0x08003db1   Thumb Code    12  stm32f4xx_ll_usb.o(i.USB_EnableGlobalInt)
    USB_FlushRxFifo                          0x08003dbd   Thumb Code    28  stm32f4xx_ll_usb.o(i.USB_FlushRxFifo)
    USB_FlushTxFifo                          0x08003ddd   Thumb Code    32  stm32f4xx_ll_usb.o(i.USB_FlushTxFifo)
    USB_GetCurrentFrame                      0x08003e01   Thumb Code     8  stm32f4xx_ll_usb.o(i.USB_GetCurrentFrame)
    USB_GetHostSpeed                         0x08003e09   Thumb Code    14  stm32f4xx_ll_usb.o(i.USB_GetHostSpeed)
    USB_GetMode                              0x08003e17   Thumb Code     8  stm32f4xx_ll_usb.o(i.USB_GetMode)
    USB_HC_Halt                              0x08003e1f   Thumb Code   194  stm32f4xx_ll_usb.o(i.USB_HC_Halt)
    USB_HC_Init                              0x08003ee1   Thumb Code   240  stm32f4xx_ll_usb.o(i.USB_HC_Init)
    USB_HC_ReadInterrupt                     0x08003fd1   Thumb Code     8  stm32f4xx_ll_usb.o(i.USB_HC_ReadInterrupt)
    USB_HC_StartXfer                         0x08003fd9   Thumb Code   330  stm32f4xx_ll_usb.o(i.USB_HC_StartXfer)
    USB_HostInit                             0x08004129   Thumb Code   194  stm32f4xx_ll_usb.o(i.USB_HostInit)
    USB_InitFSLSPClkSel                      0x08004201   Thumb Code    54  stm32f4xx_ll_usb.o(i.USB_InitFSLSPClkSel)
    USB_ReadInterrupts                       0x08004237   Thumb Code     8  stm32f4xx_ll_usb.o(i.USB_ReadInterrupts)
    USB_ReadPacket                           0x0800423f   Thumb Code    28  stm32f4xx_ll_usb.o(i.USB_ReadPacket)
    USB_ResetPort                            0x0800425b   Thumb Code    50  stm32f4xx_ll_usb.o(i.USB_ResetPort)
    USB_SetCurrentMode                       0x0800428d   Thumb Code    46  stm32f4xx_ll_usb.o(i.USB_SetCurrentMode)
    USB_StopHost                             0x080042bd   Thumb Code   126  stm32f4xx_ll_usb.o(i.USB_StopHost)
    USB_WritePacket                          0x0800433b   Thumb Code    36  stm32f4xx_ll_usb.o(i.USB_WritePacket)
    UsageFault_Handler                       0x0800435f   Thumb Code     2  stm32f4xx_it.o(i.UsageFault_Handler)
    __0sprintf$1                             0x08004361   Thumb Code    34  printf1.o(i.__0sprintf$1)
    __1sprintf$1                             0x08004361   Thumb Code     0  printf1.o(i.__0sprintf$1)
    __2sprintf                               0x08004361   Thumb Code     0  printf1.o(i.__0sprintf$1)
    __scatterload_copy                       0x080043a9   Thumb Code    14  handlers.o(i.__scatterload_copy)
    __scatterload_null                       0x080043b7   Thumb Code     2  handlers.o(i.__scatterload_null)
    __scatterload_zeroinit                   0x080043b9   Thumb Code    14  handlers.o(i.__scatterload_zeroinit)
    drawFood                                 0x08004527   Thumb Code   118  main.o(i.drawFood)
    drawTablero                              0x0800459d   Thumb Code   210  main.o(i.drawTablero)
    free                                     0x0800467d   Thumb Code    76  malloc.o(i.free)
    main                                     0x080046cd   Thumb Code   306  main.o(i.main)
    malloc                                   0x0800481d   Thumb Code    92  malloc.o(i.malloc)
    AHBPrescTable                            0x08004ac8   Data          16  system_stm32f4xx.o(.constdata)
    APBPrescTable                            0x08004ad8   Data           8  system_stm32f4xx.o(.constdata)
    Region$$Table$$Base                      0x08004ae4   Number         0  anon$$obj.o(Region$$Table)
    Region$$Table$$Limit                     0x08004b04   Number         0  anon$$obj.o(Region$$Table)
    ISR                                      0x20000000   Data           1  main.o(.data)
    ADC_X                                    0x20000001   Data           1  main.o(.data)
    ADC_Y                                    0x20000002   Data           1  main.o(.data)
    Appli_state                              0x20000003   Data           1  usb_host.o(.data)
    uwTickFreq                               0x20000008   Data           1  stm32f4xx_hal.o(.data)
    uwTickPrio                               0x2000000c   Data           4  stm32f4xx_hal.o(.data)
    uwTick                                   0x20000010   Data           4  stm32f4xx_hal.o(.data)
    SystemCoreClock                          0x20000014   Data           4  system_stm32f4xx.o(.data)
    CDC_Class                                0x20000018   Data          32  usbh_cdc.o(.data)
    __microlib_freelist                      0x2000003c   Data           4  mvars.o(.data)
    __microlib_freelist_initialised          0x20000040   Data           4  mvars.o(.data)
    lcd                                      0x20000044   Data         505  nokia5110_lcd.o(.bss)
    lcd_gpio                                 0x20000240   Data          40  nokia5110_lcd.o(.bss)
    hadc1                                    0x20000268   Data          72  main.o(.bss)
    hadc2                                    0x200002b0   Data          72  main.o(.bss)
    hi2c1                                    0x200002f8   Data          84  main.o(.bss)
    hi2s3                                    0x2000034c   Data          72  main.o(.bss)
    hspi1                                    0x20000394   Data          88  main.o(.bss)
    hUsbHostFS                               0x200003ec   Data         972  usb_host.o(.bss)
    hhcd_USB_OTG_FS                          0x200007b8   Data         708  usbh_conf.o(.bss)
    __heap_base                              0x20000a80   Data           0  startup_stm32f407xx.o(HEAP)
    __heap_limit                             0x20000c80   Data           0  startup_stm32f407xx.o(HEAP)
    __initial_sp                             0x20001080   Data           0  startup_stm32f407xx.o(STACK)



==============================================================================

Memory Map of the image

  Image Entry point : 0x08000189

  Load Region LR_IROM1 (Base: 0x08000000, Size: 0x00004b48, Max: 0x00100000, ABSOLUTE)

    Execution Region ER_IROM1 (Exec base: 0x08000000, Load base: 0x08000000, Size: 0x00004b04, Max: 0x00100000, ABSOLUTE)

    Exec Addr    Load Addr    Size         Type   Attr      Idx    E Section Name        Object

    0x08000000   0x08000000   0x00000188   Data   RO            3    RESET               startup_stm32f407xx.o
    0x08000188   0x08000188   0x00000000   Code   RO         4291  * .ARM.Collect$$$$00000000  mc_w.l(entry.o)
    0x08000188   0x08000188   0x00000004   Code   RO         4604    .ARM.Collect$$$$00000001  mc_w.l(entry2.o)
    0x0800018c   0x0800018c   0x00000004   Code   RO         4607    .ARM.Collect$$$$00000004  mc_w.l(entry5.o)
    0x08000190   0x08000190   0x00000000   Code   RO         4609    .ARM.Collect$$$$00000008  mc_w.l(entry7b.o)
    0x08000190   0x08000190   0x00000000   Code   RO         4611    .ARM.Collect$$$$0000000A  mc_w.l(entry8b.o)
    0x08000190   0x08000190   0x00000008   Code   RO         4612    .ARM.Collect$$$$0000000B  mc_w.l(entry9a.o)
    0x08000198   0x08000198   0x00000000   Code   RO         4614    .ARM.Collect$$$$0000000D  mc_w.l(entry10a.o)
    0x08000198   0x08000198   0x00000000   Code   RO         4616    .ARM.Collect$$$$0000000F  mc_w.l(entry11a.o)
    0x08000198   0x08000198   0x00000004   Code   RO         4605    .ARM.Collect$$$$00002712  mc_w.l(entry2.o)
    0x0800019c   0x0800019c   0x00000024   Code   RO            4    .text               startup_stm32f407xx.o
    0x080001c0   0x080001c0   0x00000062   Code   RO         4294    .text               mc_w.l(uldiv.o)
    0x08000222   0x08000222   0x00000002   PAD
    0x08000224   0x08000224   0x00000024   Code   RO         4296    .text               mc_w.l(rand.o)
    0x08000248   0x08000248   0x00000024   Code   RO         4299    .text               mc_w.l(memcpya.o)
    0x0800026c   0x0800026c   0x00000024   Code   RO         4301    .text               mc_w.l(memseta.o)
    0x08000290   0x08000290   0x0000002c   Code   RO         4621    .text               mc_w.l(uidiv.o)
    0x080002bc   0x080002bc   0x0000001e   Code   RO         4623    .text               mc_w.l(llshl.o)
    0x080002da   0x080002da   0x00000020   Code   RO         4625    .text               mc_w.l(llushr.o)
    0x080002fa   0x080002fa   0x00000002   PAD
    0x080002fc   0x080002fc   0x00000024   Code   RO         4640    .text               mc_w.l(init.o)
    0x08000320   0x08000320   0x0000001c   Code   RO          680    i.ADC_IRQHandler    stm32f4xx_it.o
    0x0800033c   0x0800033c   0x00000128   Code   RO         2457    i.ADC_Init          stm32f4xx_hal_adc.o
    0x08000464   0x08000464   0x00000002   Code   RO          681    i.BusFault_Handler  stm32f4xx_it.o
    0x08000466   0x08000466   0x00000002   PAD
    0x08000468   0x08000468   0x00000068   Code   RO         4175    i.CDC_ProcessReception  usbh_cdc.o
    0x080004d0   0x080004d0   0x00000072   Code   RO         4176    i.CDC_ProcessTransmission  usbh_cdc.o
    0x08000542   0x08000542   0x00000002   PAD
    0x08000544   0x08000544   0x00000048   Code   RO         3833    i.DeInitStateMachine  usbh_core.o
    0x0800058c   0x0800058c   0x00000002   Code   RO          682    i.DebugMon_Handler  stm32f4xx_it.o
    0x0800058e   0x0800058e   0x00000002   PAD
    0x08000590   0x08000590   0x00000070   Code   RO          287    i.Dibujo            main.o
    0x08000600   0x08000600   0x00000006   Code   RO          683    i.EXTI0_IRQHandler  stm32f4xx_it.o
    0x08000606   0x08000606   0x00000002   Code   RO          288    i.Error_Handler     main.o
    0x08000608   0x08000608   0x00000016   Code   RO         4177    i.GetLineCoding     usbh_cdc.o
    0x0800061e   0x0800061e   0x00000002   Code   RO         2628    i.HAL_ADCEx_InjectedConvCpltCallback  stm32f4xx_hal_adc_ex.o
    0x08000620   0x08000620   0x0000014c   Code   RO         2459    i.HAL_ADC_ConfigChannel  stm32f4xx_hal_adc.o
    0x0800076c   0x0800076c   0x00000002   Code   RO         2460    i.HAL_ADC_ConvCpltCallback  stm32f4xx_hal_adc.o
    0x0800076e   0x0800076e   0x00000002   Code   RO         2463    i.HAL_ADC_ErrorCallback  stm32f4xx_hal_adc.o
    0x08000770   0x08000770   0x00000006   Code   RO         2466    i.HAL_ADC_GetValue  stm32f4xx_hal_adc.o
    0x08000776   0x08000776   0x0000013c   Code   RO         2467    i.HAL_ADC_IRQHandler  stm32f4xx_hal_adc.o
    0x080008b2   0x080008b2   0x00000054   Code   RO         2468    i.HAL_ADC_Init      stm32f4xx_hal_adc.o
    0x08000906   0x08000906   0x00000002   Code   RO         2469    i.HAL_ADC_LevelOutOfWindowCallback  stm32f4xx_hal_adc.o
    0x08000908   0x08000908   0x000000a0   Code   RO          775    i.HAL_ADC_MspInit   stm32f4xx_hal_msp.o
    0x080009a8   0x080009a8   0x000000f8   Code   RO         2476    i.HAL_ADC_Start_IT  stm32f4xx_hal_adc.o
    0x08000aa0   0x08000aa0   0x00000024   Code   RO         2203    i.HAL_Delay         stm32f4xx_hal.o
    0x08000ac4   0x08000ac4   0x0000000c   Code   RO          290    i.HAL_GPIO_EXTI_Callback  main.o
    0x08000ad0   0x08000ad0   0x00000018   Code   RO         1676    i.HAL_GPIO_EXTI_IRQHandler  stm32f4xx_hal_gpio.o
    0x08000ae8   0x08000ae8   0x000001b8   Code   RO         1677    i.HAL_GPIO_Init     stm32f4xx_hal_gpio.o
    0x08000ca0   0x08000ca0   0x0000000e   Code   RO         1680    i.HAL_GPIO_TogglePin  stm32f4xx_hal_gpio.o
    0x08000cae   0x08000cae   0x0000000a   Code   RO         1681    i.HAL_GPIO_WritePin  stm32f4xx_hal_gpio.o
    0x08000cb8   0x08000cb8   0x0000000c   Code   RO         2209    i.HAL_GetTick       stm32f4xx_hal.o
    0x08000cc4   0x08000cc4   0x00000008   Code   RO          475    i.HAL_HCD_Connect_Callback  usbh_conf.o
    0x08000ccc   0x08000ccc   0x00000008   Code   RO          476    i.HAL_HCD_Disconnect_Callback  usbh_conf.o
    0x08000cd4   0x08000cd4   0x00000006   Code   RO          849    i.HAL_HCD_GetCurrentFrame  stm32f4xx_hal_hcd.o
    0x08000cda   0x08000cda   0x00000006   Code   RO          850    i.HAL_HCD_GetCurrentSpeed  stm32f4xx_hal_hcd.o
    0x08000ce0   0x08000ce0   0x0000000e   Code   RO          853    i.HAL_HCD_HC_GetURBState  stm32f4xx_hal_hcd.o
    0x08000cee   0x08000cee   0x0000000c   Code   RO          854    i.HAL_HCD_HC_GetXferCount  stm32f4xx_hal_hcd.o
    0x08000cfa   0x08000cfa   0x00000024   Code   RO          855    i.HAL_HCD_HC_Halt   stm32f4xx_hal_hcd.o
    0x08000d1e   0x08000d1e   0x00000072   Code   RO          856    i.HAL_HCD_HC_Init   stm32f4xx_hal_hcd.o
    0x08000d90   0x08000d90   0x00000002   Code   RO          477    i.HAL_HCD_HC_NotifyURBChange_Callback  usbh_conf.o
    0x08000d92   0x08000d92   0x0000008e   Code   RO          858    i.HAL_HCD_HC_SubmitRequest  stm32f4xx_hal_hcd.o
    0x08000e20   0x08000e20   0x00000132   Code   RO          859    i.HAL_HCD_IRQHandler  stm32f4xx_hal_hcd.o
    0x08000f52   0x08000f52   0x00000072   Code   RO          860    i.HAL_HCD_Init      stm32f4xx_hal_hcd.o
    0x08000fc4   0x08000fc4   0x00000098   Code   RO          479    i.HAL_HCD_MspInit   usbh_conf.o
    0x0800105c   0x0800105c   0x00000008   Code   RO          480    i.HAL_HCD_PortDisabled_Callback  usbh_conf.o
    0x08001064   0x08001064   0x00000008   Code   RO          481    i.HAL_HCD_PortEnabled_Callback  usbh_conf.o
    0x0800106c   0x0800106c   0x00000006   Code   RO          865    i.HAL_HCD_ResetPort  stm32f4xx_hal_hcd.o
    0x08001072   0x08001072   0x00000008   Code   RO          482    i.HAL_HCD_SOF_Callback  usbh_conf.o
    0x0800107a   0x0800107a   0x0000002c   Code   RO          867    i.HAL_HCD_Start     stm32f4xx_hal_hcd.o
    0x080010a6   0x080010a6   0x00000024   Code   RO          868    i.HAL_HCD_Stop      stm32f4xx_hal_hcd.o
    0x080010ca   0x080010ca   0x00000002   PAD
    0x080010cc   0x080010cc   0x00000188   Code   RO         2740    i.HAL_I2C_Init      stm32f4xx_hal_i2c.o
    0x08001254   0x08001254   0x0000006c   Code   RO          777    i.HAL_I2C_MspInit   stm32f4xx_hal_msp.o
    0x080012c0   0x080012c0   0x000001f4   Code   RO         3353    i.HAL_I2SEx_FullDuplex_IRQHandler  stm32f4xx_hal_i2s_ex.o
    0x080014b4   0x080014b4   0x00000002   Code   RO         3357    i.HAL_I2SEx_TxRxCpltCallback  stm32f4xx_hal_i2s_ex.o
    0x080014b6   0x080014b6   0x00000002   Code   RO         3178    i.HAL_I2S_ErrorCallback  stm32f4xx_hal_i2s.o
    0x080014b8   0x080014b8   0x00000174   Code   RO         3182    i.HAL_I2S_Init      stm32f4xx_hal_i2s.o
    0x0800162c   0x0800162c   0x00000090   Code   RO          779    i.HAL_I2S_MspInit   stm32f4xx_hal_msp.o
    0x080016bc   0x080016bc   0x00000002   Code   RO         3188    i.HAL_I2S_RxCpltCallback  stm32f4xx_hal_i2s.o
    0x080016be   0x080016be   0x00000002   Code   RO         3193    i.HAL_I2S_TxCpltCallback  stm32f4xx_hal_i2s.o
    0x080016c0   0x080016c0   0x00000010   Code   RO         2215    i.HAL_IncTick       stm32f4xx_hal.o
    0x080016d0   0x080016d0   0x00000034   Code   RO         2216    i.HAL_Init          stm32f4xx_hal.o
    0x08001704   0x08001704   0x00000040   Code   RO         2217    i.HAL_InitTick      stm32f4xx_hal.o
    0x08001744   0x08001744   0x00000030   Code   RO          780    i.HAL_MspInit       stm32f4xx_hal_msp.o
    0x08001774   0x08001774   0x0000001a   Code   RO         2066    i.HAL_NVIC_EnableIRQ  stm32f4xx_hal_cortex.o
    0x0800178e   0x0800178e   0x00000002   PAD
    0x08001790   0x08001790   0x00000040   Code   RO         2072    i.HAL_NVIC_SetPriority  stm32f4xx_hal_cortex.o
    0x080017d0   0x080017d0   0x00000024   Code   RO         2073    i.HAL_NVIC_SetPriorityGrouping  stm32f4xx_hal_cortex.o
    0x080017f4   0x080017f4   0x0000005c   Code   RO         1427    i.HAL_RCCEx_GetPeriphCLKFreq  stm32f4xx_hal_rcc_ex.o
    0x08001850   0x08001850   0x0000013c   Code   RO         1428    i.HAL_RCCEx_PeriphCLKConfig  stm32f4xx_hal_rcc_ex.o
    0x0800198c   0x0800198c   0x00000134   Code   RO         1323    i.HAL_RCC_ClockConfig  stm32f4xx_hal_rcc.o
    0x08001ac0   0x08001ac0   0x00000020   Code   RO         1330    i.HAL_RCC_GetPCLK1Freq  stm32f4xx_hal_rcc.o
    0x08001ae0   0x08001ae0   0x00000060   Code   RO         1332    i.HAL_RCC_GetSysClockFreq  stm32f4xx_hal_rcc.o
    0x08001b40   0x08001b40   0x0000035c   Code   RO         1335    i.HAL_RCC_OscConfig  stm32f4xx_hal_rcc.o
    0x08001e9c   0x08001e9c   0x00000080   Code   RO         3448    i.HAL_SPI_Init      stm32f4xx_hal_spi.o
    0x08001f1c   0x08001f1c   0x00000068   Code   RO          782    i.HAL_SPI_MspInit   stm32f4xx_hal_msp.o
    0x08001f84   0x08001f84   0x00000028   Code   RO         2077    i.HAL_SYSTICK_Config  stm32f4xx_hal_cortex.o
    0x08001fac   0x08001fac   0x0000022c   Code   RO          869    i.HCD_HC_IN_IRQHandler  stm32f4xx_hal_hcd.o
    0x080021d8   0x080021d8   0x00000244   Code   RO          870    i.HCD_HC_OUT_IRQHandler  stm32f4xx_hal_hcd.o
    0x0800241c   0x0800241c   0x000000b8   Code   RO          871    i.HCD_Port_IRQHandler  stm32f4xx_hal_hcd.o
    0x080024d4   0x080024d4   0x00000070   Code   RO          872    i.HCD_RXQLVL_IRQHandler  stm32f4xx_hal_hcd.o
    0x08002544   0x08002544   0x00000014   Code   RO          684    i.HardFault_Handler  stm32f4xx_it.o
    0x08002558   0x08002558   0x00000060   Code   RO         3360    i.I2SEx_RxISR_I2SExt  stm32f4xx_hal_i2s_ex.o
    0x080025b8   0x080025b8   0x00000060   Code   RO         3361    i.I2SEx_TxISR_I2SExt  stm32f4xx_hal_i2s_ex.o
    0x08002618   0x08002618   0x000000f2   Code   RO         3200    i.I2S_IRQHandler    stm32f4xx_hal_i2s.o
    0x0800270a   0x0800270a   0x00000016   Code   RO          291    i.JuegoInit         main.o
    0x08002720   0x08002720   0x00000028   Code   RO           13    i.LCD_clrScr        nokia5110_lcd.o
    0x08002748   0x08002748   0x00000048   Code   RO           14    i.LCD_drawHLine     nokia5110_lcd.o
    0x08002790   0x08002790   0x0000002c   Code   RO           17    i.LCD_drawVLine     nokia5110_lcd.o
    0x080027bc   0x080027bc   0x0000001c   Code   RO           18    i.LCD_goXY          nokia5110_lcd.o
    0x080027d8   0x080027d8   0x0000005c   Code   RO           19    i.LCD_init          nokia5110_lcd.o
    0x08002834   0x08002834   0x0000001e   Code   RO           22    i.LCD_print         nokia5110_lcd.o
    0x08002852   0x08002852   0x00000002   PAD
    0x08002854   0x08002854   0x0000003c   Code   RO           23    i.LCD_putChar       nokia5110_lcd.o
    0x08002890   0x08002890   0x0000005c   Code   RO           24    i.LCD_refreshArea   nokia5110_lcd.o
    0x080028ec   0x080028ec   0x0000003c   Code   RO           25    i.LCD_refreshScr    nokia5110_lcd.o
    0x08002928   0x08002928   0x0000004c   Code   RO           26    i.LCD_send          nokia5110_lcd.o
    0x08002974   0x08002974   0x0000000c   Code   RO           27    i.LCD_setCE         nokia5110_lcd.o
    0x08002980   0x08002980   0x0000000c   Code   RO           28    i.LCD_setCLK        nokia5110_lcd.o
    0x0800298c   0x0800298c   0x0000000c   Code   RO           29    i.LCD_setDC         nokia5110_lcd.o
    0x08002998   0x08002998   0x0000000c   Code   RO           30    i.LCD_setDIN        nokia5110_lcd.o
    0x080029a4   0x080029a4   0x00000040   Code   RO           31    i.LCD_setPixel      nokia5110_lcd.o
    0x080029e4   0x080029e4   0x0000000c   Code   RO           32    i.LCD_setRST        nokia5110_lcd.o
    0x080029f0   0x080029f0   0x00000038   Code   RO           33    i.LCD_write         nokia5110_lcd.o
    0x08002a28   0x08002a28   0x00000058   Code   RO          292    i.MX_ADC1_Init      main.o
    0x08002a80   0x08002a80   0x0000005c   Code   RO          293    i.MX_ADC2_Init      main.o
    0x08002adc   0x08002adc   0x00000014   Code   RO          656    i.MX_DriverVbusFS   usbh_platform.o
    0x08002af0   0x08002af0   0x00000184   Code   RO          294    i.MX_GPIO_Init      main.o
    0x08002c74   0x08002c74   0x00000038   Code   RO          295    i.MX_SPI1_Init      main.o
    0x08002cac   0x08002cac   0x00000040   Code   RO          410    i.MX_USB_HOST_Init  usb_host.o
    0x08002cec   0x08002cec   0x0000000c   Code   RO          411    i.MX_USB_HOST_Process  usb_host.o
    0x08002cf8   0x08002cf8   0x00000002   Code   RO          685    i.MemManage_Handler  stm32f4xx_it.o
    0x08002cfa   0x08002cfa   0x00000002   Code   RO          686    i.NMI_Handler       stm32f4xx_it.o
    0x08002cfc   0x08002cfc   0x0000000c   Code   RO          687    i.OTG_FS_IRQHandler  stm32f4xx_it.o
    0x08002d08   0x08002d08   0x00000002   Code   RO          688    i.PendSV_Handler    stm32f4xx_it.o
    0x08002d0a   0x08002d0a   0x00000002   Code   RO          689    i.SVC_Handler       stm32f4xx_it.o
    0x08002d0c   0x08002d0c   0x00000198   Code   RO          296    i.SnakePos          main.o
    0x08002ea4   0x08002ea4   0x00000004   Code   RO          690    i.SysTick_Handler   stm32f4xx_it.o
    0x08002ea8   0x08002ea8   0x0000009c   Code   RO          297    i.SystemClock_Config  main.o
    0x08002f44   0x08002f44   0x0000001c   Code   RO         3796    i.SystemInit        system_stm32f4xx.o
    0x08002f60   0x08002f60   0x00000034   Code   RO         4133    i.USBH_AllocPipe    usbh_pipes.o
    0x08002f94   0x08002f94   0x00000020   Code   RO         4061    i.USBH_BulkReceiveData  usbh_ioreq.o
    0x08002fb4   0x08002fb4   0x00000028   Code   RO         4062    i.USBH_BulkSendData  usbh_ioreq.o
    0x08002fdc   0x08002fdc   0x00000024   Code   RO         4178    i.USBH_CDC_ClassRequest  usbh_cdc.o
    0x08003000   0x08003000   0x0000005e   Code   RO         4181    i.USBH_CDC_InterfaceDeInit  usbh_cdc.o
    0x0800305e   0x0800305e   0x00000134   Code   RO         4182    i.USBH_CDC_InterfaceInit  usbh_cdc.o
    0x08003192   0x08003192   0x00000002   Code   RO         4183    i.USBH_CDC_LineCodingChanged  usbh_cdc.o
    0x08003194   0x08003194   0x000000b8   Code   RO         4184    i.USBH_CDC_Process  usbh_cdc.o
    0x0800324c   0x0800324c   0x00000002   Code   RO         4186    i.USBH_CDC_ReceiveCallback  usbh_cdc.o
    0x0800324e   0x0800324e   0x00000004   Code   RO         4187    i.USBH_CDC_SOFProcess  usbh_cdc.o
    0x08003252   0x08003252   0x00000002   Code   RO         4191    i.USBH_CDC_TransmitCallback  usbh_cdc.o
    0x08003254   0x08003254   0x0000000a   Code   RO         4134    i.USBH_ClosePipe    usbh_pipes.o
    0x0800325e   0x0800325e   0x0000001e   Code   RO         3967    i.USBH_ClrFeature   usbh_ctlreq.o
    0x0800327c   0x0800327c   0x0000001e   Code   RO         4063    i.USBH_CtlReceiveData  usbh_ioreq.o
    0x0800329a   0x0800329a   0x0000003a   Code   RO         3968    i.USBH_CtlReq       usbh_ctlreq.o
    0x080032d4   0x080032d4   0x00000028   Code   RO         4064    i.USBH_CtlSendData  usbh_ioreq.o
    0x080032fc   0x080032fc   0x0000001e   Code   RO         4065    i.USBH_CtlSendSetup  usbh_ioreq.o
    0x0800331a   0x0800331a   0x00000004   Code   RO          483    i.USBH_Delay        usbh_conf.o
    0x0800331e   0x0800331e   0x00000002   PAD
    0x08003320   0x08003320   0x00000044   Code   RO         3835    i.USBH_FindInterface  usbh_core.o
    0x08003364   0x08003364   0x00000018   Code   RO         4135    i.USBH_FreePipe     usbh_pipes.o
    0x0800337c   0x0800337c   0x00000034   Code   RO         3969    i.USBH_GetDescriptor  usbh_ctlreq.o
    0x080033b0   0x080033b0   0x0000000e   Code   RO         3970    i.USBH_GetNextDesc  usbh_ctlreq.o
    0x080033be   0x080033be   0x0000002c   Code   RO         3971    i.USBH_Get_CfgDesc  usbh_ctlreq.o
    0x080033ea   0x080033ea   0x00000090   Code   RO         3972    i.USBH_Get_DevDesc  usbh_ctlreq.o
    0x0800347a   0x0800347a   0x00000048   Code   RO         3973    i.USBH_Get_StringDesc  usbh_ctlreq.o
    0x080034c2   0x080034c2   0x00000018   Code   RO          484    i.USBH_Get_USB_Status  usbh_conf.o
    0x080034da   0x080034da   0x0000018a   Code   RO         3974    i.USBH_HandleControl  usbh_ctlreq.o
    0x08003664   0x08003664   0x000000f2   Code   RO         3838    i.USBH_HandleEnum   usbh_core.o
    0x08003756   0x08003756   0x00000030   Code   RO         3839    i.USBH_Init         usbh_core.o
    0x08003786   0x08003786   0x00000012   Code   RO          485    i.USBH_LL_ClosePipe  usbh_conf.o
    0x08003798   0x08003798   0x0000002a   Code   RO         3841    i.USBH_LL_Connect   usbh_core.o
    0x080037c2   0x080037c2   0x00000038   Code   RO         3842    i.USBH_LL_Disconnect  usbh_core.o
    0x080037fa   0x080037fa   0x0000001a   Code   RO          487    i.USBH_LL_DriverVBUS  usbh_conf.o
    0x08003814   0x08003814   0x00000008   Code   RO          488    i.USBH_LL_GetLastXferSize  usbh_conf.o
    0x0800381c   0x0800381c   0x00000022   Code   RO          489    i.USBH_LL_GetSpeed  usbh_conf.o
    0x0800383e   0x0800383e   0x00000008   Code   RO          491    i.USBH_LL_GetURBState  usbh_conf.o
    0x08003846   0x08003846   0x0000001e   Code   RO         3843    i.USBH_LL_IncTimer  usbh_core.o
    0x08003864   0x08003864   0x00000050   Code   RO          492    i.USBH_LL_Init      usbh_conf.o
    0x080038b4   0x080038b4   0x0000001c   Code   RO          493    i.USBH_LL_OpenPipe  usbh_conf.o
    0x080038d0   0x080038d0   0x00000008   Code   RO         3844    i.USBH_LL_PortDisabled  usbh_core.o
    0x080038d8   0x080038d8   0x00000008   Code   RO         3845    i.USBH_LL_PortEnabled  usbh_core.o
    0x080038e0   0x080038e0   0x00000012   Code   RO          494    i.USBH_LL_ResetPort  usbh_conf.o
    0x080038f2   0x080038f2   0x00000006   Code   RO         3846    i.USBH_LL_SetTimer  usbh_core.o
    0x080038f8   0x080038f8   0x00000020   Code   RO          495    i.USBH_LL_SetToggle  usbh_conf.o
    0x08003918   0x08003918   0x00000012   Code   RO          496    i.USBH_LL_Start     usbh_conf.o
    0x0800392a   0x0800392a   0x00000012   Code   RO          497    i.USBH_LL_Stop      usbh_conf.o
    0x0800393c   0x0800393c   0x00000022   Code   RO          498    i.USBH_LL_SubmitURB  usbh_conf.o
    0x0800395e   0x0800395e   0x00000014   Code   RO         4136    i.USBH_OpenPipe     usbh_pipes.o
    0x08003972   0x08003972   0x000000dc   Code   RO         3975    i.USBH_ParseCfgDesc  usbh_ctlreq.o
    0x08003a4e   0x08003a4e   0x000001a0   Code   RO         3847    i.USBH_Process      usbh_core.o
    0x08003bee   0x08003bee   0x0000001c   Code   RO         3849    i.USBH_RegisterClass  usbh_core.o
    0x08003c0a   0x08003c0a   0x00000016   Code   RO         3850    i.USBH_SelectInterface  usbh_core.o
    0x08003c20   0x08003c20   0x0000001c   Code   RO         3976    i.USBH_SetAddress   usbh_ctlreq.o
    0x08003c3c   0x08003c3c   0x0000001c   Code   RO         3977    i.USBH_SetCfg       usbh_ctlreq.o
    0x08003c58   0x08003c58   0x0000001c   Code   RO         3978    i.USBH_SetFeature   usbh_ctlreq.o
    0x08003c74   0x08003c74   0x00000014   Code   RO         3851    i.USBH_Start        usbh_core.o
    0x08003c88   0x08003c88   0x00000020   Code   RO          412    i.USBH_UserProcess  usb_host.o
    0x08003ca8   0x08003ca8   0x00000074   Code   RO         1027    i.USB_CoreInit      stm32f4xx_ll_usb.o
    0x08003d1c   0x08003d1c   0x00000038   Code   RO         1028    i.USB_CoreReset     stm32f4xx_ll_usb.o
    0x08003d54   0x08003d54   0x0000000c   Code   RO         1035    i.USB_DisableGlobalInt  stm32f4xx_ll_usb.o
    0x08003d60   0x08003d60   0x00000024   Code   RO         1036    i.USB_DoPing        stm32f4xx_ll_usb.o
    0x08003d84   0x08003d84   0x0000002c   Code   RO         1037    i.USB_DriveVbus     stm32f4xx_ll_usb.o
    0x08003db0   0x08003db0   0x0000000c   Code   RO         1043    i.USB_EnableGlobalInt  stm32f4xx_ll_usb.o
    0x08003dbc   0x08003dbc   0x00000020   Code   RO         1044    i.USB_FlushRxFifo   stm32f4xx_ll_usb.o
    0x08003ddc   0x08003ddc   0x00000024   Code   RO         1045    i.USB_FlushTxFifo   stm32f4xx_ll_usb.o
    0x08003e00   0x08003e00   0x00000008   Code   RO         1046    i.USB_GetCurrentFrame  stm32f4xx_ll_usb.o
    0x08003e08   0x08003e08   0x0000000e   Code   RO         1048    i.USB_GetHostSpeed  stm32f4xx_ll_usb.o
    0x08003e16   0x08003e16   0x00000008   Code   RO         1049    i.USB_GetMode       stm32f4xx_ll_usb.o
    0x08003e1e   0x08003e1e   0x000000c2   Code   RO         1050    i.USB_HC_Halt       stm32f4xx_ll_usb.o
    0x08003ee0   0x08003ee0   0x000000f0   Code   RO         1051    i.USB_HC_Init       stm32f4xx_ll_usb.o
    0x08003fd0   0x08003fd0   0x00000008   Code   RO         1052    i.USB_HC_ReadInterrupt  stm32f4xx_ll_usb.o
    0x08003fd8   0x08003fd8   0x00000150   Code   RO         1053    i.USB_HC_StartXfer  stm32f4xx_ll_usb.o
    0x08004128   0x08004128   0x000000d8   Code   RO         1054    i.USB_HostInit      stm32f4xx_ll_usb.o
    0x08004200   0x08004200   0x00000036   Code   RO         1055    i.USB_InitFSLSPClkSel  stm32f4xx_ll_usb.o
    0x08004236   0x08004236   0x00000008   Code   RO         1060    i.USB_ReadInterrupts  stm32f4xx_ll_usb.o
    0x0800423e   0x0800423e   0x0000001c   Code   RO         1061    i.USB_ReadPacket    stm32f4xx_ll_usb.o
    0x0800425a   0x0800425a   0x00000032   Code   RO         1062    i.USB_ResetPort     stm32f4xx_ll_usb.o
    0x0800428c   0x0800428c   0x0000002e   Code   RO         1063    i.USB_SetCurrentMode  stm32f4xx_ll_usb.o
    0x080042ba   0x080042ba   0x00000002   PAD
    0x080042bc   0x080042bc   0x0000007e   Code   RO         1068    i.USB_StopHost      stm32f4xx_ll_usb.o
    0x0800433a   0x0800433a   0x00000024   Code   RO         1069    i.USB_WritePacket   stm32f4xx_ll_usb.o
    0x0800435e   0x0800435e   0x00000002   Code   RO          691    i.UsageFault_Handler  stm32f4xx_it.o
    0x08004360   0x08004360   0x00000028   Code   RO         4352    i.__0sprintf$1      mc_w.l(printf1.o)
    0x08004388   0x08004388   0x00000020   Code   RO         2079    i.__NVIC_SetPriority  stm32f4xx_hal_cortex.o
    0x080043a8   0x080043a8   0x0000000e   Code   RO         4646    i.__scatterload_copy  mc_w.l(handlers.o)
    0x080043b6   0x080043b6   0x00000002   Code   RO         4647    i.__scatterload_null  mc_w.l(handlers.o)
    0x080043b8   0x080043b8   0x0000000e   Code   RO         4648    i.__scatterload_zeroinit  mc_w.l(handlers.o)
    0x080043c6   0x080043c6   0x00000002   PAD
    0x080043c8   0x080043c8   0x00000154   Code   RO         4357    i._printf_core      mc_w.l(printf1.o)
    0x0800451c   0x0800451c   0x0000000a   Code   RO         4359    i._sputc            mc_w.l(printf1.o)
    0x08004526   0x08004526   0x00000076   Code   RO          298    i.drawFood          main.o
    0x0800459c   0x0800459c   0x000000e0   Code   RO          300    i.drawTablero       main.o
    0x0800467c   0x0800467c   0x00000050   Code   RO         4566    i.free              mc_w.l(malloc.o)
    0x080046cc   0x080046cc   0x00000150   Code   RO          301    i.main              main.o
    0x0800481c   0x0800481c   0x0000006c   Code   RO         4567    i.malloc            mc_w.l(malloc.o)
    0x08004888   0x08004888   0x00000240   Data   RO           36    .constdata          nokia5110_lcd.o
    0x08004ac8   0x08004ac8   0x00000010   Data   RO         3797    .constdata          system_stm32f4xx.o
    0x08004ad8   0x08004ad8   0x00000008   Data   RO         3798    .constdata          system_stm32f4xx.o
    0x08004ae0   0x08004ae0   0x00000004   Data   RO         4192    .conststring        usbh_cdc.o
    0x08004ae4   0x08004ae4   0x00000020   Data   RO         4644    Region$$Table       anon$$obj.o


    Execution Region RW_IRAM1 (Exec base: 0x20000000, Load base: 0x08004b04, Size: 0x00001080, Max: 0x00020000, ABSOLUTE)

    Exec Addr    Load Addr    Size         Type   Attr      Idx    E Section Name        Object

    0x20000000   0x08004b04   0x00000003   Data   RW          303    .data               main.o
    0x20000003   0x08004b07   0x00000001   Data   RW          414    .data               usb_host.o
    0x20000004   0x08004b08   0x00000004   Data   RW         1070    .data               stm32f4xx_ll_usb.o
    0x20000008   0x08004b0c   0x0000000c   Data   RW         2223    .data               stm32f4xx_hal.o
    0x20000014   0x08004b18   0x00000004   Data   RW         3799    .data               system_stm32f4xx.o
    0x20000018   0x08004b1c   0x00000020   Data   RW         4193    .data               usbh_cdc.o
    0x20000038   0x08004b3c   0x00000004   Data   RW         4297    .data               mc_w.l(rand.o)
    0x2000003c   0x08004b40   0x00000004   Data   RW         4629    .data               mc_w.l(mvars.o)
    0x20000040   0x08004b44   0x00000004   Data   RW         4630    .data               mc_w.l(mvars.o)
    0x20000044        -       0x00000224   Zero   RW           35    .bss                nokia5110_lcd.o
    0x20000268        -       0x00000184   Zero   RW          302    .bss                main.o
    0x200003ec        -       0x000003cc   Zero   RW          413    .bss                usb_host.o
    0x200007b8        -       0x000002c4   Zero   RW          499    .bss                usbh_conf.o
    0x20000a7c   0x08004b48   0x00000004   PAD
    0x20000a80        -       0x00000200   Zero   RW            2    HEAP                startup_stm32f407xx.o
    0x20000c80        -       0x00000400   Zero   RW            1    STACK               startup_stm32f407xx.o


==============================================================================

Image component sizes


      Code (inc. data)   RO Data    RW Data    ZI Data      Debug   Object Name

      2014        158          0          3        388      10993   main.o
       774         74        576          0        548     705362   nokia5110_lcd.o
        36          8        392          0       1536        852   startup_stm32f407xx.o
       180         28          0         12          0       9541   stm32f4xx_hal.o
      1288         56          0          0          0       7072   stm32f4xx_hal_adc.o
         2          0          0          0          0       1017   stm32f4xx_hal_adc_ex.o
       198         14          0          0          0      34055   stm32f4xx_hal_cortex.o
       488         52          0          0          0       3736   stm32f4xx_hal_gpio.o
      2268          4          0          0          0      14009   stm32f4xx_hal_hcd.o
       392         16          0          0          0       3083   stm32f4xx_hal_i2c.o
       620         18          0          0          0       4269   stm32f4xx_hal_i2s.o
       694         24          0          0          0       3835   stm32f4xx_hal_i2s_ex.o
       564         66          0          0          0       3974   stm32f4xx_hal_msp.o
      1296         66          0          0          0       4721   stm32f4xx_hal_rcc.o
       408         36          0          0          0       2329   stm32f4xx_hal_rcc_ex.o
       128          0          0          0          0       1199   stm32f4xx_hal_spi.o
        84         20          0          0          0       5722   stm32f4xx_it.o
      1716         52          0          4          0      18609   stm32f4xx_ll_usb.o
        28          6         24          4          0       1179   system_stm32f4xx.o
       108         22          0          1        972       9874   usb_host.o
       872          6          4         32          0      12980   usbh_cdc.o
       544         16          0          0        708      13161   usbh_conf.o
      1066         20          0          0          0      11256   usbh_core.o
      1112         12          0          0          0      10826   usbh_ctlreq.o
       172          0          0          0          0       4464   usbh_ioreq.o
       106          0          0          0          0       3450   usbh_pipes.o
        20          4          0          0          0        538   usbh_platform.o

    ----------------------------------------------------------------------
     17194        778       1028         56       4156     902106   Object Totals
         0          0         32          0          0          0   (incl. Generated)
        16          0          0          0          4          0   (incl. Padding)

    ----------------------------------------------------------------------

      Code (inc. data)   RO Data    RW Data    ZI Data      Debug   Library Member Name

         0          0          0          0          0          0   entry.o
         0          0          0          0          0          0   entry10a.o
         0          0          0          0          0          0   entry11a.o
         8          4          0          0          0          0   entry2.o
         4          0          0          0          0          0   entry5.o
         0          0          0          0          0          0   entry7b.o
         0          0          0          0          0          0   entry8b.o
         8          4          0          0          0          0   entry9a.o
        30          0          0          0          0          0   handlers.o
        36          8          0          0          0         68   init.o
        30          0          0          0          0         68   llshl.o
        32          0          0          0          0         68   llushr.o
       188         20          0          0          0        160   malloc.o
        36          0          0          0          0         68   memcpya.o
        36          0          0          0          0        108   memseta.o
         0          0          0          8          0          0   mvars.o
       390         10          0          0          0        252   printf1.o
        36         10          0          4          0        136   rand.o
        44          0          0          0          0         80   uidiv.o
        98          0          0          0          0         92   uldiv.o

    ----------------------------------------------------------------------
       982         56          0         12          0       1100   Library Totals
         6          0          0          0          0          0   (incl. Padding)

    ----------------------------------------------------------------------

      Code (inc. data)   RO Data    RW Data    ZI Data      Debug   Library Name

       976         56          0         12          0       1100   mc_w.l

    ----------------------------------------------------------------------
       982         56          0         12          0       1100   Library Totals

    ----------------------------------------------------------------------

==============================================================================


      Code (inc. data)   RO Data    RW Data    ZI Data      Debug   

     18176        834       1028         68       4156     883942   Grand Totals
     18176        834       1028         68       4156     883942   ELF Image Totals
     18176        834       1028         68          0          0   ROM Totals

==============================================================================

    Total RO  Size (Code + RO Data)                19204 (  18.75kB)
    Total RW  Size (RW Data + ZI Data)              4224 (   4.13kB)
    Total ROM Size (Code + RO Data + RW Data)      19272 (  18.82kB)

==============================================================================

